Component: ARM Compiler 5.06 update 7 for Certification (build 960) Tool: armlink [4d3601]

==============================================================================

Section Cross References

    main.o(.text) refers to misc.o(.text) for NVIC_PriorityGroupConfig
    main.o(.text) refers to delay.o(.text) for delay_init
    main.o(.text) refers to usart.o(.text) for uart_init
    main.o(.text) refers to led.o(.text) for LED_Init
    main.o(.text) refers to lcd.o(.text) for LCD_Init
    main.o(.text) refers to 24cxx.o(.text) for AT24CXX_Init
    main.o(.text) refers to myiic.o(.text) for IIC1_Init
    main.o(.text) refers to key.o(.text) for KEY_Init
    main.o(.text) refers to exti.o(.text) for EXTIX_Init
    main.o(.text) refers to timer.o(.text) for TIM3_Int_Init
    main.o(.text) refers to stm32f4xx_tim.o(.text) for TIM_GetITStatus
    main.o(.text) refers to stm32f4xx_gpio.o(.text) for GPIO_ReadInputDataBit
    main.o(.text) refers to stm32f4xx_exti.o(.text) for EXTI_ClearITPendingBit
    main.o(.text) refers to main.o(.data) for lrOrUd
    system_stm32f4xx.o(.text) refers to system_stm32f4xx.o(.data) for SystemCoreClock
    led.o(.text) refers to stm32f4xx_rcc.o(.text) for RCC_AHB1PeriphClockCmd
    led.o(.text) refers to stm32f4xx_gpio.o(.text) for GPIO_Init
    lcd.o(.text) refers to _printf_percent.o(.ARM.Collect$$_printf_percent$$00000000) for _printf_percent
    lcd.o(.text) refers to _printf_x.o(.ARM.Collect$$_printf_percent$$0000000C) for _printf_x
    lcd.o(.text) refers to _printf_hex_int.o(.text) for _printf_longlong_hex
    lcd.o(.text) refers to delay.o(.text) for delay_us
    lcd.o(.text) refers to lcd.o(.bss) for lcddev
    lcd.o(.text) refers to lcd.o(.data) for POINT_COLOR
    lcd.o(.text) refers to dflt_clz.o(x$fpl$dfltu) for __aeabi_ui2d
    lcd.o(.text) refers to dmul.o(x$fpl$dmul) for __aeabi_dmul
    lcd.o(.text) refers to dfixu.o(x$fpl$dfixu) for __aeabi_d2uiz
    lcd.o(.text) refers to stm32f4xx_rcc.o(.text) for RCC_AHB1PeriphClockCmd
    lcd.o(.text) refers to stm32f4xx_gpio.o(.text) for GPIO_Init
    lcd.o(.text) refers to stm32f4xx_fsmc.o(.text) for FSMC_NORSRAMInit
    lcd.o(.text) refers to noretval__2printf.o(.text) for __2printf
    lcd.o(.text) refers to lcd.o(.constdata) for asc2_1206
    key.o(.text) refers to stm32f4xx_rcc.o(.text) for RCC_AHB1PeriphClockCmd
    key.o(.text) refers to stm32f4xx_gpio.o(.text) for GPIO_Init
    key.o(.text) refers to delay.o(.text) for delay_ms
    key.o(.text) refers to key.o(.data) for key_up
    myiic.o(.text) refers to stm32f4xx_rcc.o(.text) for RCC_AHB1PeriphClockCmd
    myiic.o(.text) refers to stm32f4xx_gpio.o(.text) for GPIO_Init
    myiic.o(.text) refers to delay.o(.text) for delay_us
    myiic.o(.text) refers to myiic.o(.constdata) for F6x8
    24cxx.o(.text) refers to myiic.o(.text) for IIC_Init
    24cxx.o(.text) refers to delay.o(.text) for delay_ms
    timer.o(.text) refers to stm32f4xx_rcc.o(.text) for RCC_APB1PeriphClockCmd
    timer.o(.text) refers to stm32f4xx_tim.o(.text) for TIM_TimeBaseInit
    timer.o(.text) refers to misc.o(.text) for NVIC_Init
    exti.o(.text) refers to key.o(.text) for KEY_Init
    exti.o(.text) refers to stm32f4xx_rcc.o(.text) for RCC_APB2PeriphClockCmd
    exti.o(.text) refers to stm32f4xx_syscfg.o(.text) for SYSCFG_EXTILineConfig
    exti.o(.text) refers to stm32f4xx_exti.o(.text) for EXTI_Init
    exti.o(.text) refers to misc.o(.text) for NVIC_Init
    delay.o(.text) refers to misc.o(.text) for SysTick_CLKSourceConfig
    delay.o(.text) refers to delay.o(.data) for fac_us
    usart.o(.rev16_text) refers (Special) to use_no_semi_2.o(.text) for __use_no_semihosting
    usart.o(.revsh_text) refers (Special) to use_no_semi_2.o(.text) for __use_no_semihosting
    usart.o(.text) refers (Special) to use_no_semi_2.o(.text) for __use_no_semihosting
    usart.o(.text) refers to stm32f4xx_rcc.o(.text) for RCC_AHB1PeriphClockCmd
    usart.o(.text) refers to stm32f4xx_gpio.o(.text) for GPIO_PinAFConfig
    usart.o(.text) refers to stm32f4xx_usart.o(.text) for USART_Init
    usart.o(.text) refers to misc.o(.text) for NVIC_Init
    usart.o(.text) refers to usart.o(.data) for USART_RX_STA
    usart.o(.text) refers to usart.o(.bss) for USART_RX_BUF
    usart.o(.bss) refers (Special) to use_no_semi_2.o(.text) for __use_no_semihosting
    usart.o(.data) refers (Special) to use_no_semi_2.o(.text) for __use_no_semihosting
    startup_stm32f40_41xxx.o(STACK) refers (Special) to heapauxi.o(.text) for __use_two_region_memory
    startup_stm32f40_41xxx.o(HEAP) refers (Special) to heapauxi.o(.text) for __use_two_region_memory
    startup_stm32f40_41xxx.o(RESET) refers (Special) to heapauxi.o(.text) for __use_two_region_memory
    startup_stm32f40_41xxx.o(RESET) refers to startup_stm32f40_41xxx.o(STACK) for __initial_sp
    startup_stm32f40_41xxx.o(RESET) refers to startup_stm32f40_41xxx.o(.text) for Reset_Handler
    startup_stm32f40_41xxx.o(RESET) refers to stm32f4xx_it.o(.text) for NMI_Handler
[...]
    ../clib/signal.c                         0x00000000   Number         0  defsig_rtmem_formal.o ABSOLUTE
    ../clib/signal.c                         0x00000000   Number         0  defsig_general.o ABSOLUTE
    ../clib/signal.c                         0x00000000   Number         0  __raise.o ABSOLUTE
    ../clib/signal.c                         0x00000000   Number         0  defsig_rtmem_inner.o ABSOLUTE
    ../clib/signal.c                         0x00000000   Number         0  defsig_exit.o ABSOLUTE
    ../clib/signal.c                         0x00000000   Number         0  defsig_abrt_inner.o ABSOLUTE
    ../clib/signal.c                         0x00000000   Number         0  defsig_cppl_inner.o ABSOLUTE
    ../clib/signal.c                         0x00000000   Number         0  defsig_rtmem_outer.o ABSOLUTE
    ../clib/signal.s                         0x00000000   Number         0  defsig.o ABSOLUTE
    ../clib/stdio.c                          0x00000000   Number         0  ferror_locked.o ABSOLUTE
    ../clib/stdio.c                          0x00000000   Number         0  ferror.o ABSOLUTE
    ../clib/stdlib.c                         0x00000000   Number         0  exit.o ABSOLUTE
    ../fplib/dfixu.s                         0x00000000   Number         0  dfixu.o ABSOLUTE
    ../fplib/dflt.s                          0x00000000   Number         0  dflt_clz.o ABSOLUTE
    ../fplib/dmul.s                          0x00000000   Number         0  dmul.o ABSOLUTE
    ../fplib/dnaninf.s                       0x00000000   Number         0  dnaninf.o ABSOLUTE
    ../fplib/dretinf.s                       0x00000000   Number         0  dretinf.o ABSOLUTE
    ../fplib/fpinit.s                        0x00000000   Number         0  fpinit.o ABSOLUTE
    ../fplib/usenofp.s                       0x00000000   Number         0  usenofp.o ABSOLUTE
    ..\CORE\startup_stm32f40_41xxx.s         0x00000000   Number         0  startup_stm32f40_41xxx.o ABSOLUTE
    ..\FWLIB\src\misc.c                      0x00000000   Number         0  misc.o ABSOLUTE
    ..\FWLIB\src\stm32f4xx_exti.c            0x00000000   Number         0  stm32f4xx_exti.o ABSOLUTE
    ..\FWLIB\src\stm32f4xx_fsmc.c            0x00000000   Number         0  stm32f4xx_fsmc.o ABSOLUTE
    ..\FWLIB\src\stm32f4xx_gpio.c            0x00000000   Number         0  stm32f4xx_gpio.o ABSOLUTE
    ..\FWLIB\src\stm32f4xx_rcc.c             0x00000000   Number         0  stm32f4xx_rcc.o ABSOLUTE
    ..\FWLIB\src\stm32f4xx_syscfg.c          0x00000000   Number         0  stm32f4xx_syscfg.o ABSOLUTE
    ..\FWLIB\src\stm32f4xx_tim.c             0x00000000   Number         0  stm32f4xx_tim.o ABSOLUTE
    ..\FWLIB\src\stm32f4xx_usart.c           0x00000000   Number         0  stm32f4xx_usart.o ABSOLUTE
    ..\HARDWARE\24CXX\24cxx.c                0x00000000   Number         0  24cxx.o ABSOLUTE
    ..\HARDWARE\EXTI\exti.c                  0x00000000   Number         0  exti.o ABSOLUTE
    ..\HARDWARE\IIC\myiic.c                  0x00000000   Number         0  myiic.o ABSOLUTE
    ..\HARDWARE\KEY\key.c                    0x00000000   Number         0  key.o ABSOLUTE
    ..\HARDWARE\LCD\lcd.c                    0x00000000   Number         0  lcd.o ABSOLUTE
    ..\HARDWARE\LED\led.c                    0x00000000   Number         0  led.o ABSOLUTE
    ..\HARDWARE\TIMER\timer.c                0x00000000   Number         0  timer.o ABSOLUTE
    ..\SYSTEM\delay\delay.c                  0x00000000   Number         0  delay.o ABSOLUTE
    ..\SYSTEM\sys\sys.c                      0x00000000   Number         0  sys.o ABSOLUTE
    ..\SYSTEM\usart\usart.c                  0x00000000   Number         0  usart.o ABSOLUTE
    ..\\FWLIB\\src\\misc.c                   0x00000000   Number         0  misc.o ABSOLUTE
    ..\\FWLIB\\src\\stm32f4xx_exti.c         0x00000000   Number         0  stm32f4xx_exti.o ABSOLUTE
    ..\\FWLIB\\src\\stm32f4xx_fsmc.c         0x00000000   Number         0  stm32f4xx_fsmc.o ABSOLUTE
    ..\\FWLIB\\src\\stm32f4xx_gpio.c         0x00000000   Number         0  stm32f4xx_gpio.o ABSOLUTE
    ..\\FWLIB\\src\\stm32f4xx_rcc.c          0x00000000   Number         0  stm32f4xx_rcc.o ABSOLUTE
    ..\\FWLIB\\src\\stm32f4xx_syscfg.c       0x00000000   Number         0  stm32f4xx_syscfg.o ABSOLUTE
    ..\\FWLIB\\src\\stm32f4xx_tim.c          0x00000000   Number         0  stm32f4xx_tim.o ABSOLUTE
    ..\\FWLIB\\src\\stm32f4xx_usart.c        0x00000000   Number         0  stm32f4xx_usart.o ABSOLUTE
    ..\\HARDWARE\\24CXX\\24cxx.c             0x00000000   Number         0  24cxx.o ABSOLUTE
    ..\\HARDWARE\\EXTI\\exti.c               0x00000000   Number         0  exti.o ABSOLUTE
    ..\\HARDWARE\\IIC\\myiic.c               0x00000000   Number         0  myiic.o ABSOLUTE
    ..\\HARDWARE\\KEY\\key.c                 0x00000000   Number         0  key.o ABSOLUTE
    ..\\HARDWARE\\LCD\\lcd.c                 0x00000000   Number         0  lcd.o ABSOLUTE
    ..\\HARDWARE\\LED\\led.c                 0x00000000   Number         0  led.o ABSOLUTE
    ..\\HARDWARE\\TIMER\\timer.c             0x00000000   Number         0  timer.o ABSOLUTE
    ..\\SYSTEM\\delay\\delay.c               0x00000000   Number         0  delay.o ABSOLUTE
    ..\\SYSTEM\\sys\\sys.c                   0x00000000   Number         0  sys.o ABSOLUTE
    ..\\SYSTEM\\usart\\usart.c               0x00000000   Number         0  usart.o ABSOLUTE
    dc.s                                     0x00000000   Number         0  dc.o ABSOLUTE
    main.c                                   0x00000000   Number         0  main.o ABSOLUTE
    main.c                                   0x00000000   Number         0  main.o ABSOLUTE
    stm32f4xx_it.c                           0x00000000   Number         0  stm32f4xx_it.o ABSOLUTE
    stm32f4xx_it.c                           0x00000000   Number         0  stm32f4xx_it.o ABSOLUTE
    system_stm32f4xx.c                       0x00000000   Number         0  system_stm32f4xx.o ABSOLUTE
    system_stm32f4xx.c                       0x00000000   Number         0  system_stm32f4xx.o ABSOLUTE
    RESET                                    0x08000000   Section      392  startup_stm32f40_41xxx.o(RESET)
    !!!main                                  0x08000188   Section        8  __main.o(!!!main)
    !!!scatter                               0x08000190   Section       52  __scatter.o(!!!scatter)
    !!dczerorl2                              0x080001c4   Section       90  __dczerorl2.o(!!dczerorl2)
    !!handler_zi                             0x08000220   Section       28  __scatter_zi.o(!!handler_zi)
    .ARM.Collect$$_printf_percent$$00000000  0x0800023c   Section        0  _printf_percent.o(.ARM.Collect$$_printf_percent$$00000000)
    .ARM.Collect$$_printf_percent$$0000000C  0x0800023c   Section        6  _printf_x.o(.ARM.Collect$$_printf_percent$$0000000C)
    .ARM.Collect$$_printf_percent$$00000017  0x08000242   Section        4  _printf_percent_end.o(.ARM.Collect$$_printf_percent$$00000017)
    .ARM.Collect$$libinit$$00000000          0x08000246   Section        2  libinit.o(.ARM.Collect$$libinit$$00000000)
    .ARM.Collect$$libinit$$00000001          0x08000248   Section        4  libinit2.o(.ARM.Collect$$libinit$$00000001)
    .ARM.Collect$$libinit$$00000004          0x0800024c   Section        0  libinit2.o(.ARM.Collect$$libinit$$00000004)
    .ARM.Collect$$libinit$$0000000A          0x0800024c   Section        0  libinit2.o(.ARM.Collect$$libinit$$0000000A)
    .ARM.Collect$$libinit$$0000000C          0x0800024c   Section        0  libinit2.o(.ARM.Collect$$libinit$$0000000C)
    .ARM.Collect$$libinit$$0000000E          0x0800024c   Section        0  libinit2.o(.ARM.Collect$$libinit$$0000000E)
    .ARM.Collect$$libinit$$00000011          0x0800024c   Section        0  libinit2.o(.ARM.Collect$$libinit$$00000011)
    .ARM.Collect$$libinit$$00000013          0x0800024c   Section        0  libinit2.o(.ARM.Collect$$libinit$$00000013)
    .ARM.Collect$$libinit$$00000015          0x0800024c   Section        0  libinit2.o(.ARM.Collect$$libinit$$00000015)
    .ARM.Collect$$libinit$$00000017          0x0800024c   Section        0  libinit2.o(.ARM.Collect$$libinit$$00000017)
    .ARM.Collect$$libinit$$00000019          0x0800024c   Section        0  libinit2.o(.ARM.Collect$$libinit$$00000019)
    .ARM.Collect$$libinit$$0000001B          0x0800024c   Section        0  libinit2.o(.ARM.Collect$$libinit$$0000001B)
    .ARM.Collect$$libinit$$0000001D          0x0800024c   Section        0  libinit2.o(.ARM.Collect$$libinit$$0000001D)
    .ARM.Collect$$libinit$$0000001F          0x0800024c   Section        0  libinit2.o(.ARM.Collect$$libinit$$0000001F)
    .ARM.Collect$$libinit$$00000021          0x0800024c   Section        0  libinit2.o(.ARM.Collect$$libinit$$00000021)
    .ARM.Collect$$libinit$$00000023          0x0800024c   Section        0  libinit2.o(.ARM.Collect$$libinit$$00000023)
    .ARM.Collect$$libinit$$00000025          0x0800024c   Section        0  libinit2.o(.ARM.Collect$$libinit$$00000025)
    .ARM.Collect$$libinit$$0000002C          0x0800024c   Section        0  libinit2.o(.ARM.Collect$$libinit$$0000002C)
    .ARM.Collect$$libinit$$0000002E          0x0800024c   Section        0  libinit2.o(.ARM.Collect$$libinit$$0000002E)
    .ARM.Collect$$libinit$$00000030          0x0800024c   Section        0  libinit2.o(.ARM.Collect$$libinit$$00000030)
    .ARM.Collect$$libinit$$00000032          0x0800024c   Section        0  libinit2.o(.ARM.Collect$$libinit$$00000032)
    .ARM.Collect$$libinit$$00000033          0x0800024c   Section        2  libinit2.o(.ARM.Collect$$libinit$$00000033)
    .ARM.Collect$$libshutdown$$00000000      0x0800024e   Section        2  libshutdown.o(.ARM.Collect$$libshutdown$$00000000)
    .ARM.Collect$$libshutdown$$00000002      0x08000250   Section        0  libshutdown2.o(.ARM.Collect$$libshutdown$$00000002)
    .ARM.Collect$$libshutdown$$00000004      0x08000250   Section        0  libshutdown2.o(.ARM.Collect$$libshutdown$$00000004)
    .ARM.Collect$$libshutdown$$00000006      0x08000250   Section        0  libshutdown2.o(.ARM.Collect$$libshutdown$$00000006)
    .ARM.Collect$$libshutdown$$00000009      0x08000250   Section        0  libshutdown2.o(.ARM.Collect$$libshutdown$$00000009)
    .ARM.Collect$$libshutdown$$0000000C      0x08000250   Section        0  libshutdown2.o(.ARM.Collect$$libshutdown$$0000000C)
    .ARM.Collect$$libshutdown$$0000000E      0x08000250   Section        0  libshutdown2.o(.ARM.Collect$$libshutdown$$0000000E)
    .ARM.Collect$$libshutdown$$00000011      0x08000250   Section        0  libshutdown2.o(.ARM.Collect$$libshutdown$$00000011)
    .ARM.Collect$$libshutdown$$00000012      0x08000250   Section        2  libshutdown2.o(.ARM.Collect$$libshutdown$$00000012)
    .ARM.Collect$$rtentry$$00000000          0x08000252   Section        0  __rtentry.o(.ARM.Collect$$rtentry$$00000000)
    .ARM.Collect$$rtentry$$00000002          0x08000252   Section        0  __rtentry2.o(.ARM.Collect$$rtentry$$00000002)
    .ARM.Collect$$rtentry$$00000004          0x08000252   Section        6  __rtentry4.o(.ARM.Collect$$rtentry$$00000004)
    .ARM.Collect$$rtentry$$00000009          0x08000258   Section        0  __rtentry2.o(.ARM.Collect$$rtentry$$00000009)
    .ARM.Collect$$rtentry$$0000000A          0x08000258   Section        4  __rtentry2.o(.ARM.Collect$$rtentry$$0000000A)
    .ARM.Collect$$rtentry$$0000000C          0x0800025c   Section        0  __rtentry2.o(.ARM.Collect$$rtentry$$0000000C)
    .ARM.Collect$$rtentry$$0000000D          0x0800025c   Section        8  __rtentry2.o(.ARM.Collect$$rtentry$$0000000D)
    .ARM.Collect$$rtexit$$00000000           0x08000264   Section        2  rtexit.o(.ARM.Collect$$rtexit$$00000000)
    .ARM.Collect$$rtexit$$00000002           0x08000266   Section        0  rtexit2.o(.ARM.Collect$$rtexit$$00000002)
    .ARM.Collect$$rtexit$$00000003           0x08000266   Section        4  rtexit2.o(.ARM.Collect$$rtexit$$00000003)
    .ARM.Collect$$rtexit$$00000004           0x0800026a   Section        6  rtexit2.o(.ARM.Collect$$rtexit$$00000004)
    .text                                    0x08000270   Section        0  main.o(.text)
    .text                                    0x08000598   Section        0  stm32f4xx_it.o(.text)
    .text                                    0x080005b4   Section        0  system_stm32f4xx.o(.text)
    SetSysClock                              0x080005b5   Thumb Code   220  system_stm32f4xx.o(.text)
    .text                                    0x080007c4   Section        0  led.o(.text)
    .text                                    0x08000804   Section        0  lcd.o(.text)
    .text                                    0x08005484   Section        0  key.o(.text)
    .text                                    0x08005588   Section        0  myiic.o(.text)
    .text                                    0x08005ed8   Section        0  24cxx.o(.text)
    .text                                    0x08006054   Section        0  timer.o(.text)
    .text                                    0x080060b0   Section        0  exti.o(.text)
    .text                                    0x08006190   Section        0  delay.o(.text)
    .text                                    0x08006294   Section        0  usart.o(.text)
    .text                                    0x080063e0   Section       64  startup_stm32f40_41xxx.o(.text)
    $v0                                      0x080063e0   Number         0  startup_stm32f40_41xxx.o(.text)
    .text                                    0x08006420   Section        0  misc.o(.text)
    .text                                    0x08006500   Section        0  stm32f4xx_gpio.o(.text)
    .text                                    0x08006794   Section        0  stm32f4xx_fsmc.o(.text)
    .text                                    0x08006d5c   Section        0  stm32f4xx_rcc.o(.text)
    .text                                    0x080073b8   Section        0  stm32f4xx_syscfg.o(.text)
    .text                                    0x0800744c   Section        0  stm32f4xx_usart.o(.text)
    .text                                    0x080078a0   Section        0  stm32f4xx_tim.o(.text)
    TI4_Config                               0x0800803f   Thumb Code    80  stm32f4xx_tim.o(.text)
    TI3_Config                               0x080080a1   Thumb Code    72  stm32f4xx_tim.o(.text)
    TI2_Config                               0x08008103   Thumb Code    90  stm32f4xx_tim.o(.text)
    TI1_Config                               0x0800816f   Thumb Code    58  stm32f4xx_tim.o(.text)
    .text                                    0x08008544   Section        0  stm32f4xx_exti.o(.text)
    .text                                    0x08008654   Section        2  use_no_semi_2.o(.text)
    .text                                    0x08008658   Section        0  noretval__2printf.o(.text)
    .text                                    0x08008670   Section        0  __printf.o(.text)
    .text                                    0x080086d8   Section        0  _printf_hex_int.o(.text)
    .text                                    0x08008730   Section        0  heapauxi.o(.text)
    .text                                    0x08008736   Section        2  use_no_semi.o(.text)
    .text                                    0x08008738   Section        0  _printf_intcommon.o(.text)
    .text                                    0x080087ec   Section        0  _printf_char_file.o(.text)
    .text                                    0x08008810   Section        0  _printf_char_common.o(.text)
    _printf_input_char                       0x08008811   Thumb Code    10  _printf_char_common.o(.text)
    .text                                    0x08008840   Section        0  ferror.o(.text)
    .text                                    0x08008848   Section       74  sys_stackheap_outer.o(.text)
    .text                                    0x08008892   Section        0  exit.o(.text)
    .text                                    0x080088a4   Section        8  libspace.o(.text)
    x$fpl$dfixu                              0x080088ac   Section       90  dfixu.o(x$fpl$dfixu)
    $v0                                      0x080088ac   Number         0  dfixu.o(x$fpl$dfixu)
    x$fpl$dfltu                              0x08008906   Section       38  dflt_clz.o(x$fpl$dfltu)
    $v0                                      0x08008906   Number         0  dflt_clz.o(x$fpl$dfltu)
    x$fpl$dmul                               0x0800892c   Section      340  dmul.o(x$fpl$dmul)
    $v0                                      0x0800892c   Number         0  dmul.o(x$fpl$dmul)
    x$fpl$dnaninf                            0x08008a80   Section      156  dnaninf.o(x$fpl$dnaninf)
    $v0                                      0x08008a80   Number         0  dnaninf.o(x$fpl$dnaninf)
    x$fpl$dretinf                            0x08008b1c   Section       12  dretinf.o(x$fpl$dretinf)
    $v0                                      0x08008b1c   Number         0  dretinf.o(x$fpl$dretinf)
    x$fpl$fpinit                             0x08008b28   Section       10  fpinit.o(x$fpl$fpinit)
    $v0                                      0x08008b28   Number         0  fpinit.o(x$fpl$fpinit)
    .constdata                               0x08008b32   Section     6080  lcd.o(.constdata)
    x$fpl$usenofp                            0x08008b32   Section        0  usenofp.o(x$fpl$usenofp)
    .constdata                               0x0800a2f2   Section     2782  myiic.o(.constdata)
    .constdata                               0x0800add0   Section       28  stm32f4xx_fsmc.o(.constdata)
    .constdata                               0x0800adec   Section       40  _printf_hex_int.o(.constdata)
    uc_hextab                                0x0800adec   Data          20  _printf_hex_int.o(.constdata)
    lc_hextab                                0x0800ae00   Data          20  _printf_hex_int.o(.constdata)
    .data                                    0x20000000   Section     1032  main.o(.data)
    .data                                    0x20000408   Section       20  system_stm32f4xx.o(.data)
    .data                                    0x2000041c   Section        4  lcd.o(.data)
    .data                                    0x20000420   Section        1  key.o(.data)
    key_up                                   0x20000420   Data           1  key.o(.data)
    .data                                    0x20000422   Section        4  delay.o(.data)
    fac_us                                   0x20000422   Data           1  delay.o(.data)
    fac_ms                                   0x20000424   Data           2  delay.o(.data)
    .data                                    0x20000428   Section        6  usart.o(.data)
    .data                                    0x2000042e   Section       16  stm32f4xx_rcc.o(.data)
    APBAHBPrescTable                         0x2000042e   Data          16  stm32f4xx_rcc.o(.data)
    .bss                                     0x20000440   Section       14  lcd.o(.bss)
    .bss                                     0x2000044e   Section      200  usart.o(.bss)
    .bss                                     0x20000518   Section       96  libspace.o(.bss)
    HEAP                                     0x20000578   Section      512  startup_stm32f40_41xxx.o(HEAP)
    Heap_Mem                                 0x20000578   Data         512  startup_stm32f40_41xxx.o(HEAP)
    STACK                                    0x20000778   Section     1024  startup_stm32f40_41xxx.o(STACK)
    Stack_Mem                                0x20000778   Data        1024  startup_stm32f40_41xxx.o(STACK)
    __initial_sp                             0x20000b78   Data           0  startup_stm32f40_41xxx.o(STACK)

    Global Symbols

    Symbol Name                              Value     Ov Type        Size  Object(Section)

    BuildAttributes$$THM_ISAv4$E$P$D$K$B$S$7EM$VFPi3$EXTD16$VFPS$VFMA$PE$A:L22UL41UL21$X:L11$S22US41US21$IEEE1$IW$USESV6$~STKCKD$USESV7$~SHL$OSPACE$ROPI$EBA8$UX$STANDARDLIB$REQ8$PRES8$EABIv2 0x00000000   Number         0  anon$$obj.o ABSOLUTE
    __ARM_use_no_argv                        0x00000000   Number         0  main.o ABSOLUTE
    __ARM_exceptions_init                     - Undefined Weak Reference
    __alloca_initialize                       - Undefined Weak Reference
    __arm_fini_                               - Undefined Weak Reference
    __arm_preinit_                            - Undefined Weak Reference
    __cpp_initialize__aeabi_                  - Undefined Weak Reference
    __cxa_finalize                            - Undefined Weak Reference
    __rt_locale                               - Undefined Weak Reference
    __sigvec_lookup                           - Undefined Weak Reference
    _atexit_init                              - Undefined Weak Reference
    _call_atexit_fns                          - Undefined Weak Reference
    _clock_init                               - Undefined Weak Reference
    _fp_trap_init                             - Undefined Weak Reference
    _fp_trap_shutdown                         - Undefined Weak Reference
    _get_lc_collate                           - Undefined Weak Reference
    _get_lc_ctype                             - Undefined Weak Reference
    _get_lc_monetary                          - Undefined Weak Reference
    _get_lc_numeric                           - Undefined Weak Reference
    _get_lc_time                              - Undefined Weak Reference
    _getenv_init                              - Undefined Weak Reference
    _handle_redirection                       - Undefined Weak Reference
    _init_alloc                               - Undefined Weak Reference
    _init_user_alloc                          - Undefined Weak Reference
    _initio                                   - Undefined Weak Reference
    _mutex_acquire                            - Undefined Weak Reference
    _mutex_release                            - Undefined Weak Reference
    _printf_post_padding                      - Undefined Weak Reference
    _printf_pre_padding                       - Undefined Weak Reference
    _printf_truncate_unsigned                 - Undefined Weak Reference
    _rand_init                                - Undefined Weak Reference
    _signal_finish                            - Undefined Weak Reference
    _signal_init                              - Undefined Weak Reference
    _terminate_alloc                          - Undefined Weak Reference
    _terminate_user_alloc                     - Undefined Weak Reference
    _terminateio                              - Undefined Weak Reference
    __Vectors_Size                           0x00000188   Number         0  startup_stm32f40_41xxx.o ABSOLUTE
    __Vectors                                0x08000000   Data           4  startup_stm32f40_41xxx.o(RESET)
    __Vectors_End                            0x08000188   Data           0  startup_stm32f40_41xxx.o(RESET)
    __main                                   0x08000189   Thumb Code     8  __main.o(!!!main)
    __scatterload                            0x08000191   Thumb Code     0  __scatter.o(!!!scatter)
    __scatterload_rt2                        0x08000191   Thumb Code    44  __scatter.o(!!!scatter)
    __scatterload_rt2_thumb_only             0x08000191   Thumb Code     0  __scatter.o(!!!scatter)
    __scatterload_null                       0x0800019f   Thumb Code     0  __scatter.o(!!!scatter)
    __decompress                             0x080001c5   Thumb Code    90  __dczerorl2.o(!!dczerorl2)
    __decompress1                            0x080001c5   Thumb Code     0  __dczerorl2.o(!!dczerorl2)
    __scatterload_zeroinit                   0x08000221   Thumb Code    28  __scatter_zi.o(!!handler_zi)
    _printf_percent                          0x0800023d   Thumb Code     0  _printf_percent.o(.ARM.Collect$$_printf_percent$$00000000)
    _printf_x                                0x0800023d   Thumb Code     0  _printf_x.o(.ARM.Collect$$_printf_percent$$0000000C)
    _printf_percent_end                      0x08000243   Thumb Code     0  _printf_percent_end.o(.ARM.Collect$$_printf_percent$$00000017)
    __rt_lib_init                            0x08000247   Thumb Code     0  libinit.o(.ARM.Collect$$libinit$$00000000)
    __rt_lib_init_fp_1                       0x08000249   Thumb Code     0  libinit2.o(.ARM.Collect$$libinit$$00000001)
    __rt_lib_init_alloca_1                   0x0800024d   Thumb Code     0  libinit2.o(.ARM.Collect$$libinit$$0000002E)
    __rt_lib_init_argv_1                     0x0800024d   Thumb Code     0  libinit2.o(.ARM.Collect$$libinit$$0000002C)
    __rt_lib_init_atexit_1                   0x0800024d   Thumb Code     0  libinit2.o(.ARM.Collect$$libinit$$0000001B)
    __rt_lib_init_clock_1                    0x0800024d   Thumb Code     0  libinit2.o(.ARM.Collect$$libinit$$00000021)
    __rt_lib_init_cpp_1                      0x0800024d   Thumb Code     0  libinit2.o(.ARM.Collect$$libinit$$00000032)
    __rt_lib_init_exceptions_1               0x0800024d   Thumb Code     0  libinit2.o(.ARM.Collect$$libinit$$00000030)
    __rt_lib_init_fp_trap_1                  0x0800024d   Thumb Code     0  libinit2.o(.ARM.Collect$$libinit$$0000001F)
    __rt_lib_init_getenv_1                   0x0800024d   Thumb Code     0  libinit2.o(.ARM.Collect$$libinit$$00000023)
    __rt_lib_init_heap_1                     0x0800024d   Thumb Code     0  libinit2.o(.ARM.Collect$$libinit$$0000000A)
    __rt_lib_init_lc_collate_1               0x0800024d   Thumb Code     0  libinit2.o(.ARM.Collect$$libinit$$00000011)
    __rt_lib_init_lc_ctype_1                 0x0800024d   Thumb Code     0  libinit2.o(.ARM.Collect$$libinit$$00000013)
    __rt_lib_init_lc_monetary_1              0x0800024d   Thumb Code     0  libinit2.o(.ARM.Collect$$libinit$$00000015)
    __rt_lib_init_lc_numeric_1               0x0800024d   Thumb Code     0  libinit2.o(.ARM.Collect$$libinit$$00000017)
    __rt_lib_init_lc_time_1                  0x0800024d   Thumb Code     0  libinit2.o(.ARM.Collect$$libinit$$00000019)
    __rt_lib_init_preinit_1                  0x0800024d   Thumb Code     0  libinit2.o(.ARM.Collect$$libinit$$00000004)
    __rt_lib_init_rand_1                     0x0800024d   Thumb Code     0  libinit2.o(.ARM.Collect$$libinit$$0000000E)
    __rt_lib_init_return                     0x0800024d   Thumb Code     0  libinit2.o(.ARM.Collect$$libinit$$00000033)
    __rt_lib_init_signal_1                   0x0800024d   Thumb Code     0  libinit2.o(.ARM.Collect$$libinit$$0000001D)
    __rt_lib_init_stdio_1                    0x0800024d   Thumb Code     0  libinit2.o(.ARM.Collect$$libinit$$00000025)
    __rt_lib_init_user_alloc_1               0x0800024d   Thumb Code     0  libinit2.o(.ARM.Collect$$libinit$$0000000C)
    __rt_lib_shutdown                        0x0800024f   Thumb Code     0  libshutdown.o(.ARM.Collect$$libshutdown$$00000000)
    __rt_lib_shutdown_cpp_1                  0x08000251   Thumb Code     0  libshutdown2.o(.ARM.Collect$$libshutdown$$00000004)
    __rt_lib_shutdown_fini_1                 0x08000251   Thumb Code     0  libshutdown2.o(.ARM.Collect$$libshutdown$$00000002)
    __rt_lib_shutdown_fp_trap_1              0x08000251   Thumb Code     0  libshutdown2.o(.ARM.Collect$$libshutdown$$00000009)
    __rt_lib_shutdown_heap_1                 0x08000251   Thumb Code     0  libshutdown2.o(.ARM.Collect$$libshutdown$$00000011)
    __rt_lib_shutdown_return                 0x08000251   Thumb Code     0  libshutdown2.o(.ARM.Collect$$libshutdown$$00000012)
    __rt_lib_shutdown_signal_1               0x08000251   Thumb Code     0  libshutdown2.o(.ARM.Collect$$libshutdown$$0000000C)
    __rt_lib_shutdown_stdio_1                0x08000251   Thumb Code     0  libshutdown2.o(.ARM.Collect$$libshutdown$$00000006)
    __rt_lib_shutdown_user_alloc_1           0x08000251   Thumb Code     0  libshutdown2.o(.ARM.Collect$$libshutdown$$0000000E)
    __rt_entry                               0x08000253   Thumb Code     0  __rtentry.o(.ARM.Collect$$rtentry$$00000000)
    __rt_entry_presh_1                       0x08000253   Thumb Code     0  __rtentry2.o(.ARM.Collect$$rtentry$$00000002)
    __rt_entry_sh                            0x08000253   Thumb Code     0  __rtentry4.o(.ARM.Collect$$rtentry$$00000004)
    __rt_entry_li                            0x08000259   Thumb Code     0  __rtentry2.o(.ARM.Collect$$rtentry$$0000000A)
    __rt_entry_postsh_1                      0x08000259   Thumb Code     0  __rtentry2.o(.ARM.Collect$$rtentry$$00000009)
    __rt_entry_main                          0x0800025d   Thumb Code     0  __rtentry2.o(.ARM.Collect$$rtentry$$0000000D)
    __rt_entry_postli_1                      0x0800025d   Thumb Code     0  __rtentry2.o(.ARM.Collect$$rtentry$$0000000C)
    __rt_exit                                0x08000265   Thumb Code     0  rtexit.o(.ARM.Collect$$rtexit$$00000000)
    __rt_exit_ls                             0x08000267   Thumb Code     0  rtexit2.o(.ARM.Collect$$rtexit$$00000003)
    __rt_exit_prels_1                        0x08000267   Thumb Code     0  rtexit2.o(.ARM.Collect$$rtexit$$00000002)
    __rt_exit_exit                           0x0800026b   Thumb Code     0  rtexit2.o(.ARM.Collect$$rtexit$$00000004)
    main                                     0x08000271   Thumb Code    72  main.o(.text)
    shiftBlock                               0x080002b9   Thumb Code   310  main.o(.text)
    OLED_Bmp002                              0x080003ef   Thumb Code    68  main.o(.text)
    OLED_Bmp001                              0x08000433   Thumb Code    62  main.o(.text)
    TIM3_IRQHandler                          0x08000471   Thumb Code    58  main.o(.text)
    EXTI0_IRQHandler                         0x080004ab   Thumb Code    76  main.o(.text)
    EXTI2_IRQHandler                         0x080004f7   Thumb Code    38  main.o(.text)
    EXTI3_IRQHandler                         0x0800051d   Thumb Code    38  main.o(.text)
    EXTI4_IRQHandler                         0x08000543   Thumb Code    38  main.o(.text)
    NMI_Handler                              0x08000599   Thumb Code     2  stm32f4xx_it.o(.text)
    HardFault_Handler                        0x0800059b   Thumb Code     4  stm32f4xx_it.o(.text)
    MemManage_Handler                        0x0800059f   Thumb Code     4  stm32f4xx_it.o(.text)
    BusFault_Handler                         0x080005a3   Thumb Code     4  stm32f4xx_it.o(.text)
    UsageFault_Handler                       0x080005a7   Thumb Code     4  stm32f4xx_it.o(.text)
    SVC_Handler                              0x080005ab   Thumb Code     2  stm32f4xx_it.o(.text)
    DebugMon_Handler                         0x080005ad   Thumb Code     2  stm32f4xx_it.o(.text)
    PendSV_Handler                           0x080005af   Thumb Code     2  stm32f4xx_it.o(.text)
    SysTick_Handler                          0x080005b1   Thumb Code     2  stm32f4xx_it.o(.text)
    SystemInit                               0x08000691   Thumb Code    88  system_stm32f4xx.o(.text)
    SystemCoreClockUpdate                    0x080006e9   Thumb Code   174  system_stm32f4xx.o(.text)
    LED_Init                                 0x080007c5   Thumb Code    60  led.o(.text)
    LCD_WR_REG                               0x08000805   Thumb Code    18  lcd.o(.text)
    LCD_WR_DATA                              0x08000817   Thumb Code    20  lcd.o(.text)
    LCD_RD_DATA                              0x0800082b   Thumb Code    16  lcd.o(.text)
    LCD_WriteReg                             0x0800083b   Thumb Code    14  lcd.o(.text)
    LCD_ReadReg                              0x08000849   Thumb Code    22  lcd.o(.text)
    LCD_WriteRAM_Prepare                     0x0800085f   Thumb Code    10  lcd.o(.text)
    LCD_WriteRAM                             0x08000869   Thumb Code     8  lcd.o(.text)
    LCD_BGR2RGB                              0x08000871   Thumb Code    26  lcd.o(.text)
    opt_delay                                0x0800088b   Thumb Code    14  lcd.o(.text)
    LCD_SetCursor                            0x08000899   Thumb Code   418  lcd.o(.text)
    LCD_ReadPoint                            0x08000a3b   Thumb Code   360  lcd.o(.text)
    LCD_DisplayOn                            0x08000ba3   Thumb Code   102  lcd.o(.text)
    LCD_DisplayOff                           0x08000c09   Thumb Code    90  lcd.o(.text)
    LCD_Scan_Dir                             0x08000c63   Thumb Code   744  lcd.o(.text)
    LCD_DrawPoint                            0x08000f4b   Thumb Code    28  lcd.o(.text)
    LCD_Fast_DrawPoint                       0x08000f67   Thumb Code   388  lcd.o(.text)
    LCD_SSD_BackLightSet                     0x080010eb   Thumb Code    88  lcd.o(.text)
    LCD_Display_Dir                          0x08001143   Thumb Code   444  lcd.o(.text)
    LCD_Set_Window                           0x080012ff   Thumb Code   546  lcd.o(.text)
    LCD_Clear                                0x08001521   Thumb Code   100  lcd.o(.text)
    LCD_Init                                 0x08001585   Thumb Code 14696  lcd.o(.text)
    LCD_Fill                                 0x08004eed   Thumb Code   180  lcd.o(.text)
    LCD_Color_Fill                           0x08004fa1   Thumb Code   100  lcd.o(.text)
    LCD_DrawLine                             0x08005005   Thumb Code   176  lcd.o(.text)
    LCD_DrawRectangle                        0x080050b5   Thumb Code    60  lcd.o(.text)
    LCD_Draw_Circle                          0x080050f1   Thumb Code   152  lcd.o(.text)
    LCD_ShowChar                             0x08005189   Thumb Code   272  lcd.o(.text)
    LCD_Pow                                  0x08005299   Thumb Code    22  lcd.o(.text)
    LCD_ShowNum                              0x080052af   Thumb Code   148  lcd.o(.text)
    LCD_ShowxNum                             0x08005343   Thumb Code   220  lcd.o(.text)
    LCD_ShowString                           0x0800541f   Thumb Code   102  lcd.o(.text)
    KEY_Init                                 0x08005485   Thumb Code    60  key.o(.text)
    KEY_Scan                                 0x080054c1   Thumb Code   188  key.o(.text)
    IIC_Init                                 0x08005589   Thumb Code    62  myiic.o(.text)
    IIC_Start                                0x080055c7   Thumb Code    68  myiic.o(.text)
    IIC_Stop                                 0x0800560b   Thumb Code    62  myiic.o(.text)
    IIC_Wait_Ack                             0x08005649   Thumb Code    82  myiic.o(.text)
    IIC_Ack                                  0x0800569b   Thumb Code    66  myiic.o(.text)
    IIC_NAck                                 0x080056dd   Thumb Code    66  myiic.o(.text)
    IIC_Send_Byte                            0x0800571f   Thumb Code    90  myiic.o(.text)
    IIC_Read_Byte                            0x08005779   Thumb Code    94  myiic.o(.text)
    IIC1_Init                                0x080057d7   Thumb Code    62  myiic.o(.text)
    IIC1_Start                               0x08005815   Thumb Code    74  myiic.o(.text)
    IIC1_Stop                                0x0800585f   Thumb Code    68  myiic.o(.text)
    IIC1_Wait_Ack                            0x080058a3   Thumb Code    84  myiic.o(.text)
    IIC1_Ack                                 0x080058f7   Thumb Code    68  myiic.o(.text)
    IIC1_NAck                                0x0800593b   Thumb Code    66  myiic.o(.text)
    IIC1_Send_Byte                           0x0800597d   Thumb Code   184  myiic.o(.text)
    IIC1_Read_Byte                           0x08005a35   Thumb Code    96  myiic.o(.text)
    Write_IIC_Command                        0x08005a95   Thumb Code    32  myiic.o(.text)
    Write_IIC_Data                           0x08005ab5   Thumb Code    32  myiic.o(.text)
    OLED_WR_Byte                             0x08005ad5   Thumb Code    24  myiic.o(.text)
    OLED_Set_Pos                             0x08005aed   Thumb Code    46  myiic.o(.text)
    OLED_Clear                               0x08005b1b   Thumb Code    62  myiic.o(.text)
    OLED_All                                 0x08005b59   Thumb Code    62  myiic.o(.text)
    OLED_Init                                0x08005b97   Thumb Code   208  myiic.o(.text)
    OLED_ShowChar                            0x08005c67   Thumb Code    76  myiic.o(.text)
    OLED_ShowChar8_16                        0x08005cb3   Thumb Code   114  myiic.o(.text)
    OLED_ShowChar11_16                       0x08005d25   Thumb Code   156  myiic.o(.text)
    OLED_ShowChar24_32                       0x08005dc1   Thumb Code   222  myiic.o(.text)
    OLED_ShowString                          0x08005e9f   Thumb Code    54  myiic.o(.text)
    AT24CXX_Init                             0x08005ed9   Thumb Code     8  24cxx.o(.text)
    AT24CXX_ReadOneByte                      0x08005ee1   Thumb Code    88  24cxx.o(.text)
    AT24CXX_WriteOneByte                     0x08005f39   Thumb Code    80  24cxx.o(.text)
    AT24CXX_WriteLenByte                     0x08005f89   Thumb Code    42  24cxx.o(.text)
    AT24CXX_ReadLenByte                      0x08005fb3   Thumb Code    44  24cxx.o(.text)
    AT24CXX_Check                            0x08005fdf   Thumb Code    46  24cxx.o(.text)
    AT24CXX_Read                             0x0800600d   Thumb Code    34  24cxx.o(.text)
    AT24CXX_Write                            0x0800602f   Thumb Code    36  24cxx.o(.text)
    TIM3_Int_Init                            0x08006055   Thumb Code    88  timer.o(.text)
    EXTIX_Init                               0x080060b1   Thumb Code   222  exti.o(.text)
    delay_init                               0x08006191   Thumb Code    52  delay.o(.text)
    delay_us                                 0x080061c5   Thumb Code    72  delay.o(.text)
    delay_xms                                0x0800620d   Thumb Code    72  delay.o(.text)
    delay_ms                                 0x08006255   Thumb Code    56  delay.o(.text)
    _sys_exit                                0x08006295   Thumb Code     6  usart.o(.text)
    fputc                                    0x0800629b   Thumb Code    22  usart.o(.text)
    uart_init                                0x080062b1   Thumb Code   164  usart.o(.text)
    USART1_IRQHandler                        0x08006355   Thumb Code   122  usart.o(.text)
    Reset_Handler                            0x080063e1   Thumb Code     8  startup_stm32f40_41xxx.o(.text)
    ADC_IRQHandler                           0x080063fb   Thumb Code     0  startup_stm32f40_41xxx.o(.text)
    CAN1_RX0_IRQHandler                      0x080063fb   Thumb Code     0  startup_stm32f40_41xxx.o(.text)
    CAN1_RX1_IRQHandler                      0x080063fb   Thumb Code     0  startup_stm32f40_41xxx.o(.text)
    CAN1_SCE_IRQHandler                      0x080063fb   Thumb Code     0  startup_stm32f40_41xxx.o(.text)
    CAN1_TX_IRQHandler                       0x080063fb   Thumb Code     0  startup_stm32f40_41xxx.o(.text)
    CAN2_RX0_IRQHandler                      0x080063fb   Thumb Code     0  startup_stm32f40_41xxx.o(.text)
    CAN2_RX1_IRQHandler                      0x080063fb   Thumb Code     0  startup_stm32f40_41xxx.o(.text)
    CAN2_SCE_IRQHandler                      0x080063fb   Thumb Code     0  startup_stm32f40_41xxx.o(.text)
    CAN2_TX_IRQHandler                       0x080063fb   Thumb Code     0  startup_stm32f40_41xxx.o(.text)
    CRYP_IRQHandler                          0x080063fb   Thumb Code     0  startup_stm32f40_41xxx.o(.text)
    DCMI_IRQHandler                          0x080063fb   Thumb Code     0  startup_stm32f40_41xxx.o(.text)
    DMA1_Stream0_IRQHandler                  0x080063fb   Thumb Code     0  startup_stm32f40_41xxx.o(.text)
    DMA1_Stream1_IRQHandler                  0x080063fb   Thumb Code     0  startup_stm32f40_41xxx.o(.text)
    DMA1_Stream2_IRQHandler                  0x080063fb   Thumb Code     0  startup_stm32f40_41xxx.o(.text)
    DMA1_Stream3_IRQHandler                  0x080063fb   Thumb Code     0  startup_stm32f40_41xxx.o(.text)
    DMA1_Stream4_IRQHandler                  0x080063fb   Thumb Code     0  startup_stm32f40_41xxx.o(.text)
    DMA1_Stream5_IRQHandler                  0x080063fb   Thumb Code     0  startup_stm32f40_41xxx.o(.text)
    DMA1_Stream6_IRQHandler                  0x080063fb   Thumb Code     0  startup_stm32f40_41xxx.o(.text)
    DMA1_Stream7_IRQHandler                  0x080063fb   Thumb Code     0  startup_stm32f40_41xxx.o(.text)
    DMA2_Stream0_IRQHandler                  0x080063fb   Thumb Code     0  startup_stm32f40_41xxx.o(.text)
    DMA2_Stream1_IRQHandler                  0x080063fb   Thumb Code     0  startup_stm32f40_41xxx.o(.text)
    DMA2_Stream2_IRQHandler                  0x080063fb   Thumb Code     0  startup_stm32f40_41xxx.o(.text)
    DMA2_Stream3_IRQHandler                  0x080063fb   Thumb Code     0  startup_stm32f40_41xxx.o(.text)
    DMA2_Stream4_IRQHandler                  0x080063fb   Thumb Code     0  startup_stm32f40_41xxx.o(.text)
    DMA2_Stream5_IRQHandler                  0x080063fb   Thumb Code     0  startup_stm32f40_41xxx.o(.text)
    DMA2_Stream6_IRQHandler                  0x080063fb   Thumb Code     0  startup_stm32f40_41xxx.o(.text)
    DMA2_Stream7_IRQHandler                  0x080063fb   Thumb Code     0  startup_stm32f40_41xxx.o(.text)
    ETH_IRQHandler                           0x080063fb   Thumb Code     0  startup_stm32f40_41xxx.o(.text)
    ETH_WKUP_IRQHandler                      0x080063fb   Thumb Code     0  startup_stm32f40_41xxx.o(.text)
    EXTI15_10_IRQHandler                     0x080063fb   Thumb Code     0  startup_stm32f40_41xxx.o(.text)
    EXTI1_IRQHandler                         0x080063fb   Thumb Code     0  startup_stm32f40_41xxx.o(.text)
    EXTI9_5_IRQHandler                       0x080063fb   Thumb Code     0  startup_stm32f40_41xxx.o(.text)
    FLASH_IRQHandler                         0x080063fb   Thumb Code     0  startup_stm32f40_41xxx.o(.text)
    FPU_IRQHandler                           0x080063fb   Thumb Code     0  startup_stm32f40_41xxx.o(.text)
    FSMC_IRQHandler                          0x080063fb   Thumb Code     0  startup_stm32f40_41xxx.o(.text)
    HASH_RNG_IRQHandler                      0x080063fb   Thumb Code     0  startup_stm32f40_41xxx.o(.text)
    I2C1_ER_IRQHandler                       0x080063fb   Thumb Code     0  startup_stm32f40_41xxx.o(.text)
    I2C1_EV_IRQHandler                       0x080063fb   Thumb Code     0  startup_stm32f40_41xxx.o(.text)
    I2C2_ER_IRQHandler                       0x080063fb   Thumb Code     0  startup_stm32f40_41xxx.o(.text)
    I2C2_EV_IRQHandler                       0x080063fb   Thumb Code     0  startup_stm32f40_41xxx.o(.text)
    I2C3_ER_IRQHandler                       0x080063fb   Thumb Code     0  startup_stm32f40_41xxx.o(.text)
    I2C3_EV_IRQHandler                       0x080063fb   Thumb Code     0  startup_stm32f40_41xxx.o(.text)
    OTG_FS_IRQHandler                        0x080063fb   Thumb Code     0  startup_stm32f40_41xxx.o(.text)
    OTG_FS_WKUP_IRQHandler                   0x080063fb   Thumb Code     0  startup_stm32f40_41xxx.o(.text)
    OTG_HS_EP1_IN_IRQHandler                 0x080063fb   Thumb Code     0  startup_stm32f40_41xxx.o(.text)
    OTG_HS_EP1_OUT_IRQHandler                0x080063fb   Thumb Code     0  startup_stm32f40_41xxx.o(.text)
    OTG_HS_IRQHandler                        0x080063fb   Thumb Code     0  startup_stm32f40_41xxx.o(.text)
    OTG_HS_WKUP_IRQHandler                   0x080063fb   Thumb Code     0  startup_stm32f40_41xxx.o(.text)
    PVD_IRQHandler                           0x080063fb   Thumb Code     0  startup_stm32f40_41xxx.o(.text)
    RCC_IRQHandler                           0x080063fb   Thumb Code     0  startup_stm32f40_41xxx.o(.text)
    RTC_Alarm_IRQHandler                     0x080063fb   Thumb Code     0  startup_stm32f40_41xxx.o(.text)
    RTC_WKUP_IRQHandler                      0x080063fb   Thumb Code     0  startup_stm32f40_41xxx.o(.text)
    SDIO_IRQHandler                          0x080063fb   Thumb Code     0  startup_stm32f40_41xxx.o(.text)
    SPI1_IRQHandler                          0x080063fb   Thumb Code     0  startup_stm32f40_41xxx.o(.text)
    SPI2_IRQHandler                          0x080063fb   Thumb Code     0  startup_stm32f40_41xxx.o(.text)
    SPI3_IRQHandler                          0x080063fb   Thumb Code     0  startup_stm32f40_41xxx.o(.text)
    TAMP_STAMP_IRQHandler                    0x080063fb   Thumb Code     0  startup_stm32f40_41xxx.o(.text)
    TIM1_BRK_TIM9_IRQHandler                 0x080063fb   Thumb Code     0  startup_stm32f40_41xxx.o(.text)
    TIM1_CC_IRQHandler                       0x080063fb   Thumb Code     0  startup_stm32f40_41xxx.o(.text)
    TIM1_TRG_COM_TIM11_IRQHandler            0x080063fb   Thumb Code     0  startup_stm32f40_41xxx.o(.text)
    TIM1_UP_TIM10_IRQHandler                 0x080063fb   Thumb Code     0  startup_stm32f40_41xxx.o(.text)
    TIM2_IRQHandler                          0x080063fb   Thumb Code     0  startup_stm32f40_41xxx.o(.text)
    TIM4_IRQHandler                          0x080063fb   Thumb Code     0  startup_stm32f40_41xxx.o(.text)
    TIM5_IRQHandler                          0x080063fb   Thumb Code     0  startup_stm32f40_41xxx.o(.text)
    TIM6_DAC_IRQHandler                      0x080063fb   Thumb Code     0  startup_stm32f40_41xxx.o(.text)
    TIM7_IRQHandler                          0x080063fb   Thumb Code     0  startup_stm32f40_41xxx.o(.text)
    TIM8_BRK_TIM12_IRQHandler                0x080063fb   Thumb Code     0  startup_stm32f40_41xxx.o(.text)
    TIM8_CC_IRQHandler                       0x080063fb   Thumb Code     0  startup_stm32f40_41xxx.o(.text)
    TIM8_TRG_COM_TIM14_IRQHandler            0x080063fb   Thumb Code     0  startup_stm32f40_41xxx.o(.text)
    TIM8_UP_TIM13_IRQHandler                 0x080063fb   Thumb Code     0  startup_stm32f40_41xxx.o(.text)
    UART4_IRQHandler                         0x080063fb   Thumb Code     0  startup_stm32f40_41xxx.o(.text)
    UART5_IRQHandler                         0x080063fb   Thumb Code     0  startup_stm32f40_41xxx.o(.text)
    USART2_IRQHandler                        0x080063fb   Thumb Code     0  startup_stm32f40_41xxx.o(.text)
    USART3_IRQHandler                        0x080063fb   Thumb Code     0  startup_stm32f40_41xxx.o(.text)
    USART6_IRQHandler                        0x080063fb   Thumb Code     0  startup_stm32f40_41xxx.o(.text)
    WWDG_IRQHandler                          0x080063fb   Thumb Code     0  startup_stm32f40_41xxx.o(.text)
    __user_initial_stackheap                 0x080063fd   Thumb Code     0  startup_stm32f40_41xxx.o(.text)
    NVIC_PriorityGroupConfig                 0x08006421   Thumb Code    10  misc.o(.text)
    NVIC_Init                                0x0800642b   Thumb Code   106  misc.o(.text)
    NVIC_SetVectorTable                      0x08006495   Thumb Code    14  misc.o(.text)
    NVIC_SystemLPConfig                      0x080064a3   Thumb Code    34  misc.o(.text)
    SysTick_CLKSourceConfig                  0x080064c5   Thumb Code    40  misc.o(.text)
    GPIO_DeInit                              0x08006501   Thumb Code   268  stm32f4xx_gpio.o(.text)
    GPIO_Init                                0x0800660d   Thumb Code   144  stm32f4xx_gpio.o(.text)
    GPIO_StructInit                          0x0800669d   Thumb Code    18  stm32f4xx_gpio.o(.text)
    GPIO_PinLockConfig                       0x080066af   Thumb Code    34  stm32f4xx_gpio.o(.text)
    GPIO_ReadInputDataBit                    0x080066d1   Thumb Code    18  stm32f4xx_gpio.o(.text)
    GPIO_ReadInputData                       0x080066e3   Thumb Code     8  stm32f4xx_gpio.o(.text)
    GPIO_ReadOutputDataBit                   0x080066eb   Thumb Code    18  stm32f4xx_gpio.o(.text)
    GPIO_ReadOutputData                      0x080066fd   Thumb Code     8  stm32f4xx_gpio.o(.text)
    GPIO_SetBits                             0x08006705   Thumb Code     4  stm32f4xx_gpio.o(.text)
    GPIO_ResetBits                           0x08006709   Thumb Code     4  stm32f4xx_gpio.o(.text)
    GPIO_WriteBit                            0x0800670d   Thumb Code    10  stm32f4xx_gpio.o(.text)
    GPIO_Write                               0x08006717   Thumb Code     4  stm32f4xx_gpio.o(.text)
    GPIO_ToggleBits                          0x0800671b   Thumb Code     8  stm32f4xx_gpio.o(.text)
    GPIO_PinAFConfig                         0x08006723   Thumb Code    70  stm32f4xx_gpio.o(.text)
    FSMC_NORSRAMDeInit                       0x08006795   Thumb Code    54  stm32f4xx_fsmc.o(.text)
    FSMC_NORSRAMInit                         0x080067cb   Thumb Code   230  stm32f4xx_fsmc.o(.text)
    FSMC_NORSRAMStructInit                   0x080068b1   Thumb Code    48  stm32f4xx_fsmc.o(.text)
    FSMC_NORSRAMCmd                          0x080068e1   Thumb Code    46  stm32f4xx_fsmc.o(.text)
    FSMC_NANDDeInit                          0x0800690f   Thumb Code    62  stm32f4xx_fsmc.o(.text)
    FSMC_NANDInit                            0x0800694d   Thumb Code   132  stm32f4xx_fsmc.o(.text)
    FSMC_NANDStructInit                      0x080069d1   Thumb Code    54  stm32f4xx_fsmc.o(.text)
    FSMC_NANDCmd                             0x08006a07   Thumb Code    86  stm32f4xx_fsmc.o(.text)
    FSMC_NANDECCCmd                          0x08006a5d   Thumb Code    86  stm32f4xx_fsmc.o(.text)
    FSMC_GetECC                              0x08006ab3   Thumb Code    24  stm32f4xx_fsmc.o(.text)
    FSMC_PCCARDDeInit                        0x08006acb   Thumb Code    36  stm32f4xx_fsmc.o(.text)
    FSMC_PCCARDInit                          0x08006aef   Thumb Code   130  stm32f4xx_fsmc.o(.text)
    FSMC_PCCARDStructInit                    0x08006b71   Thumb Code    60  stm32f4xx_fsmc.o(.text)
    FSMC_PCCARDCmd                           0x08006bad   Thumb Code    44  stm32f4xx_fsmc.o(.text)
    FSMC_ITConfig                            0x08006bd9   Thumb Code   128  stm32f4xx_fsmc.o(.text)
    FSMC_GetFlagStatus                       0x08006c59   Thumb Code    54  stm32f4xx_fsmc.o(.text)
    FSMC_ClearFlag                           0x08006c8f   Thumb Code    74  stm32f4xx_fsmc.o(.text)
    FSMC_GetITStatus                         0x08006cd9   Thumb Code    62  stm32f4xx_fsmc.o(.text)
    FSMC_ClearITPendingBit                   0x08006d17   Thumb Code    66  stm32f4xx_fsmc.o(.text)
    RCC_DeInit                               0x08006d5d   Thumb Code    82  stm32f4xx_rcc.o(.text)
    RCC_HSEConfig                            0x08006daf   Thumb Code    14  stm32f4xx_rcc.o(.text)
    RCC_GetFlagStatus                        0x08006dbd   Thumb Code    60  stm32f4xx_rcc.o(.text)
    RCC_WaitForHSEStartUp                    0x08006df9   Thumb Code    56  stm32f4xx_rcc.o(.text)
    RCC_AdjustHSICalibrationValue            0x08006e31   Thumb Code    20  stm32f4xx_rcc.o(.text)
    RCC_HSICmd                               0x08006e45   Thumb Code     6  stm32f4xx_rcc.o(.text)
    RCC_LSEConfig                            0x08006e4b   Thumb Code    46  stm32f4xx_rcc.o(.text)
    RCC_LSICmd                               0x08006e79   Thumb Code     6  stm32f4xx_rcc.o(.text)
    RCC_PLLConfig                            0x08006e7f   Thumb Code    32  stm32f4xx_rcc.o(.text)
    RCC_PLLCmd                               0x08006e9f   Thumb Code     6  stm32f4xx_rcc.o(.text)
    RCC_PLLI2SConfig                         0x08006ea5   Thumb Code    14  stm32f4xx_rcc.o(.text)
    RCC_PLLI2SCmd                            0x08006eb3   Thumb Code     6  stm32f4xx_rcc.o(.text)
    RCC_PLLSAIConfig                         0x08006eb9   Thumb Code    20  stm32f4xx_rcc.o(.text)
    RCC_PLLSAICmd                            0x08006ecd   Thumb Code     6  stm32f4xx_rcc.o(.text)
    RCC_ClockSecuritySystemCmd               0x08006ed3   Thumb Code     6  stm32f4xx_rcc.o(.text)
    RCC_MCO1Config                           0x08006ed9   Thumb Code    28  stm32f4xx_rcc.o(.text)
    RCC_MCO2Config                           0x08006ef5   Thumb Code    28  stm32f4xx_rcc.o(.text)
    RCC_SYSCLKConfig                         0x08006f11   Thumb Code    20  stm32f4xx_rcc.o(.text)
    RCC_GetSYSCLKSource                      0x08006f25   Thumb Code    12  stm32f4xx_rcc.o(.text)
    RCC_HCLKConfig                           0x08006f31   Thumb Code    20  stm32f4xx_rcc.o(.text)
    RCC_PCLK1Config                          0x08006f45   Thumb Code    20  stm32f4xx_rcc.o(.text)
    RCC_PCLK2Config                          0x08006f59   Thumb Code    22  stm32f4xx_rcc.o(.text)
    RCC_GetClocksFreq                        0x08006f6f   Thumb Code   222  stm32f4xx_rcc.o(.text)
    RCC_RTCCLKConfig                         0x0800704d   Thumb Code    54  stm32f4xx_rcc.o(.text)
    RCC_RTCCLKCmd                            0x08007083   Thumb Code     8  stm32f4xx_rcc.o(.text)
    RCC_BackupResetCmd                       0x0800708b   Thumb Code     8  stm32f4xx_rcc.o(.text)
    RCC_I2SCLKConfig                         0x08007093   Thumb Code     6  stm32f4xx_rcc.o(.text)
    RCC_SAIPLLI2SClkDivConfig                0x08007099   Thumb Code    26  stm32f4xx_rcc.o(.text)
    RCC_SAIPLLSAIClkDivConfig                0x080070b3   Thumb Code    28  stm32f4xx_rcc.o(.text)
    RCC_SAIBlockACLKConfig                   0x080070cf   Thumb Code    20  stm32f4xx_rcc.o(.text)
    RCC_SAIBlockBCLKConfig                   0x080070e3   Thumb Code    20  stm32f4xx_rcc.o(.text)
    RCC_LTDCCLKDivConfig                     0x080070f7   Thumb Code    20  stm32f4xx_rcc.o(.text)
    RCC_TIMCLKPresConfig                     0x0800710b   Thumb Code     6  stm32f4xx_rcc.o(.text)
    RCC_AHB1PeriphClockCmd                   0x08007111   Thumb Code    34  stm32f4xx_rcc.o(.text)
    RCC_AHB2PeriphClockCmd                   0x08007133   Thumb Code    78  stm32f4xx_rcc.o(.text)
    RCC_AHB3PeriphClockCmd                   0x08007181   Thumb Code    34  stm32f4xx_rcc.o(.text)
    RCC_APB1PeriphClockCmd                   0x080071a3   Thumb Code    34  stm32f4xx_rcc.o(.text)
    RCC_APB2PeriphClockCmd                   0x080071c5   Thumb Code    34  stm32f4xx_rcc.o(.text)
    RCC_AHB1PeriphResetCmd                   0x080071e7   Thumb Code    34  stm32f4xx_rcc.o(.text)
    RCC_AHB2PeriphResetCmd                   0x08007209   Thumb Code    34  stm32f4xx_rcc.o(.text)
    RCC_AHB3PeriphResetCmd                   0x0800722b   Thumb Code    34  stm32f4xx_rcc.o(.text)
    RCC_APB1PeriphResetCmd                   0x0800724d   Thumb Code    34  stm32f4xx_rcc.o(.text)
    RCC_APB2PeriphResetCmd                   0x0800726f   Thumb Code    34  stm32f4xx_rcc.o(.text)
    RCC_AHB1PeriphClockLPModeCmd             0x08007291   Thumb Code    34  stm32f4xx_rcc.o(.text)
    RCC_AHB2PeriphClockLPModeCmd             0x080072b3   Thumb Code    34  stm32f4xx_rcc.o(.text)
    RCC_AHB3PeriphClockLPModeCmd             0x080072d5   Thumb Code    34  stm32f4xx_rcc.o(.text)
    RCC_APB1PeriphClockLPModeCmd             0x080072f7   Thumb Code    34  stm32f4xx_rcc.o(.text)
    RCC_APB2PeriphClockLPModeCmd             0x08007319   Thumb Code    34  stm32f4xx_rcc.o(.text)
    RCC_LSEModeConfig                        0x0800733b   Thumb Code    40  stm32f4xx_rcc.o(.text)
    RCC_ITConfig                             0x08007363   Thumb Code    34  stm32f4xx_rcc.o(.text)
    RCC_ClearFlag                            0x08007385   Thumb Code    18  stm32f4xx_rcc.o(.text)
    RCC_GetITStatus                          0x08007397   Thumb Code    22  stm32f4xx_rcc.o(.text)
    RCC_ClearITPendingBit                    0x080073ad   Thumb Code     8  stm32f4xx_rcc.o(.text)
    SYSCFG_DeInit                            0x080073b9   Thumb Code    22  stm32f4xx_syscfg.o(.text)
    SYSCFG_MemoryRemapConfig                 0x080073cf   Thumb Code     6  stm32f4xx_syscfg.o(.text)
    SYSCFG_MemorySwappingBank                0x080073d5   Thumb Code     6  stm32f4xx_syscfg.o(.text)
    SYSCFG_EXTILineConfig                    0x080073db   Thumb Code    66  stm32f4xx_syscfg.o(.text)
    SYSCFG_ETH_MediaInterfaceConfig          0x0800741d   Thumb Code     8  stm32f4xx_syscfg.o(.text)
    SYSCFG_CompensationCellCmd               0x08007425   Thumb Code     6  stm32f4xx_syscfg.o(.text)
    SYSCFG_GetCompensationCellStatus         0x0800742b   Thumb Code    22  stm32f4xx_syscfg.o(.text)
    USART_DeInit                             0x0800744d   Thumb Code   206  stm32f4xx_usart.o(.text)
    USART_Init                               0x0800751b   Thumb Code   204  stm32f4xx_usart.o(.text)
    USART_StructInit                         0x080075e7   Thumb Code    24  stm32f4xx_usart.o(.text)
    USART_ClockInit                          0x080075ff   Thumb Code    32  stm32f4xx_usart.o(.text)
    USART_ClockStructInit                    0x0800761f   Thumb Code    12  stm32f4xx_usart.o(.text)
    USART_Cmd                                0x0800762b   Thumb Code    24  stm32f4xx_usart.o(.text)
    USART_SetPrescaler                       0x08007643   Thumb Code    16  stm32f4xx_usart.o(.text)
    USART_OverSampling8Cmd                   0x08007653   Thumb Code    22  stm32f4xx_usart.o(.text)
    USART_OneBitMethodCmd                    0x08007669   Thumb Code    24  stm32f4xx_usart.o(.text)
    USART_SendData                           0x08007681   Thumb Code     8  stm32f4xx_usart.o(.text)
    USART_ReceiveData                        0x08007689   Thumb Code    10  stm32f4xx_usart.o(.text)
    USART_SetAddress                         0x08007693   Thumb Code    18  stm32f4xx_usart.o(.text)
    USART_ReceiverWakeUpCmd                  0x080076a5   Thumb Code    24  stm32f4xx_usart.o(.text)
    USART_WakeUpConfig                       0x080076bd   Thumb Code    18  stm32f4xx_usart.o(.text)
    USART_LINBreakDetectLengthConfig         0x080076cf   Thumb Code    18  stm32f4xx_usart.o(.text)
    USART_LINCmd                             0x080076e1   Thumb Code    24  stm32f4xx_usart.o(.text)
    USART_SendBreak                          0x080076f9   Thumb Code    10  stm32f4xx_usart.o(.text)
    USART_HalfDuplexCmd                      0x08007703   Thumb Code    24  stm32f4xx_usart.o(.text)
    USART_SetGuardTime                       0x0800771b   Thumb Code    16  stm32f4xx_usart.o(.text)
    USART_SmartCardCmd                       0x0800772b   Thumb Code    24  stm32f4xx_usart.o(.text)
    USART_SmartCardNACKCmd                   0x08007743   Thumb Code    24  stm32f4xx_usart.o(.text)
    USART_IrDAConfig                         0x0800775b   Thumb Code    18  stm32f4xx_usart.o(.text)
    USART_IrDACmd                            0x0800776d   Thumb Code    24  stm32f4xx_usart.o(.text)
    USART_DMACmd                             0x08007785   Thumb Code    18  stm32f4xx_usart.o(.text)
    USART_ITConfig                           0x08007797   Thumb Code    74  stm32f4xx_usart.o(.text)
    USART_GetFlagStatus                      0x080077e1   Thumb Code    26  stm32f4xx_usart.o(.text)
    USART_ClearFlag                          0x080077fb   Thumb Code    18  stm32f4xx_usart.o(.text)
    USART_GetITStatus                        0x0800780d   Thumb Code   118  stm32f4xx_usart.o(.text)
    USART_ClearITPendingBit                  0x08007883   Thumb Code    30  stm32f4xx_usart.o(.text)
    TIM_DeInit                               0x080078a1   Thumb Code   346  stm32f4xx_tim.o(.text)
    TIM_TimeBaseInit                         0x080079fb   Thumb Code   104  stm32f4xx_tim.o(.text)
    TIM_TimeBaseStructInit                   0x08007a63   Thumb Code    18  stm32f4xx_tim.o(.text)
    TIM_PrescalerConfig                      0x08007a75   Thumb Code     6  stm32f4xx_tim.o(.text)
    TIM_CounterModeConfig                    0x08007a7b   Thumb Code    18  stm32f4xx_tim.o(.text)
    TIM_SetCounter                           0x08007a8d   Thumb Code     4  stm32f4xx_tim.o(.text)
    TIM_SetAutoreload                        0x08007a91   Thumb Code     4  stm32f4xx_tim.o(.text)
    TIM_GetCounter                           0x08007a95   Thumb Code     6  stm32f4xx_tim.o(.text)
    TIM_GetPrescaler                         0x08007a9b   Thumb Code     6  stm32f4xx_tim.o(.text)
    TIM_UpdateDisableConfig                  0x08007aa1   Thumb Code    24  stm32f4xx_tim.o(.text)
    TIM_UpdateRequestConfig                  0x08007ab9   Thumb Code    24  stm32f4xx_tim.o(.text)
    TIM_ARRPreloadConfig                     0x08007ad1   Thumb Code    24  stm32f4xx_tim.o(.text)
    TIM_SelectOnePulseMode                   0x08007ae9   Thumb Code    18  stm32f4xx_tim.o(.text)
    TIM_SetClockDivision                     0x08007afb   Thumb Code    18  stm32f4xx_tim.o(.text)
    TIM_Cmd                                  0x08007b0d   Thumb Code    24  stm32f4xx_tim.o(.text)
    TIM_OC1Init                              0x08007b25   Thumb Code   114  stm32f4xx_tim.o(.text)
    TIM_OC2Init                              0x08007b97   Thumb Code   154  stm32f4xx_tim.o(.text)
    TIM_OC3Init                              0x08007c31   Thumb Code   204  stm32f4xx_tim.o(.text)
    TIM_OC4Init                              0x08007cfd   Thumb Code   112  stm32f4xx_tim.o(.text)
    TIM_OCStructInit                         0x08007d6d   Thumb Code    20  stm32f4xx_tim.o(.text)
    TIM_SelectOCxM                           0x08007d81   Thumb Code    86  stm32f4xx_tim.o(.text)
    TIM_SetCompare1                          0x08007dd7   Thumb Code     4  stm32f4xx_tim.o(.text)
    TIM_SetCompare2                          0x08007ddb   Thumb Code     4  stm32f4xx_tim.o(.text)
    TIM_SetCompare3                          0x08007ddf   Thumb Code     4  stm32f4xx_tim.o(.text)
    TIM_SetCompare4                          0x08007de3   Thumb Code     4  stm32f4xx_tim.o(.text)
    TIM_ForcedOC1Config                      0x08007de7   Thumb Code    18  stm32f4xx_tim.o(.text)
    TIM_ForcedOC2Config                      0x08007df9   Thumb Code    26  stm32f4xx_tim.o(.text)
    TIM_ForcedOC3Config                      0x08007e13   Thumb Code    18  stm32f4xx_tim.o(.text)
    TIM_ForcedOC4Config                      0x08007e25   Thumb Code    26  stm32f4xx_tim.o(.text)
    TIM_OC1PreloadConfig                     0x08007e3f   Thumb Code    18  stm32f4xx_tim.o(.text)
    TIM_OC2PreloadConfig                     0x08007e51   Thumb Code    26  stm32f4xx_tim.o(.text)
    TIM_OC3PreloadConfig                     0x08007e6b   Thumb Code    18  stm32f4xx_tim.o(.text)
    TIM_OC4PreloadConfig                     0x08007e7d   Thumb Code    26  stm32f4xx_tim.o(.text)
    TIM_OC1FastConfig                        0x08007e97   Thumb Code    18  stm32f4xx_tim.o(.text)
    TIM_OC2FastConfig                        0x08007ea9   Thumb Code    26  stm32f4xx_tim.o(.text)
    TIM_OC3FastConfig                        0x08007ec3   Thumb Code    18  stm32f4xx_tim.o(.text)
    TIM_OC4FastConfig                        0x08007ed5   Thumb Code    26  stm32f4xx_tim.o(.text)
    TIM_ClearOC1Ref                          0x08007eef   Thumb Code    18  stm32f4xx_tim.o(.text)
    TIM_ClearOC2Ref                          0x08007f01   Thumb Code    24  stm32f4xx_tim.o(.text)
    TIM_ClearOC3Ref                          0x08007f19   Thumb Code    18  stm32f4xx_tim.o(.text)
    TIM_ClearOC4Ref                          0x08007f2b   Thumb Code    24  stm32f4xx_tim.o(.text)
    TIM_OC1PolarityConfig                    0x08007f43   Thumb Code    18  stm32f4xx_tim.o(.text)
    TIM_OC1NPolarityConfig                   0x08007f55   Thumb Code    18  stm32f4xx_tim.o(.text)
    TIM_OC2PolarityConfig                    0x08007f67   Thumb Code    26  stm32f4xx_tim.o(.text)
    TIM_OC2NPolarityConfig                   0x08007f81   Thumb Code    26  stm32f4xx_tim.o(.text)
    TIM_OC3PolarityConfig                    0x08007f9b   Thumb Code    26  stm32f4xx_tim.o(.text)
    TIM_OC3NPolarityConfig                   0x08007fb5   Thumb Code    26  stm32f4xx_tim.o(.text)
    TIM_OC4PolarityConfig                    0x08007fcf   Thumb Code    26  stm32f4xx_tim.o(.text)
    TIM_CCxCmd                               0x08007fe9   Thumb Code    30  stm32f4xx_tim.o(.text)
    TIM_CCxNCmd                              0x08008007   Thumb Code    30  stm32f4xx_tim.o(.text)
    TIM_SetIC4Prescaler                      0x08008025   Thumb Code    26  stm32f4xx_tim.o(.text)
    TIM_SetIC3Prescaler                      0x0800808f   Thumb Code    18  stm32f4xx_tim.o(.text)
    TIM_SetIC2Prescaler                      0x080080e9   Thumb Code    26  stm32f4xx_tim.o(.text)
    TIM_SetIC1Prescaler                      0x0800815d   Thumb Code    18  stm32f4xx_tim.o(.text)
    TIM_ICInit                               0x080081a9   Thumb Code   110  stm32f4xx_tim.o(.text)
    TIM_ICStructInit                         0x08008217   Thumb Code    18  stm32f4xx_tim.o(.text)
    TIM_PWMIConfig                           0x08008229   Thumb Code   124  stm32f4xx_tim.o(.text)
    TIM_GetCapture1                          0x080082a5   Thumb Code     6  stm32f4xx_tim.o(.text)
    TIM_GetCapture2                          0x080082ab   Thumb Code     6  stm32f4xx_tim.o(.text)
    TIM_GetCapture3                          0x080082b1   Thumb Code     6  stm32f4xx_tim.o(.text)
    TIM_GetCapture4                          0x080082b7   Thumb Code     6  stm32f4xx_tim.o(.text)
    TIM_BDTRConfig                           0x080082bd   Thumb Code    32  stm32f4xx_tim.o(.text)
    TIM_BDTRStructInit                       0x080082dd   Thumb Code    18  stm32f4xx_tim.o(.text)
    TIM_CtrlPWMOutputs                       0x080082ef   Thumb Code    30  stm32f4xx_tim.o(.text)
    TIM_SelectCOM                            0x0800830d   Thumb Code    24  stm32f4xx_tim.o(.text)
    TIM_CCPreloadControl                     0x08008325   Thumb Code    24  stm32f4xx_tim.o(.text)
    TIM_ITConfig                             0x0800833d   Thumb Code    18  stm32f4xx_tim.o(.text)
    TIM_GenerateEvent                        0x0800834f   Thumb Code     4  stm32f4xx_tim.o(.text)
    TIM_GetFlagStatus                        0x08008353   Thumb Code    18  stm32f4xx_tim.o(.text)
    TIM_ClearFlag                            0x08008365   Thumb Code     6  stm32f4xx_tim.o(.text)
    TIM_GetITStatus                          0x0800836b   Thumb Code    34  stm32f4xx_tim.o(.text)
    TIM_ClearITPendingBit                    0x0800838d   Thumb Code     6  stm32f4xx_tim.o(.text)
    TIM_DMAConfig                            0x08008393   Thumb Code    10  stm32f4xx_tim.o(.text)
    TIM_DMACmd                               0x0800839d   Thumb Code    18  stm32f4xx_tim.o(.text)
    TIM_SelectCCDMA                          0x080083af   Thumb Code    24  stm32f4xx_tim.o(.text)
    TIM_InternalClockConfig                  0x080083c7   Thumb Code    12  stm32f4xx_tim.o(.text)
    TIM_SelectInputTrigger                   0x080083d3   Thumb Code    18  stm32f4xx_tim.o(.text)
    TIM_ITRxExternalClockConfig              0x080083e5   Thumb Code    24  stm32f4xx_tim.o(.text)
    TIM_TIxExternalClockConfig               0x080083fd   Thumb Code    62  stm32f4xx_tim.o(.text)
    TIM_ETRConfig                            0x0800843b   Thumb Code    28  stm32f4xx_tim.o(.text)
    TIM_ETRClockMode1Config                  0x08008457   Thumb Code    54  stm32f4xx_tim.o(.text)
    TIM_ETRClockMode2Config                  0x0800848d   Thumb Code    32  stm32f4xx_tim.o(.text)
    TIM_SelectOutputTrigger                  0x080084ad   Thumb Code    18  stm32f4xx_tim.o(.text)
    TIM_SelectSlaveMode                      0x080084bf   Thumb Code    18  stm32f4xx_tim.o(.text)
    TIM_SelectMasterSlaveMode                0x080084d1   Thumb Code    18  stm32f4xx_tim.o(.text)
    TIM_EncoderInterfaceConfig               0x080084e3   Thumb Code    66  stm32f4xx_tim.o(.text)
    TIM_SelectHallSensor                     0x08008525   Thumb Code    24  stm32f4xx_tim.o(.text)
    TIM_RemapConfig                          0x0800853d   Thumb Code     6  stm32f4xx_tim.o(.text)
    EXTI_DeInit                              0x08008545   Thumb Code    28  stm32f4xx_exti.o(.text)
    EXTI_Init                                0x08008561   Thumb Code   142  stm32f4xx_exti.o(.text)
    EXTI_StructInit                          0x080085ef   Thumb Code    16  stm32f4xx_exti.o(.text)
    EXTI_GenerateSWInterrupt                 0x080085ff   Thumb Code    16  stm32f4xx_exti.o(.text)
    EXTI_GetFlagStatus                       0x0800860f   Thumb Code    22  stm32f4xx_exti.o(.text)
    EXTI_ClearFlag                           0x08008625   Thumb Code     8  stm32f4xx_exti.o(.text)
    EXTI_GetITStatus                         0x0800862d   Thumb Code    22  stm32f4xx_exti.o(.text)
    EXTI_ClearITPendingBit                   0x08008643   Thumb Code     8  stm32f4xx_exti.o(.text)
    __use_no_semihosting                     0x08008655   Thumb Code     2  use_no_semi_2.o(.text)
    __2printf                                0x08008659   Thumb Code    20  noretval__2printf.o(.text)
    __printf                                 0x08008671   Thumb Code   104  __printf.o(.text)
    _printf_int_hex                          0x080086d9   Thumb Code    84  _printf_hex_int.o(.text)
    _printf_longlong_hex                     0x080086d9   Thumb Code     0  _printf_hex_int.o(.text)
    __use_two_region_memory                  0x08008731   Thumb Code     2  heapauxi.o(.text)
    __rt_heap_escrow$2region                 0x08008733   Thumb Code     2  heapauxi.o(.text)
    __rt_heap_expand$2region                 0x08008735   Thumb Code     2  heapauxi.o(.text)
    __I$use$semihosting                      0x08008737   Thumb Code     0  use_no_semi.o(.text)
    __use_no_semihosting_swi                 0x08008737   Thumb Code     2  use_no_semi.o(.text)
    _printf_int_common                       0x08008739   Thumb Code   178  _printf_intcommon.o(.text)
    _printf_char_file                        0x080087ed   Thumb Code    32  _printf_char_file.o(.text)
    _printf_char_common                      0x0800881b   Thumb Code    32  _printf_char_common.o(.text)
    ferror                                   0x08008841   Thumb Code     8  ferror.o(.text)
    __user_setup_stackheap                   0x08008849   Thumb Code    74  sys_stackheap_outer.o(.text)
    exit                                     0x08008893   Thumb Code    18  exit.o(.text)
    __user_libspace                          0x080088a5   Thumb Code     8  libspace.o(.text)
    __user_perproc_libspace                  0x080088a5   Thumb Code     0  libspace.o(.text)
    __user_perthread_libspace                0x080088a5   Thumb Code     0  libspace.o(.text)
    __aeabi_d2uiz                            0x080088ad   Thumb Code     0  dfixu.o(x$fpl$dfixu)
    _dfixu                                   0x080088ad   Thumb Code    90  dfixu.o(x$fpl$dfixu)
    __aeabi_ui2d                             0x08008907   Thumb Code     0  dflt_clz.o(x$fpl$dfltu)
    _dfltu                                   0x08008907   Thumb Code    38  dflt_clz.o(x$fpl$dfltu)
    __aeabi_dmul                             0x0800892d   Thumb Code     0  dmul.o(x$fpl$dmul)
    _dmul                                    0x0800892d   Thumb Code   332  dmul.o(x$fpl$dmul)
    __fpl_dnaninf                            0x08008a81   Thumb Code   156  dnaninf.o(x$fpl$dnaninf)
    __fpl_dretinf                            0x08008b1d   Thumb Code    12  dretinf.o(x$fpl$dretinf)
    _fp_init                                 0x08008b29   Thumb Code    10  fpinit.o(x$fpl$fpinit)
    __fplib_config_fpu_vfp                   0x08008b31   Thumb Code     0  fpinit.o(x$fpl$fpinit)
    __fplib_config_pureend_doubles           0x08008b31   Thumb Code     0  fpinit.o(x$fpl$fpinit)
    __I$use$fp                               0x08008b32   Number         0  usenofp.o(x$fpl$usenofp)
    asc2_1206                                0x08008b32   Data        1140  lcd.o(.constdata)
    asc2_1608                                0x08008fa6   Data        1520  lcd.o(.constdata)
    asc2_2412                                0x08009596   Data        3420  lcd.o(.constdata)
    F6x8                                     0x0800a2f2   Data         552  myiic.o(.constdata)
    F8x16                                    0x0800a51a   Data        1504  myiic.o(.constdata)
    F11x16                                   0x0800aafa   Data         726  myiic.o(.constdata)
    FSMC_DefaultTimingStruct                 0x0800add0   Data          28  stm32f4xx_fsmc.o(.constdata)
    Region$$Table$$Base                      0x0800ae14   Number         0  anon$$obj.o(Region$$Table)
    Region$$Table$$Limit                     0x0800ae34   Number         0  anon$$obj.o(Region$$Table)
    Bmp001                                   0x20000000   Data         512  main.o(.data)
    Bmp002                                   0x20000200   Data         512  main.o(.data)
    len                                      0x20000400   Data           2  main.o(.data)
    height                                   0x20000402   Data           2  main.o(.data)
    stopContinue                             0x20000404   Data           1  main.o(.data)
    stdIdFg                                  0x20000405   Data           1  main.o(.data)
    stdNameFg                                0x20000406   Data           1  main.o(.data)
    lrOrUd                                   0x20000407   Data           1  main.o(.data)
    SystemCoreClock                          0x20000408   Data           4  system_stm32f4xx.o(.data)
    AHBPrescTable                            0x2000040c   Data          16  system_stm32f4xx.o(.data)
    POINT_COLOR                              0x2000041c   Data           2  lcd.o(.data)
    BACK_COLOR                               0x2000041e   Data           2  lcd.o(.data)
    __stdout                                 0x20000428   Data           4  usart.o(.data)
    USART_RX_STA                             0x2000042c   Data           2  usart.o(.data)
    lcddev                                   0x20000440   Data          14  lcd.o(.bss)
    USART_RX_BUF                             0x2000044e   Data         200  usart.o(.bss)
    __libspace_start                         0x20000518   Data          96  libspace.o(.bss)
    __temporary_stack_top$libspace           0x20000578   Data           0  libspace.o(.bss)



==============================================================================

Memory Map of the image

  Image Entry point : 0x08000189

  Load Region LR_IROM1 (Base: 0x08000000, Size: 0x0000b274, Max: 0x00100000, ABSOLUTE, COMPRESSED[0x0000afc8])

    Execution Region ER_IROM1 (Exec base: 0x08000000, Load base: 0x08000000, Size: 0x0000ae34, Max: 0x00100000, ABSOLUTE)

    Exec Addr    Load Addr    Size         Type   Attr      Idx    E Section Name        Object

    0x08000000   0x08000000   0x00000188   Data   RO          483    RESET               startup_stm32f40_41xxx.o
    0x08000188   0x08000188   0x00000008   Code   RO          708  * !!!main             c_w.l(__main.o)
    0x08000190   0x08000190   0x00000034   Code   RO          897    !!!scatter          c_w.l(__scatter.o)
    0x080001c4   0x080001c4   0x0000005a   Code   RO          895    !!dczerorl2         c_w.l(__dczerorl2.o)
    0x0800021e   0x0800021e   0x00000002   PAD
    0x08000220   0x08000220   0x0000001c   Code   RO          899    !!handler_zi        c_w.l(__scatter_zi.o)
    0x0800023c   0x0800023c   0x00000000   Code   RO          705    .ARM.Collect$$_printf_percent$$00000000  c_w.l(_printf_percent.o)
    0x0800023c   0x0800023c   0x00000006   Code   RO          704    .ARM.Collect$$_printf_percent$$0000000C  c_w.l(_printf_x.o)
    0x08000242   0x08000242   0x00000004   Code   RO          729    .ARM.Collect$$_printf_percent$$00000017  c_w.l(_printf_percent_end.o)
    0x08000246   0x08000246   0x00000002   Code   RO          767    .ARM.Collect$$libinit$$00000000  c_w.l(libinit.o)
    0x08000248   0x08000248   0x00000004   Code   RO          773    .ARM.Collect$$libinit$$00000001  c_w.l(libinit2.o)
    0x0800024c   0x0800024c   0x00000000   Code   RO          776    .ARM.Collect$$libinit$$00000004  c_w.l(libinit2.o)
    0x0800024c   0x0800024c   0x00000000   Code   RO          779    .ARM.Collect$$libinit$$0000000A  c_w.l(libinit2.o)
    0x0800024c   0x0800024c   0x00000000   Code   RO          781    .ARM.Collect$$libinit$$0000000C  c_w.l(libinit2.o)
    0x0800024c   0x0800024c   0x00000000   Code   RO          783    .ARM.Collect$$libinit$$0000000E  c_w.l(libinit2.o)
    0x0800024c   0x0800024c   0x00000000   Code   RO          786    .ARM.Collect$$libinit$$00000011  c_w.l(libinit2.o)
    0x0800024c   0x0800024c   0x00000000   Code   RO          788    .ARM.Collect$$libinit$$00000013  c_w.l(libinit2.o)
    0x0800024c   0x0800024c   0x00000000   Code   RO          790    .ARM.Collect$$libinit$$00000015  c_w.l(libinit2.o)
    0x0800024c   0x0800024c   0x00000000   Code   RO          792    .ARM.Collect$$libinit$$00000017  c_w.l(libinit2.o)
    0x0800024c   0x0800024c   0x00000000   Code   RO          794    .ARM.Collect$$libinit$$00000019  c_w.l(libinit2.o)
    0x0800024c   0x0800024c   0x00000000   Code   RO          796    .ARM.Collect$$libinit$$0000001B  c_w.l(libinit2.o)
    0x0800024c   0x0800024c   0x00000000   Code   RO          798    .ARM.Collect$$libinit$$0000001D  c_w.l(libinit2.o)
    0x0800024c   0x0800024c   0x00000000   Code   RO          800    .ARM.Collect$$libinit$$0000001F  c_w.l(libinit2.o)
    0x0800024c   0x0800024c   0x00000000   Code   RO          802    .ARM.Collect$$libinit$$00000021  c_w.l(libinit2.o)
    0x0800024c   0x0800024c   0x00000000   Code   RO          804    .ARM.Collect$$libinit$$00000023  c_w.l(libinit2.o)
    0x0800024c   0x0800024c   0x00000000   Code   RO          806    .ARM.Collect$$libinit$$00000025  c_w.l(libinit2.o)
    0x0800024c   0x0800024c   0x00000000   Code   RO          810    .ARM.Collect$$libinit$$0000002C  c_w.l(libinit2.o)
    0x0800024c   0x0800024c   0x00000000   Code   RO          812    .ARM.Collect$$libinit$$0000002E  c_w.l(libinit2.o)
    0x0800024c   0x0800024c   0x00000000   Code   RO          814    .ARM.Collect$$libinit$$00000030  c_w.l(libinit2.o)
    0x0800024c   0x0800024c   0x00000000   Code   RO          816    .ARM.Collect$$libinit$$00000032  c_w.l(libinit2.o)
    0x0800024c   0x0800024c   0x00000002   Code   RO          817    .ARM.Collect$$libinit$$00000033  c_w.l(libinit2.o)
    0x0800024e   0x0800024e   0x00000002   Code   RO          835    .ARM.Collect$$libshutdown$$00000000  c_w.l(libshutdown.o)
    0x08000250   0x08000250   0x00000000   Code   RO          845    .ARM.Collect$$libshutdown$$00000002  c_w.l(libshutdown2.o)
    0x08000250   0x08000250   0x00000000   Code   RO          847    .ARM.Collect$$libshutdown$$00000004  c_w.l(libshutdown2.o)
    0x08000250   0x08000250   0x00000000   Code   RO          849    .ARM.Collect$$libshutdown$$00000006  c_w.l(libshutdown2.o)
    0x08000250   0x08000250   0x00000000   Code   RO          852    .ARM.Collect$$libshutdown$$00000009  c_w.l(libshutdown2.o)
    0x08000250   0x08000250   0x00000000   Code   RO          855    .ARM.Collect$$libshutdown$$0000000C  c_w.l(libshutdown2.o)
    0x08000250   0x08000250   0x00000000   Code   RO          857    .ARM.Collect$$libshutdown$$0000000E  c_w.l(libshutdown2.o)
    0x08000250   0x08000250   0x00000000   Code   RO          860    .ARM.Collect$$libshutdown$$00000011  c_w.l(libshutdown2.o)
    0x08000250   0x08000250   0x00000002   Code   RO          861    .ARM.Collect$$libshutdown$$00000012  c_w.l(libshutdown2.o)
    0x08000252   0x08000252   0x00000000   Code   RO          724    .ARM.Collect$$rtentry$$00000000  c_w.l(__rtentry.o)
    0x08000252   0x08000252   0x00000000   Code   RO          736    .ARM.Collect$$rtentry$$00000002  c_w.l(__rtentry2.o)
    0x08000252   0x08000252   0x00000006   Code   RO          748    .ARM.Collect$$rtentry$$00000004  c_w.l(__rtentry4.o)
    0x08000258   0x08000258   0x00000000   Code   RO          738    .ARM.Collect$$rtentry$$00000009  c_w.l(__rtentry2.o)
    0x08000258   0x08000258   0x00000004   Code   RO          739    .ARM.Collect$$rtentry$$0000000A  c_w.l(__rtentry2.o)
    0x0800025c   0x0800025c   0x00000000   Code   RO          741    .ARM.Collect$$rtentry$$0000000C  c_w.l(__rtentry2.o)
    0x0800025c   0x0800025c   0x00000008   Code   RO          742    .ARM.Collect$$rtentry$$0000000D  c_w.l(__rtentry2.o)
    0x08000264   0x08000264   0x00000002   Code   RO          771    .ARM.Collect$$rtexit$$00000000  c_w.l(rtexit.o)
    0x08000266   0x08000266   0x00000000   Code   RO          819    .ARM.Collect$$rtexit$$00000002  c_w.l(rtexit2.o)
    0x08000266   0x08000266   0x00000004   Code   RO          820    .ARM.Collect$$rtexit$$00000003  c_w.l(rtexit2.o)
    0x0800026a   0x0800026a   0x00000006   Code   RO          821    .ARM.Collect$$rtexit$$00000004  c_w.l(rtexit2.o)
    0x08000270   0x08000270   0x00000328   Code   RO            3    .text               main.o
    0x08000598   0x08000598   0x0000001a   Code   RO          175    .text               stm32f4xx_it.o
    0x080005b2   0x080005b2   0x00000002   PAD
    0x080005b4   0x080005b4   0x00000210   Code   RO          224    .text               system_stm32f4xx.o
    0x080007c4   0x080007c4   0x00000040   Code   RO          250    .text               led.o
    0x08000804   0x08000804   0x00004c80   Code   RO          270    .text               lcd.o
    0x08005484   0x08005484   0x00000104   Code   RO          308    .text               key.o
    0x08005588   0x08005588   0x00000950   Code   RO          329    .text               myiic.o
    0x08005ed8   0x08005ed8   0x0000017a   Code   RO          352    .text               24cxx.o
    0x08006052   0x08006052   0x00000002   PAD
    0x08006054   0x08006054   0x0000005c   Code   RO          372    .text               timer.o
    0x080060b0   0x080060b0   0x000000de   Code   RO          392    .text               exti.o
    0x0800618e   0x0800618e   0x00000002   PAD
    0x08006190   0x08006190   0x00000104   Code   RO          412    .text               delay.o
    0x08006294   0x08006294   0x0000014c   Code   RO          452    .text               usart.o
    0x080063e0   0x080063e0   0x00000040   Code   RO          484    .text               startup_stm32f40_41xxx.o
    0x08006420   0x08006420   0x000000e0   Code   RO          490    .text               misc.o
    0x08006500   0x08006500   0x00000294   Code   RO          510    .text               stm32f4xx_gpio.o
    0x08006794   0x08006794   0x000005c8   Code   RO          530    .text               stm32f4xx_fsmc.o
    0x08006d5c   0x08006d5c   0x0000065c   Code   RO          553    .text               stm32f4xx_rcc.o
    0x080073b8   0x080073b8   0x00000094   Code   RO          575    .text               stm32f4xx_syscfg.o
    0x0800744c   0x0800744c   0x00000454   Code   RO          595    .text               stm32f4xx_usart.o
    0x080078a0   0x080078a0   0x00000ca2   Code   RO          615    .text               stm32f4xx_tim.o
    0x08008542   0x08008542   0x00000002   PAD
    0x08008544   0x08008544   0x00000110   Code   RO          635    .text               stm32f4xx_exti.o
    0x08008654   0x08008654   0x00000002   Code   RO          655    .text               c_w.l(use_no_semi_2.o)
    0x08008656   0x08008656   0x00000002   PAD
    0x08008658   0x08008658   0x00000018   Code   RO          659    .text               c_w.l(noretval__2printf.o)
    0x08008670   0x08008670   0x00000068   Code   RO          661    .text               c_w.l(__printf.o)
    0x080086d8   0x080086d8   0x00000058   Code   RO          666    .text               c_w.l(_printf_hex_int.o)
    0x08008730   0x08008730   0x00000006   Code   RO          706    .text               c_w.l(heapauxi.o)
    0x08008736   0x08008736   0x00000002   Code   RO          722    .text               c_w.l(use_no_semi.o)
    0x08008738   0x08008738   0x000000b2   Code   RO          725    .text               c_w.l(_printf_intcommon.o)
    0x080087ea   0x080087ea   0x00000002   PAD
    0x080087ec   0x080087ec   0x00000024   Code   RO          727    .text               c_w.l(_printf_char_file.o)
    0x08008810   0x08008810   0x00000030   Code   RO          750    .text               c_w.l(_printf_char_common.o)
    0x08008840   0x08008840   0x00000008   Code   RO          752    .text               c_w.l(ferror.o)
    0x08008848   0x08008848   0x0000004a   Code   RO          756    .text               c_w.l(sys_stackheap_outer.o)
    0x08008892   0x08008892   0x00000012   Code   RO          760    .text               c_w.l(exit.o)
    0x080088a4   0x080088a4   0x00000008   Code   RO          768    .text               c_w.l(libspace.o)
    0x080088ac   0x080088ac   0x0000005a   Code   RO          710    x$fpl$dfixu         fz_wm.l(dfixu.o)
    0x08008906   0x08008906   0x00000026   Code   RO          714    x$fpl$dfltu         fz_wm.l(dflt_clz.o)
    0x0800892c   0x0800892c   0x00000154   Code   RO          720    x$fpl$dmul          fz_wm.l(dmul.o)
    0x08008a80   0x08008a80   0x0000009c   Code   RO          730    x$fpl$dnaninf       fz_wm.l(dnaninf.o)
    0x08008b1c   0x08008b1c   0x0000000c   Code   RO          732    x$fpl$dretinf       fz_wm.l(dretinf.o)
    0x08008b28   0x08008b28   0x0000000a   Code   RO          827    x$fpl$fpinit        fz_wm.l(fpinit.o)
    0x08008b32   0x08008b32   0x00000000   Code   RO          734    x$fpl$usenofp       fz_wm.l(usenofp.o)
    0x08008b32   0x08008b32   0x000017c0   Data   RO          272    .constdata          lcd.o
    0x0800a2f2   0x0800a2f2   0x00000ade   Data   RO          330    .constdata          myiic.o
    0x0800add0   0x0800add0   0x0000001c   Data   RO          531    .constdata          stm32f4xx_fsmc.o
    0x0800adec   0x0800adec   0x00000028   Data   RO          667    .constdata          c_w.l(_printf_hex_int.o)
    0x0800ae14   0x0800ae14   0x00000020   Data   RO          893    Region$$Table       anon$$obj.o


    Execution Region RW_IRAM1 (Exec base: 0x20000000, Load base: 0x0800ae34, Size: 0x00000b78, Max: 0x00020000, ABSOLUTE, COMPRESSED[0x00000194])

    Exec Addr    Load Addr    Size         Type   Attr      Idx    E Section Name        Object

    0x20000000   COMPRESSED   0x00000408   Data   RW            4    .data               main.o
    0x20000408   COMPRESSED   0x00000014   Data   RW          225    .data               system_stm32f4xx.o
    0x2000041c   COMPRESSED   0x00000004   Data   RW          273    .data               lcd.o
    0x20000420   COMPRESSED   0x00000001   Data   RW          309    .data               key.o
    0x20000421   COMPRESSED   0x00000001   PAD
    0x20000422   COMPRESSED   0x00000004   Data   RW          413    .data               delay.o
    0x20000426   COMPRESSED   0x00000002   PAD
    0x20000428   COMPRESSED   0x00000006   Data   RW          454    .data               usart.o
    0x2000042e   COMPRESSED   0x00000010   Data   RW          554    .data               stm32f4xx_rcc.o
    0x2000043e   COMPRESSED   0x00000002   PAD
    0x20000440        -       0x0000000e   Zero   RW          271    .bss                lcd.o
    0x2000044e        -       0x000000c8   Zero   RW          453    .bss                usart.o
    0x20000516   COMPRESSED   0x00000002   PAD
    0x20000518        -       0x00000060   Zero   RW          769    .bss                c_w.l(libspace.o)
    0x20000578        -       0x00000200   Zero   RW          482    HEAP                startup_stm32f40_41xxx.o
    0x20000778        -       0x00000400   Zero   RW          481    STACK               startup_stm32f40_41xxx.o


==============================================================================

Image component sizes


      Code (inc. data)   RO Data    RW Data    ZI Data      Debug   Object Name

       378          0          0          0          0       2886   24cxx.o
       260          8          0          4          0       1549   delay.o
       222          0          0          0          0        729   exti.o
       260         12          0          1          0        912   key.o
     19584        174       6080          4         14      23122   lcd.o
        64          4          0          0          0        559   led.o
       808         48          0       1032          0     295703   main.o
       224         20          0          0          0       1885   misc.o
      2384         42       2782          0          0       8349   myiic.o
        64         26        392          0       1536        864   startup_stm32f40_41xxx.o
       272         10          0          0          0       2355   stm32f4xx_exti.o
      1480         18         28          0          0       5750   stm32f4xx_fsmc.o
       660         44          0          0          0       4225   stm32f4xx_gpio.o
        26          0          0          0          0       1258   stm32f4xx_it.o
      1628         52          0         16          0      13136   stm32f4xx_rcc.o
       148         12          0          0          0       1877   stm32f4xx_syscfg.o
      3234         60          0          0          0      23084   stm32f4xx_tim.o
      1108         34          0          0          0       7952   stm32f4xx_usart.o
       528         46          0         20          0       1879   system_stm32f4xx.o
        92          4          0          0          0        728   timer.o
       332         18          0          6        200       3538   usart.o

    ----------------------------------------------------------------------
     33764        632       9314       1088       1752     402340   Object Totals
         0          0         32          0          0          0   (incl. Generated)
         8          0          0          5          2          0   (incl. Padding)

    ----------------------------------------------------------------------

      Code (inc. data)   RO Data    RW Data    ZI Data      Debug   Library Member Name

        90          0          0          0          0          0   __dczerorl2.o
         8          0          0          0          0         68   __main.o
       104          0          0          0          0         84   __printf.o
         0          0          0          0          0          0   __rtentry.o
        12          0          0          0          0          0   __rtentry2.o
         6          0          0          0          0          0   __rtentry4.o
        52          8          0          0          0          0   __scatter.o
        28          0          0          0          0          0   __scatter_zi.o
        48          6          0          0          0         96   _printf_char_common.o
        36          4          0          0          0         80   _printf_char_file.o
        88          4         40          0          0         88   _printf_hex_int.o
       178          0          0          0          0         88   _printf_intcommon.o
         0          0          0          0          0          0   _printf_percent.o
         4          0          0          0          0          0   _printf_percent_end.o
         6          0          0          0          0          0   _printf_x.o
        18          0          0          0          0         80   exit.o
         8          0          0          0          0         68   ferror.o
         6          0          0          0          0        152   heapauxi.o
         2          0          0          0          0          0   libinit.o
         6          0          0          0          0          0   libinit2.o
         2          0          0          0          0          0   libshutdown.o
         2          0          0          0          0          0   libshutdown2.o
         8          4          0          0         96         68   libspace.o
        24          4          0          0          0         84   noretval__2printf.o
         2          0          0          0          0          0   rtexit.o
        10          0          0          0          0          0   rtexit2.o
        74          0          0          0          0         80   sys_stackheap_outer.o
         2          0          0          0          0         68   use_no_semi.o
         2          0          0          0          0         68   use_no_semi_2.o
        90          4          0          0          0        140   dfixu.o
        38          0          0          0          0        116   dflt_clz.o
       340         12          0          0          0        152   dmul.o
       156          4          0          0          0        140   dnaninf.o
        12          0          0          0          0        116   dretinf.o
        10          0          0          0          0        116   fpinit.o
         0          0          0          0          0          0   usenofp.o

    ----------------------------------------------------------------------
      1478         50         40          0         96       1952   Library Totals
         6          0          0          0          0          0   (incl. Padding)

    ----------------------------------------------------------------------

      Code (inc. data)   RO Data    RW Data    ZI Data      Debug   Library Name

       826         30         40          0         96       1172   c_w.l
       646         20          0          0          0        780   fz_wm.l

    ----------------------------------------------------------------------
      1478         50         40          0         96       1952   Library Totals

    ----------------------------------------------------------------------

==============================================================================


      Code (inc. data)   RO Data    RW Data    ZI Data      Debug   

     35242        682       9354       1088       1848     399172   Grand Totals
     35242        682       9354        404       1848     399172   ELF Image Totals (compressed)
     35242        682       9354        404          0          0   ROM Totals

==============================================================================

    Total RO  Size (Code + RO Data)                44596 (  43.55kB)
    Total RW  Size (RW Data + ZI Data)              2936 (   2.87kB)
    Total ROM Size (Code + RO Data + RW Data)      45000 (  43.95kB)

==============================================================================

