Component: ARM Compiler 5.06 update 7 for Certification (build 960) Tool: armlink [4d3601]

==============================================================================

Section Cross References

    main.o(.text) refers to lcd.o(.text) for LCD_Clear
    main.o(.text) refers to key.o(.text) for KEY_Scan
    main.o(.text) refers to touch.o(.text) for TP_Draw_Big_Point
    main.o(.text) refers to delay.o(.text) for delay_ms
    main.o(.text) refers to misc.o(.text) for NVIC_PriorityGroupConfig
    main.o(.text) refers to usart.o(.text) for uart_init
    main.o(.text) refers to noretval__2printf.o(.text) for __2printf
    main.o(.text) refers to led.o(.text) for LED_Init
    main.o(.text) refers to lcd.o(.data) for POINT_COLOR
    main.o(.text) refers to lcd.o(.bss) for lcddev
    main.o(.text) refers to touch.o(.data) for tp_dev
    main.o(.text) refers to main.o(.constdata) for POINT_COLOR_TBL
    main.o(.text) refers to usmart_config.o(.data) for usmart_dev
    system_stm32f4xx.o(.text) refers to system_stm32f4xx.o(.data) for SystemCoreClock
    led.o(.text) refers to stm32f4xx_rcc.o(.text) for RCC_AHB1PeriphClockCmd
    led.o(.text) refers to stm32f4xx_gpio.o(.text) for GPIO_Init
    lcd.o(.text) refers to _printf_percent.o(.ARM.Collect$$_printf_percent$$00000000) for _printf_percent
    lcd.o(.text) refers to _printf_x.o(.ARM.Collect$$_printf_percent$$0000000C) for _printf_x
    lcd.o(.text) refers to _printf_hex_int.o(.text) for _printf_longlong_hex
    lcd.o(.text) refers to delay.o(.text) for delay_us
    lcd.o(.text) refers to lcd.o(.bss) for lcddev
    lcd.o(.text) refers to lcd.o(.data) for POINT_COLOR
    lcd.o(.text) refers to dflt_clz.o(x$fpl$dfltu) for __aeabi_ui2d
    lcd.o(.text) refers to dmul.o(x$fpl$dmul) for __aeabi_dmul
    lcd.o(.text) refers to dfixu.o(x$fpl$dfixu) for __aeabi_d2uiz
    lcd.o(.text) refers to stm32f4xx_rcc.o(.text) for RCC_AHB1PeriphClockCmd
    lcd.o(.text) refers to stm32f4xx_gpio.o(.text) for GPIO_Init
    lcd.o(.text) refers to stm32f4xx_fsmc.o(.text) for FSMC_NORSRAMInit
    lcd.o(.text) refers to noretval__2printf.o(.text) for __2printf
    lcd.o(.text) refers to lcd.o(.constdata) for asc2_1206
    key.o(.text) refers to stm32f4xx_rcc.o(.text) for RCC_AHB1PeriphClockCmd
    key.o(.text) refers to stm32f4xx_gpio.o(.text) for GPIO_Init
    key.o(.text) refers to delay.o(.text) for delay_ms
    key.o(.text) refers to key.o(.data) for key_up
    myiic.o(.text) refers to stm32f4xx_rcc.o(.text) for RCC_AHB1PeriphClockCmd
    myiic.o(.text) refers to stm32f4xx_gpio.o(.text) for GPIO_Init
    myiic.o(.text) refers to delay.o(.text) for delay_us
    24cxx.o(.text) refers to myiic.o(.text) for IIC_Init
    24cxx.o(.text) refers to delay.o(.text) for delay_ms
    ctiic.o(.text) refers to delay.o(.text) for delay_us
    ctiic.o(.text) refers to stm32f4xx_rcc.o(.text) for RCC_AHB1PeriphClockCmd
    ctiic.o(.text) refers to stm32f4xx_gpio.o(.text) for GPIO_Init
    gt9147.o(.text) refers to _printf_percent.o(.ARM.Collect$$_printf_percent$$00000000) for _printf_percent
    gt9147.o(.text) refers to _printf_s.o(.ARM.Collect$$_printf_percent$$00000014) for _printf_s
    gt9147.o(.text) refers to _printf_str.o(.text) for _printf_str
    gt9147.o(.text) refers to _printf_d.o(.ARM.Collect$$_printf_percent$$00000009) for _printf_d
    gt9147.o(.text) refers to _printf_dec.o(.text) for _printf_int_dec
    gt9147.o(.text) refers to ctiic.o(.text) for CT_IIC_Start
    gt9147.o(.text) refers to stm32f4xx_rcc.o(.text) for RCC_AHB1PeriphClockCmd
    gt9147.o(.text) refers to stm32f4xx_gpio.o(.text) for GPIO_Init
    gt9147.o(.text) refers to delay.o(.text) for delay_ms
    gt9147.o(.text) refers to noretval__2printf.o(.text) for __2printf
    gt9147.o(.text) refers to strcmpv7m.o(.text) for strcmp
    gt9147.o(.text) refers to gt9147.o(.constdata) for GT9147_CFG_TBL
    gt9147.o(.text) refers to gt9147.o(.data) for t
    gt9147.o(.text) refers to touch.o(.data) for tp_dev
    gt9147.o(.text) refers to lcd.o(.bss) for lcddev
    ott2001a.o(.text) refers to _printf_percent.o(.ARM.Collect$$_printf_percent$$00000000) for _printf_percent
    ott2001a.o(.text) refers to _printf_x.o(.ARM.Collect$$_printf_percent$$0000000C) for _printf_x
    ott2001a.o(.text) refers to _printf_hex_int.o(.text) for _printf_longlong_hex
    ott2001a.o(.text) refers to ctiic.o(.text) for CT_IIC_Start
    ott2001a.o(.text) refers to stm32f4xx_rcc.o(.text) for RCC_AHB1PeriphClockCmd
    ott2001a.o(.text) refers to stm32f4xx_gpio.o(.text) for GPIO_Init
    ott2001a.o(.text) refers to delay.o(.text) for delay_ms
    ott2001a.o(.text) refers to noretval__2printf.o(.text) for __2printf
    ott2001a.o(.text) refers to dflt_clz.o(x$fpl$dflt) for __aeabi_i2d
    ott2001a.o(.text) refers to dmul.o(x$fpl$dmul) for __aeabi_dmul
    ott2001a.o(.text) refers to dfixu.o(x$fpl$dfixu) for __aeabi_d2uiz
    ott2001a.o(.text) refers to daddsub_clz.o(x$fpl$drsb) for __aeabi_drsub
    ott2001a.o(.text) refers to ott2001a.o(.data) for t
[...]
    x$fpl$dflt                               0x0800b4f2   Section       46  dflt_clz.o(x$fpl$dflt)
    $v0                                      0x0800b4f2   Number         0  dflt_clz.o(x$fpl$dflt)
    x$fpl$dfltu                              0x0800b520   Section       38  dflt_clz.o(x$fpl$dfltu)
    $v0                                      0x0800b520   Number         0  dflt_clz.o(x$fpl$dfltu)
    x$fpl$dleqf                              0x0800b548   Section      120  dleqf.o(x$fpl$dleqf)
    $v0                                      0x0800b548   Number         0  dleqf.o(x$fpl$dleqf)
    x$fpl$dmul                               0x0800b5c0   Section      340  dmul.o(x$fpl$dmul)
    $v0                                      0x0800b5c0   Number         0  dmul.o(x$fpl$dmul)
    x$fpl$dnaninf                            0x0800b714   Section      156  dnaninf.o(x$fpl$dnaninf)
    $v0                                      0x0800b714   Number         0  dnaninf.o(x$fpl$dnaninf)
    x$fpl$dretinf                            0x0800b7b0   Section       12  dretinf.o(x$fpl$dretinf)
    $v0                                      0x0800b7b0   Number         0  dretinf.o(x$fpl$dretinf)
    x$fpl$drleqf                             0x0800b7bc   Section      108  drleqf.o(x$fpl$drleqf)
    $v0                                      0x0800b7bc   Number         0  drleqf.o(x$fpl$drleqf)
    x$fpl$drsb                               0x0800b828   Section       22  daddsub_clz.o(x$fpl$drsb)
    $v0                                      0x0800b828   Number         0  daddsub_clz.o(x$fpl$drsb)
    x$fpl$dsqrt                              0x0800b840   Section      408  dsqrt_umaal.o(x$fpl$dsqrt)
    $v0                                      0x0800b840   Number         0  dsqrt_umaal.o(x$fpl$dsqrt)
    x$fpl$dsub                               0x0800b9d8   Section      468  daddsub_clz.o(x$fpl$dsub)
    $v0                                      0x0800b9d8   Number         0  daddsub_clz.o(x$fpl$dsub)
    _dsub1                                   0x0800b9e9   Thumb Code     0  daddsub_clz.o(x$fpl$dsub)
    x$fpl$f2d                                0x0800bbac   Section       86  f2d.o(x$fpl$f2d)
    $v0                                      0x0800bbac   Number         0  f2d.o(x$fpl$f2d)
    x$fpl$fnaninf                            0x0800bc02   Section      140  fnaninf.o(x$fpl$fnaninf)
    $v0                                      0x0800bc02   Number         0  fnaninf.o(x$fpl$fnaninf)
    x$fpl$fpinit                             0x0800bc8e   Section       10  fpinit.o(x$fpl$fpinit)
    $v0                                      0x0800bc8e   Number         0  fpinit.o(x$fpl$fpinit)
    .constdata                               0x0800bc98   Section       10  main.o(.constdata)
    x$fpl$usenofp                            0x0800bc98   Section        0  usenofp.o(x$fpl$usenofp)
    .constdata                               0x0800bca2   Section     6080  lcd.o(.constdata)
    .constdata                               0x0800d462   Section      194  gt9147.o(.constdata)
    .constdata                               0x0800d524   Section       10  ott2001a.o(.constdata)
    .constdata                               0x0800d52e   Section       10  ft5206.o(.constdata)
    .constdata                               0x0800d538   Section        4  touch.o(.constdata)
    .constdata                               0x0800d53c   Section       28  stm32f4xx_fsmc.o(.constdata)
    .constdata                               0x0800d558   Section       40  _printf_hex_int.o(.constdata)
    uc_hextab                                0x0800d558   Data          20  _printf_hex_int.o(.constdata)
    lc_hextab                                0x0800d56c   Data          20  _printf_hex_int.o(.constdata)
    .constdata                               0x0800d580   Section       17  __printf_flags_ss_wp.o(.constdata)
    maptable                                 0x0800d580   Data          17  __printf_flags_ss_wp.o(.constdata)
    .conststring                             0x0800d594   Section      121  touch.o(.conststring)
    .conststring                             0x0800d610   Section       40  usmart.o(.conststring)
    .conststring                             0x0800d638   Section      759  usmart_config.o(.conststring)
    .data                                    0x20000000   Section       20  system_stm32f4xx.o(.data)
    .data                                    0x20000014   Section        4  lcd.o(.data)
    .data                                    0x20000018   Section        1  key.o(.data)
    key_up                                   0x20000018   Data           1  key.o(.data)
    .data                                    0x20000019   Section        1  gt9147.o(.data)
    t                                        0x20000019   Data           1  gt9147.o(.data)
    .data                                    0x2000001a   Section        1  ott2001a.o(.data)
    t                                        0x2000001a   Data           1  ott2001a.o(.data)
    .data                                    0x2000001b   Section        1  ft5206.o(.data)
    t                                        0x2000001b   Data           1  ft5206.o(.data)
    .data                                    0x2000001c   Section       54  touch.o(.data)
    .data                                    0x20000052   Section        4  delay.o(.data)
    fac_us                                   0x20000052   Data           1  delay.o(.data)
    fac_ms                                   0x20000054   Data           2  delay.o(.data)
    .data                                    0x20000058   Section        6  usart.o(.data)
    .data                                    0x2000005e   Section       16  stm32f4xx_rcc.o(.data)
    APBAHBPrescTable                         0x2000005e   Data          16  stm32f4xx_rcc.o(.data)
    .data                                    0x20000070   Section       28  usmart.o(.data)
    .data                                    0x2000008c   Section      388  usmart_config.o(.data)
    .bss                                     0x20000210   Section       14  lcd.o(.bss)
    .bss                                     0x2000021e   Section      200  usart.o(.bss)
    .bss                                     0x200002e8   Section       96  libspace.o(.bss)
    HEAP                                     0x20000348   Section      512  startup_stm32f40_41xxx.o(HEAP)
    Heap_Mem                                 0x20000348   Data         512  startup_stm32f40_41xxx.o(HEAP)
    STACK                                    0x20000548   Section     1024  startup_stm32f40_41xxx.o(STACK)
    Stack_Mem                                0x20000548   Data        1024  startup_stm32f40_41xxx.o(STACK)
    __initial_sp                             0x20000948   Data           0  startup_stm32f40_41xxx.o(STACK)

    Global Symbols

    Symbol Name                              Value     Ov Type        Size  Object(Section)

    BuildAttributes$$THM_ISAv4$E$P$D$K$B$S$7EM$VFPi3$EXTD16$VFPS$VFMA$PE$A:L22UL41UL21$X:L11$S22US41US21$IEEE1$IW$USESV6$~STKCKD$USESV7$~SHL$OTIME$ROPI$IEEEJ$EBA8$UX$STANDARDLIB$REQ8$PRES8$EABIv2 0x00000000   Number         0  anon$$obj.o ABSOLUTE
    __ARM_use_no_argv                        0x00000000   Number         0  main.o ABSOLUTE
    _printf_flags                            0x00000000   Number         0  printf_stubs.o ABSOLUTE
    _printf_return_value                     0x00000000   Number         0  printf_stubs.o ABSOLUTE
    _printf_sizespec                         0x00000000   Number         0  printf_stubs.o ABSOLUTE
    _printf_widthprec                        0x00000000   Number         0  printf_stubs.o ABSOLUTE
    __ARM_exceptions_init                     - Undefined Weak Reference
    __alloca_initialize                       - Undefined Weak Reference
    __arm_fini_                               - Undefined Weak Reference
    __arm_preinit_                            - Undefined Weak Reference
    __cpp_initialize__aeabi_                  - Undefined Weak Reference
    __cxa_finalize                            - Undefined Weak Reference
    __rt_locale                               - Undefined Weak Reference
    __sigvec_lookup                           - Undefined Weak Reference
    _atexit_init                              - Undefined Weak Reference
    _call_atexit_fns                          - Undefined Weak Reference
    _clock_init                               - Undefined Weak Reference
    _fp_trap_init                             - Undefined Weak Reference
    _fp_trap_shutdown                         - Undefined Weak Reference
    _get_lc_collate                           - Undefined Weak Reference
    _get_lc_ctype                             - Undefined Weak Reference
    _get_lc_monetary                          - Undefined Weak Reference
    _get_lc_numeric                           - Undefined Weak Reference
    _get_lc_time                              - Undefined Weak Reference
    _getenv_init                              - Undefined Weak Reference
    _handle_redirection                       - Undefined Weak Reference
    _init_alloc                               - Undefined Weak Reference
    _init_user_alloc                          - Undefined Weak Reference
    _initio                                   - Undefined Weak Reference
    _mutex_acquire                            - Undefined Weak Reference
    _mutex_release                            - Undefined Weak Reference
    _printf_mbtowc                            - Undefined Weak Reference
    _printf_truncate_signed                   - Undefined Weak Reference
    _printf_truncate_unsigned                 - Undefined Weak Reference
    _rand_init                                - Undefined Weak Reference
    _signal_finish                            - Undefined Weak Reference
    _signal_init                              - Undefined Weak Reference
    _terminate_alloc                          - Undefined Weak Reference
    _terminate_user_alloc                     - Undefined Weak Reference
    _terminateio                              - Undefined Weak Reference
    __Vectors_Size                           0x00000188   Number         0  startup_stm32f40_41xxx.o ABSOLUTE
    __Vectors                                0x08000000   Data           4  startup_stm32f40_41xxx.o(RESET)
    __Vectors_End                            0x08000188   Data           0  startup_stm32f40_41xxx.o(RESET)
    __main                                   0x08000189   Thumb Code     8  __main.o(!!!main)
    __scatterload                            0x08000191   Thumb Code     0  __scatter.o(!!!scatter)
    __scatterload_rt2                        0x08000191   Thumb Code    44  __scatter.o(!!!scatter)
    __scatterload_rt2_thumb_only             0x08000191   Thumb Code     0  __scatter.o(!!!scatter)
    __scatterload_null                       0x0800019f   Thumb Code     0  __scatter.o(!!!scatter)
    __decompress                             0x080001c5   Thumb Code    90  __dczerorl2.o(!!dczerorl2)
    __decompress1                            0x080001c5   Thumb Code     0  __dczerorl2.o(!!dczerorl2)
    __scatterload_zeroinit                   0x08000221   Thumb Code    28  __scatter_zi.o(!!handler_zi)
    _printf_d                                0x0800023d   Thumb Code     0  _printf_d.o(.ARM.Collect$$_printf_percent$$00000009)
    _printf_percent                          0x0800023d   Thumb Code     0  _printf_percent.o(.ARM.Collect$$_printf_percent$$00000000)
    _printf_u                                0x08000243   Thumb Code     0  _printf_u.o(.ARM.Collect$$_printf_percent$$0000000A)
    _printf_x                                0x08000249   Thumb Code     0  _printf_x.o(.ARM.Collect$$_printf_percent$$0000000C)
    _printf_c                                0x0800024f   Thumb Code     0  _printf_c.o(.ARM.Collect$$_printf_percent$$00000013)
    _printf_s                                0x08000255   Thumb Code     0  _printf_s.o(.ARM.Collect$$_printf_percent$$00000014)
    _printf_percent_end                      0x0800025b   Thumb Code     0  _printf_percent_end.o(.ARM.Collect$$_printf_percent$$00000017)
    __rt_lib_init                            0x0800025f   Thumb Code     0  libinit.o(.ARM.Collect$$libinit$$00000000)
    __rt_lib_init_fp_1                       0x08000261   Thumb Code     0  libinit2.o(.ARM.Collect$$libinit$$00000001)
    __rt_lib_init_alloca_1                   0x08000265   Thumb Code     0  libinit2.o(.ARM.Collect$$libinit$$0000002E)
    __rt_lib_init_argv_1                     0x08000265   Thumb Code     0  libinit2.o(.ARM.Collect$$libinit$$0000002C)
    __rt_lib_init_atexit_1                   0x08000265   Thumb Code     0  libinit2.o(.ARM.Collect$$libinit$$0000001B)
    __rt_lib_init_clock_1                    0x08000265   Thumb Code     0  libinit2.o(.ARM.Collect$$libinit$$00000021)
    __rt_lib_init_cpp_1                      0x08000265   Thumb Code     0  libinit2.o(.ARM.Collect$$libinit$$00000032)
    __rt_lib_init_exceptions_1               0x08000265   Thumb Code     0  libinit2.o(.ARM.Collect$$libinit$$00000030)
    __rt_lib_init_fp_trap_1                  0x08000265   Thumb Code     0  libinit2.o(.ARM.Collect$$libinit$$0000001F)
    __rt_lib_init_getenv_1                   0x08000265   Thumb Code     0  libinit2.o(.ARM.Collect$$libinit$$00000023)
    __rt_lib_init_heap_1                     0x08000265   Thumb Code     0  libinit2.o(.ARM.Collect$$libinit$$0000000A)
    __rt_lib_init_lc_collate_1               0x08000265   Thumb Code     0  libinit2.o(.ARM.Collect$$libinit$$00000011)
    __rt_lib_init_lc_ctype_1                 0x08000265   Thumb Code     0  libinit2.o(.ARM.Collect$$libinit$$00000013)
    __rt_lib_init_lc_monetary_1              0x08000265   Thumb Code     0  libinit2.o(.ARM.Collect$$libinit$$00000015)
    __rt_lib_init_lc_numeric_1               0x08000265   Thumb Code     0  libinit2.o(.ARM.Collect$$libinit$$00000017)
    __rt_lib_init_lc_time_1                  0x08000265   Thumb Code     0  libinit2.o(.ARM.Collect$$libinit$$00000019)
    __rt_lib_init_preinit_1                  0x08000265   Thumb Code     0  libinit2.o(.ARM.Collect$$libinit$$00000004)
    __rt_lib_init_rand_1                     0x08000265   Thumb Code     0  libinit2.o(.ARM.Collect$$libinit$$0000000E)
    __rt_lib_init_return                     0x08000265   Thumb Code     0  libinit2.o(.ARM.Collect$$libinit$$00000033)
    __rt_lib_init_signal_1                   0x08000265   Thumb Code     0  libinit2.o(.ARM.Collect$$libinit$$0000001D)
    __rt_lib_init_stdio_1                    0x08000265   Thumb Code     0  libinit2.o(.ARM.Collect$$libinit$$00000025)
    __rt_lib_init_user_alloc_1               0x08000265   Thumb Code     0  libinit2.o(.ARM.Collect$$libinit$$0000000C)
    __rt_lib_shutdown                        0x08000267   Thumb Code     0  libshutdown.o(.ARM.Collect$$libshutdown$$00000000)
    __rt_lib_shutdown_cpp_1                  0x08000269   Thumb Code     0  libshutdown2.o(.ARM.Collect$$libshutdown$$00000004)
    __rt_lib_shutdown_fini_1                 0x08000269   Thumb Code     0  libshutdown2.o(.ARM.Collect$$libshutdown$$00000002)
    __rt_lib_shutdown_fp_trap_1              0x08000269   Thumb Code     0  libshutdown2.o(.ARM.Collect$$libshutdown$$00000009)
    __rt_lib_shutdown_heap_1                 0x08000269   Thumb Code     0  libshutdown2.o(.ARM.Collect$$libshutdown$$00000011)
    __rt_lib_shutdown_return                 0x08000269   Thumb Code     0  libshutdown2.o(.ARM.Collect$$libshutdown$$00000012)
    __rt_lib_shutdown_signal_1               0x08000269   Thumb Code     0  libshutdown2.o(.ARM.Collect$$libshutdown$$0000000C)
    __rt_lib_shutdown_stdio_1                0x08000269   Thumb Code     0  libshutdown2.o(.ARM.Collect$$libshutdown$$00000006)
    __rt_lib_shutdown_user_alloc_1           0x08000269   Thumb Code     0  libshutdown2.o(.ARM.Collect$$libshutdown$$0000000E)
    __rt_entry                               0x0800026b   Thumb Code     0  __rtentry.o(.ARM.Collect$$rtentry$$00000000)
    __rt_entry_presh_1                       0x0800026b   Thumb Code     0  __rtentry2.o(.ARM.Collect$$rtentry$$00000002)
    __rt_entry_sh                            0x0800026b   Thumb Code     0  __rtentry4.o(.ARM.Collect$$rtentry$$00000004)
    __rt_entry_li                            0x08000271   Thumb Code     0  __rtentry2.o(.ARM.Collect$$rtentry$$0000000A)
    __rt_entry_postsh_1                      0x08000271   Thumb Code     0  __rtentry2.o(.ARM.Collect$$rtentry$$00000009)
    __rt_entry_main                          0x08000275   Thumb Code     0  __rtentry2.o(.ARM.Collect$$rtentry$$0000000D)
    __rt_entry_postli_1                      0x08000275   Thumb Code     0  __rtentry2.o(.ARM.Collect$$rtentry$$0000000C)
    __rt_exit                                0x0800027d   Thumb Code     0  rtexit.o(.ARM.Collect$$rtexit$$00000000)
    __rt_exit_ls                             0x0800027f   Thumb Code     0  rtexit2.o(.ARM.Collect$$rtexit$$00000003)
    __rt_exit_prels_1                        0x0800027f   Thumb Code     0  rtexit2.o(.ARM.Collect$$rtexit$$00000002)
    __rt_exit_exit                           0x08000283   Thumb Code     0  rtexit2.o(.ARM.Collect$$rtexit$$00000004)
    led_set                                  0x08000289   Thumb Code     6  main.o(.text)
    test_fun                                 0x0800028f   Thumb Code    12  main.o(.text)
    Load_Drow_Dialog                         0x0800029b   Thumb Code    50  main.o(.text)
    gui_draw_hline                           0x080002cd   Thumb Code    36  main.o(.text)
    gui_fill_circle                          0x080002f1   Thumb Code   176  main.o(.text)
    my_abs                                   0x080003a1   Thumb Code    18  main.o(.text)
    lcd_draw_bline                           0x080003b3   Thumb Code   212  main.o(.text)
    rtp_test                                 0x08000487   Thumb Code   168  main.o(.text)
    ctp_test                                 0x0800052f   Thumb Code   280  main.o(.text)
    main                                     0x08000647   Thumb Code   140  main.o(.text)
    NMI_Handler                              0x080006dd   Thumb Code     2  stm32f4xx_it.o(.text)
    HardFault_Handler                        0x080006df   Thumb Code     4  stm32f4xx_it.o(.text)
    MemManage_Handler                        0x080006e3   Thumb Code     4  stm32f4xx_it.o(.text)
    BusFault_Handler                         0x080006e7   Thumb Code     4  stm32f4xx_it.o(.text)
    UsageFault_Handler                       0x080006eb   Thumb Code     4  stm32f4xx_it.o(.text)
    SVC_Handler                              0x080006ef   Thumb Code     2  stm32f4xx_it.o(.text)
    DebugMon_Handler                         0x080006f1   Thumb Code     2  stm32f4xx_it.o(.text)
    PendSV_Handler                           0x080006f3   Thumb Code     2  stm32f4xx_it.o(.text)
    SysTick_Handler                          0x080006f5   Thumb Code     2  stm32f4xx_it.o(.text)
    SystemInit                               0x080007d5   Thumb Code    88  system_stm32f4xx.o(.text)
    SystemCoreClockUpdate                    0x0800082d   Thumb Code   174  system_stm32f4xx.o(.text)
    LED_Init                                 0x08000909   Thumb Code    60  led.o(.text)
    LCD_WR_REG                               0x08000949   Thumb Code    18  lcd.o(.text)
    LCD_WR_DATA                              0x0800095b   Thumb Code    20  lcd.o(.text)
    LCD_RD_DATA                              0x0800096f   Thumb Code    16  lcd.o(.text)
    LCD_WriteReg                             0x0800097f   Thumb Code    14  lcd.o(.text)
    LCD_ReadReg                              0x0800098d   Thumb Code    22  lcd.o(.text)
    LCD_WriteRAM_Prepare                     0x080009a3   Thumb Code    10  lcd.o(.text)
    LCD_WriteRAM                             0x080009ad   Thumb Code     8  lcd.o(.text)
    LCD_BGR2RGB                              0x080009b5   Thumb Code    26  lcd.o(.text)
    opt_delay                                0x080009cf   Thumb Code    14  lcd.o(.text)
    LCD_SetCursor                            0x080009dd   Thumb Code   418  lcd.o(.text)
    LCD_ReadPoint                            0x08000b7f   Thumb Code   360  lcd.o(.text)
    LCD_DisplayOn                            0x08000ce7   Thumb Code   102  lcd.o(.text)
    LCD_DisplayOff                           0x08000d4d   Thumb Code    90  lcd.o(.text)
    LCD_Scan_Dir                             0x08000da7   Thumb Code   744  lcd.o(.text)
    LCD_DrawPoint                            0x0800108f   Thumb Code    28  lcd.o(.text)
    LCD_Fast_DrawPoint                       0x080010ab   Thumb Code   388  lcd.o(.text)
    LCD_SSD_BackLightSet                     0x0800122f   Thumb Code    88  lcd.o(.text)
    LCD_Display_Dir                          0x08001287   Thumb Code   444  lcd.o(.text)
    LCD_Set_Window                           0x08001443   Thumb Code   546  lcd.o(.text)
    LCD_Clear                                0x08001665   Thumb Code   100  lcd.o(.text)
    LCD_Init                                 0x080016c9   Thumb Code 14696  lcd.o(.text)
    LCD_Fill                                 0x08005031   Thumb Code   180  lcd.o(.text)
    LCD_Color_Fill                           0x080050e5   Thumb Code   100  lcd.o(.text)
    LCD_DrawLine                             0x08005149   Thumb Code   176  lcd.o(.text)
    LCD_DrawRectangle                        0x080051f9   Thumb Code    60  lcd.o(.text)
    LCD_Draw_Circle                          0x08005235   Thumb Code   152  lcd.o(.text)
    LCD_ShowChar                             0x080052cd   Thumb Code   272  lcd.o(.text)
    LCD_Pow                                  0x080053dd   Thumb Code    22  lcd.o(.text)
    LCD_ShowNum                              0x080053f3   Thumb Code   148  lcd.o(.text)
    LCD_ShowxNum                             0x08005487   Thumb Code   220  lcd.o(.text)
    LCD_ShowString                           0x08005563   Thumb Code   102  lcd.o(.text)
    KEY_Init                                 0x080055c9   Thumb Code    60  key.o(.text)
    KEY_Scan                                 0x08005605   Thumb Code   188  key.o(.text)
    IIC_Init                                 0x080056cd   Thumb Code    62  myiic.o(.text)
    IIC_Start                                0x0800570b   Thumb Code    68  myiic.o(.text)
    IIC_Stop                                 0x0800574f   Thumb Code    62  myiic.o(.text)
    IIC_Wait_Ack                             0x0800578d   Thumb Code    82  myiic.o(.text)
    IIC_Ack                                  0x080057df   Thumb Code    66  myiic.o(.text)
    IIC_NAck                                 0x08005821   Thumb Code    66  myiic.o(.text)
    IIC_Send_Byte                            0x08005863   Thumb Code    90  myiic.o(.text)
    IIC_Read_Byte                            0x080058bd   Thumb Code    94  myiic.o(.text)
    AT24CXX_Init                             0x08005929   Thumb Code     8  24cxx.o(.text)
    AT24CXX_ReadOneByte                      0x08005931   Thumb Code    88  24cxx.o(.text)
    AT24CXX_WriteOneByte                     0x08005989   Thumb Code    80  24cxx.o(.text)
    AT24CXX_WriteLenByte                     0x080059d9   Thumb Code    42  24cxx.o(.text)
    AT24CXX_ReadLenByte                      0x08005a03   Thumb Code    44  24cxx.o(.text)
    AT24CXX_Check                            0x08005a2f   Thumb Code    46  24cxx.o(.text)
    AT24CXX_Read                             0x08005a5d   Thumb Code    34  24cxx.o(.text)
    AT24CXX_Write                            0x08005a7f   Thumb Code    36  24cxx.o(.text)
    CT_Delay                                 0x08005aa5   Thumb Code    10  ctiic.o(.text)
    CT_IIC_Init                              0x08005aaf   Thumb Code    60  ctiic.o(.text)
    CT_IIC_Start                             0x08005aeb   Thumb Code    62  ctiic.o(.text)
    CT_IIC_Stop                              0x08005b29   Thumb Code    56  ctiic.o(.text)
    CT_IIC_Wait_Ack                          0x08005b61   Thumb Code    78  ctiic.o(.text)
    CT_IIC_Ack                               0x08005baf   Thumb Code    66  ctiic.o(.text)
    CT_IIC_NAck                              0x08005bf1   Thumb Code    66  ctiic.o(.text)
    CT_IIC_Send_Byte                         0x08005c33   Thumb Code    82  ctiic.o(.text)
    CT_IIC_Read_Byte                         0x08005c85   Thumb Code    92  ctiic.o(.text)
    GT9147_WR_Reg                            0x08005cf9   Thumb Code    92  gt9147.o(.text)
    GT9147_Send_Cfg                          0x08005d55   Thumb Code    86  gt9147.o(.text)
    GT9147_RD_Reg                            0x08005dab   Thumb Code    98  gt9147.o(.text)
    GT9147_Init                              0x08005e0d   Thumb Code   248  gt9147.o(.text)
    GT9147_Scan                              0x08005f05   Thumb Code   494  gt9147.o(.text)
    OTT2001A_WR_Reg                          0x08006141   Thumb Code    92  ott2001a.o(.text)
    OTT2001A_RD_Reg                          0x0800619d   Thumb Code    98  ott2001a.o(.text)
    OTT2001A_SensorControl                   0x080061ff   Thumb Code    28  ott2001a.o(.text)
    OTT2001A_Init                            0x0800621b   Thumb Code   142  ott2001a.o(.text)
    OTT2001A_Scan                            0x080062a9   Thumb Code   478  ott2001a.o(.text)
    FT5206_WR_Reg                            0x080064c9   Thumb Code    82  ft5206.o(.text)
    FT5206_RD_Reg                            0x0800651b   Thumb Code    88  ft5206.o(.text)
    FT5206_Init                              0x08006573   Thumb Code   202  ft5206.o(.text)
    FT5206_Scan                              0x0800663d   Thumb Code   400  ft5206.o(.text)
    TP_Write_Byte                            0x080067f5   Thumb Code    64  touch.o(.text)
    TP_Read_AD                               0x08006835   Thumb Code   132  touch.o(.text)
    TP_Read_XOY                              0x080068b9   Thumb Code   120  touch.o(.text)
    TP_Read_XY                               0x08006931   Thumb Code    38  touch.o(.text)
    TP_Read_XY2                              0x08006957   Thumb Code   192  touch.o(.text)
    TP_Drow_Touch_Point                      0x08006a17   Thumb Code   108  touch.o(.text)
    TP_Draw_Big_Point                        0x08006a83   Thumb Code    54  touch.o(.text)
    TP_Scan                                  0x08006ab9   Thumb Code   244  touch.o(.text)
    TP_Save_Adjdata                          0x08006bad   Thumb Code   166  touch.o(.text)
    TP_Get_Adjdata                           0x08006c53   Thumb Code   160  touch.o(.text)
    TP_Adj_Info_Show                         0x08006cf3   Thumb Code   374  touch.o(.text)
    TP_Adjust                                0x08006e69   Thumb Code  2290  touch.o(.text)
    TP_Init                                  0x0800775b   Thumb Code   290  touch.o(.text)
    delay_init                               0x080078d5   Thumb Code    52  delay.o(.text)
    delay_us                                 0x08007909   Thumb Code    72  delay.o(.text)
    delay_xms                                0x08007951   Thumb Code    72  delay.o(.text)
    delay_ms                                 0x08007999   Thumb Code    56  delay.o(.text)
    _sys_exit                                0x080079d9   Thumb Code     6  usart.o(.text)
    fputc                                    0x080079df   Thumb Code    22  usart.o(.text)
    uart_init                                0x080079f5   Thumb Code   164  usart.o(.text)
    USART1_IRQHandler                        0x08007a99   Thumb Code   122  usart.o(.text)
    Reset_Handler                            0x08007b25   Thumb Code     8  startup_stm32f40_41xxx.o(.text)
    ADC_IRQHandler                           0x08007b3f   Thumb Code     0  startup_stm32f40_41xxx.o(.text)
    CAN1_RX0_IRQHandler                      0x08007b3f   Thumb Code     0  startup_stm32f40_41xxx.o(.text)
    CAN1_RX1_IRQHandler                      0x08007b3f   Thumb Code     0  startup_stm32f40_41xxx.o(.text)
    CAN1_SCE_IRQHandler                      0x08007b3f   Thumb Code     0  startup_stm32f40_41xxx.o(.text)
    CAN1_TX_IRQHandler                       0x08007b3f   Thumb Code     0  startup_stm32f40_41xxx.o(.text)
    CAN2_RX0_IRQHandler                      0x08007b3f   Thumb Code     0  startup_stm32f40_41xxx.o(.text)
    CAN2_RX1_IRQHandler                      0x08007b3f   Thumb Code     0  startup_stm32f40_41xxx.o(.text)
    CAN2_SCE_IRQHandler                      0x08007b3f   Thumb Code     0  startup_stm32f40_41xxx.o(.text)
    CAN2_TX_IRQHandler                       0x08007b3f   Thumb Code     0  startup_stm32f40_41xxx.o(.text)
    CRYP_IRQHandler                          0x08007b3f   Thumb Code     0  startup_stm32f40_41xxx.o(.text)
    DCMI_IRQHandler                          0x08007b3f   Thumb Code     0  startup_stm32f40_41xxx.o(.text)
    DMA1_Stream0_IRQHandler                  0x08007b3f   Thumb Code     0  startup_stm32f40_41xxx.o(.text)
    DMA1_Stream1_IRQHandler                  0x08007b3f   Thumb Code     0  startup_stm32f40_41xxx.o(.text)
    DMA1_Stream2_IRQHandler                  0x08007b3f   Thumb Code     0  startup_stm32f40_41xxx.o(.text)
    DMA1_Stream3_IRQHandler                  0x08007b3f   Thumb Code     0  startup_stm32f40_41xxx.o(.text)
    DMA1_Stream4_IRQHandler                  0x08007b3f   Thumb Code     0  startup_stm32f40_41xxx.o(.text)
    DMA1_Stream5_IRQHandler                  0x08007b3f   Thumb Code     0  startup_stm32f40_41xxx.o(.text)
    DMA1_Stream6_IRQHandler                  0x08007b3f   Thumb Code     0  startup_stm32f40_41xxx.o(.text)
    DMA1_Stream7_IRQHandler                  0x08007b3f   Thumb Code     0  startup_stm32f40_41xxx.o(.text)
    DMA2_Stream0_IRQHandler                  0x08007b3f   Thumb Code     0  startup_stm32f40_41xxx.o(.text)
    DMA2_Stream1_IRQHandler                  0x08007b3f   Thumb Code     0  startup_stm32f40_41xxx.o(.text)
    DMA2_Stream2_IRQHandler                  0x08007b3f   Thumb Code     0  startup_stm32f40_41xxx.o(.text)
    DMA2_Stream3_IRQHandler                  0x08007b3f   Thumb Code     0  startup_stm32f40_41xxx.o(.text)
    DMA2_Stream4_IRQHandler                  0x08007b3f   Thumb Code     0  startup_stm32f40_41xxx.o(.text)
    DMA2_Stream5_IRQHandler                  0x08007b3f   Thumb Code     0  startup_stm32f40_41xxx.o(.text)
    DMA2_Stream6_IRQHandler                  0x08007b3f   Thumb Code     0  startup_stm32f40_41xxx.o(.text)
    DMA2_Stream7_IRQHandler                  0x08007b3f   Thumb Code     0  startup_stm32f40_41xxx.o(.text)
    ETH_IRQHandler                           0x08007b3f   Thumb Code     0  startup_stm32f40_41xxx.o(.text)
    ETH_WKUP_IRQHandler                      0x08007b3f   Thumb Code     0  startup_stm32f40_41xxx.o(.text)
    EXTI0_IRQHandler                         0x08007b3f   Thumb Code     0  startup_stm32f40_41xxx.o(.text)
    EXTI15_10_IRQHandler                     0x08007b3f   Thumb Code     0  startup_stm32f40_41xxx.o(.text)
    EXTI1_IRQHandler                         0x08007b3f   Thumb Code     0  startup_stm32f40_41xxx.o(.text)
    EXTI2_IRQHandler                         0x08007b3f   Thumb Code     0  startup_stm32f40_41xxx.o(.text)
    EXTI3_IRQHandler                         0x08007b3f   Thumb Code     0  startup_stm32f40_41xxx.o(.text)
    EXTI4_IRQHandler                         0x08007b3f   Thumb Code     0  startup_stm32f40_41xxx.o(.text)
    EXTI9_5_IRQHandler                       0x08007b3f   Thumb Code     0  startup_stm32f40_41xxx.o(.text)
    FLASH_IRQHandler                         0x08007b3f   Thumb Code     0  startup_stm32f40_41xxx.o(.text)
    FPU_IRQHandler                           0x08007b3f   Thumb Code     0  startup_stm32f40_41xxx.o(.text)
    FSMC_IRQHandler                          0x08007b3f   Thumb Code     0  startup_stm32f40_41xxx.o(.text)
    HASH_RNG_IRQHandler                      0x08007b3f   Thumb Code     0  startup_stm32f40_41xxx.o(.text)
    I2C1_ER_IRQHandler                       0x08007b3f   Thumb Code     0  startup_stm32f40_41xxx.o(.text)
    I2C1_EV_IRQHandler                       0x08007b3f   Thumb Code     0  startup_stm32f40_41xxx.o(.text)
    I2C2_ER_IRQHandler                       0x08007b3f   Thumb Code     0  startup_stm32f40_41xxx.o(.text)
    I2C2_EV_IRQHandler                       0x08007b3f   Thumb Code     0  startup_stm32f40_41xxx.o(.text)
    I2C3_ER_IRQHandler                       0x08007b3f   Thumb Code     0  startup_stm32f40_41xxx.o(.text)
    I2C3_EV_IRQHandler                       0x08007b3f   Thumb Code     0  startup_stm32f40_41xxx.o(.text)
    OTG_FS_IRQHandler                        0x08007b3f   Thumb Code     0  startup_stm32f40_41xxx.o(.text)
    OTG_FS_WKUP_IRQHandler                   0x08007b3f   Thumb Code     0  startup_stm32f40_41xxx.o(.text)
    OTG_HS_EP1_IN_IRQHandler                 0x08007b3f   Thumb Code     0  startup_stm32f40_41xxx.o(.text)
    OTG_HS_EP1_OUT_IRQHandler                0x08007b3f   Thumb Code     0  startup_stm32f40_41xxx.o(.text)
    OTG_HS_IRQHandler                        0x08007b3f   Thumb Code     0  startup_stm32f40_41xxx.o(.text)
    OTG_HS_WKUP_IRQHandler                   0x08007b3f   Thumb Code     0  startup_stm32f40_41xxx.o(.text)
    PVD_IRQHandler                           0x08007b3f   Thumb Code     0  startup_stm32f40_41xxx.o(.text)
    RCC_IRQHandler                           0x08007b3f   Thumb Code     0  startup_stm32f40_41xxx.o(.text)
    RTC_Alarm_IRQHandler                     0x08007b3f   Thumb Code     0  startup_stm32f40_41xxx.o(.text)
    RTC_WKUP_IRQHandler                      0x08007b3f   Thumb Code     0  startup_stm32f40_41xxx.o(.text)
    SDIO_IRQHandler                          0x08007b3f   Thumb Code     0  startup_stm32f40_41xxx.o(.text)
    SPI1_IRQHandler                          0x08007b3f   Thumb Code     0  startup_stm32f40_41xxx.o(.text)
    SPI2_IRQHandler                          0x08007b3f   Thumb Code     0  startup_stm32f40_41xxx.o(.text)
    SPI3_IRQHandler                          0x08007b3f   Thumb Code     0  startup_stm32f40_41xxx.o(.text)
    TAMP_STAMP_IRQHandler                    0x08007b3f   Thumb Code     0  startup_stm32f40_41xxx.o(.text)
    TIM1_BRK_TIM9_IRQHandler                 0x08007b3f   Thumb Code     0  startup_stm32f40_41xxx.o(.text)
    TIM1_CC_IRQHandler                       0x08007b3f   Thumb Code     0  startup_stm32f40_41xxx.o(.text)
    TIM1_TRG_COM_TIM11_IRQHandler            0x08007b3f   Thumb Code     0  startup_stm32f40_41xxx.o(.text)
    TIM1_UP_TIM10_IRQHandler                 0x08007b3f   Thumb Code     0  startup_stm32f40_41xxx.o(.text)
    TIM2_IRQHandler                          0x08007b3f   Thumb Code     0  startup_stm32f40_41xxx.o(.text)
    TIM3_IRQHandler                          0x08007b3f   Thumb Code     0  startup_stm32f40_41xxx.o(.text)
    TIM5_IRQHandler                          0x08007b3f   Thumb Code     0  startup_stm32f40_41xxx.o(.text)
    TIM6_DAC_IRQHandler                      0x08007b3f   Thumb Code     0  startup_stm32f40_41xxx.o(.text)
    TIM7_IRQHandler                          0x08007b3f   Thumb Code     0  startup_stm32f40_41xxx.o(.text)
    TIM8_BRK_TIM12_IRQHandler                0x08007b3f   Thumb Code     0  startup_stm32f40_41xxx.o(.text)
    TIM8_CC_IRQHandler                       0x08007b3f   Thumb Code     0  startup_stm32f40_41xxx.o(.text)
    TIM8_TRG_COM_TIM14_IRQHandler            0x08007b3f   Thumb Code     0  startup_stm32f40_41xxx.o(.text)
    TIM8_UP_TIM13_IRQHandler                 0x08007b3f   Thumb Code     0  startup_stm32f40_41xxx.o(.text)
    UART4_IRQHandler                         0x08007b3f   Thumb Code     0  startup_stm32f40_41xxx.o(.text)
    UART5_IRQHandler                         0x08007b3f   Thumb Code     0  startup_stm32f40_41xxx.o(.text)
    USART2_IRQHandler                        0x08007b3f   Thumb Code     0  startup_stm32f40_41xxx.o(.text)
    USART3_IRQHandler                        0x08007b3f   Thumb Code     0  startup_stm32f40_41xxx.o(.text)
    USART6_IRQHandler                        0x08007b3f   Thumb Code     0  startup_stm32f40_41xxx.o(.text)
    WWDG_IRQHandler                          0x08007b3f   Thumb Code     0  startup_stm32f40_41xxx.o(.text)
    __user_initial_stackheap                 0x08007b41   Thumb Code     0  startup_stm32f40_41xxx.o(.text)
    NVIC_PriorityGroupConfig                 0x08007b65   Thumb Code    10  misc.o(.text)
    NVIC_Init                                0x08007b6f   Thumb Code   106  misc.o(.text)
    NVIC_SetVectorTable                      0x08007bd9   Thumb Code    14  misc.o(.text)
    NVIC_SystemLPConfig                      0x08007be7   Thumb Code    34  misc.o(.text)
    SysTick_CLKSourceConfig                  0x08007c09   Thumb Code    40  misc.o(.text)
    GPIO_DeInit                              0x08007c45   Thumb Code   268  stm32f4xx_gpio.o(.text)
    GPIO_Init                                0x08007d51   Thumb Code   144  stm32f4xx_gpio.o(.text)
    GPIO_StructInit                          0x08007de1   Thumb Code    18  stm32f4xx_gpio.o(.text)
    GPIO_PinLockConfig                       0x08007df3   Thumb Code    34  stm32f4xx_gpio.o(.text)
    GPIO_ReadInputDataBit                    0x08007e15   Thumb Code    18  stm32f4xx_gpio.o(.text)
    GPIO_ReadInputData                       0x08007e27   Thumb Code     8  stm32f4xx_gpio.o(.text)
    GPIO_ReadOutputDataBit                   0x08007e2f   Thumb Code    18  stm32f4xx_gpio.o(.text)
    GPIO_ReadOutputData                      0x08007e41   Thumb Code     8  stm32f4xx_gpio.o(.text)
    GPIO_SetBits                             0x08007e49   Thumb Code     4  stm32f4xx_gpio.o(.text)
    GPIO_ResetBits                           0x08007e4d   Thumb Code     4  stm32f4xx_gpio.o(.text)
    GPIO_WriteBit                            0x08007e51   Thumb Code    10  stm32f4xx_gpio.o(.text)
    GPIO_Write                               0x08007e5b   Thumb Code     4  stm32f4xx_gpio.o(.text)
    GPIO_ToggleBits                          0x08007e5f   Thumb Code     8  stm32f4xx_gpio.o(.text)
    GPIO_PinAFConfig                         0x08007e67   Thumb Code    70  stm32f4xx_gpio.o(.text)
    FSMC_NORSRAMDeInit                       0x08007ed9   Thumb Code    54  stm32f4xx_fsmc.o(.text)
    FSMC_NORSRAMInit                         0x08007f0f   Thumb Code   230  stm32f4xx_fsmc.o(.text)
    FSMC_NORSRAMStructInit                   0x08007ff5   Thumb Code    48  stm32f4xx_fsmc.o(.text)
    FSMC_NORSRAMCmd                          0x08008025   Thumb Code    46  stm32f4xx_fsmc.o(.text)
    FSMC_NANDDeInit                          0x08008053   Thumb Code    62  stm32f4xx_fsmc.o(.text)
    FSMC_NANDInit                            0x08008091   Thumb Code   132  stm32f4xx_fsmc.o(.text)
    FSMC_NANDStructInit                      0x08008115   Thumb Code    54  stm32f4xx_fsmc.o(.text)
    FSMC_NANDCmd                             0x0800814b   Thumb Code    86  stm32f4xx_fsmc.o(.text)
    FSMC_NANDECCCmd                          0x080081a1   Thumb Code    86  stm32f4xx_fsmc.o(.text)
    FSMC_GetECC                              0x080081f7   Thumb Code    24  stm32f4xx_fsmc.o(.text)
    FSMC_PCCARDDeInit                        0x0800820f   Thumb Code    36  stm32f4xx_fsmc.o(.text)
    FSMC_PCCARDInit                          0x08008233   Thumb Code   130  stm32f4xx_fsmc.o(.text)
    FSMC_PCCARDStructInit                    0x080082b5   Thumb Code    60  stm32f4xx_fsmc.o(.text)
    FSMC_PCCARDCmd                           0x080082f1   Thumb Code    44  stm32f4xx_fsmc.o(.text)
    FSMC_ITConfig                            0x0800831d   Thumb Code   128  stm32f4xx_fsmc.o(.text)
    FSMC_GetFlagStatus                       0x0800839d   Thumb Code    54  stm32f4xx_fsmc.o(.text)
    FSMC_ClearFlag                           0x080083d3   Thumb Code    74  stm32f4xx_fsmc.o(.text)
    FSMC_GetITStatus                         0x0800841d   Thumb Code    62  stm32f4xx_fsmc.o(.text)
    FSMC_ClearITPendingBit                   0x0800845b   Thumb Code    66  stm32f4xx_fsmc.o(.text)
    RCC_DeInit                               0x080084a1   Thumb Code    82  stm32f4xx_rcc.o(.text)
    RCC_HSEConfig                            0x080084f3   Thumb Code    14  stm32f4xx_rcc.o(.text)
    RCC_GetFlagStatus                        0x08008501   Thumb Code    60  stm32f4xx_rcc.o(.text)
    RCC_WaitForHSEStartUp                    0x0800853d   Thumb Code    56  stm32f4xx_rcc.o(.text)
    RCC_AdjustHSICalibrationValue            0x08008575   Thumb Code    20  stm32f4xx_rcc.o(.text)
    RCC_HSICmd                               0x08008589   Thumb Code     6  stm32f4xx_rcc.o(.text)
    RCC_LSEConfig                            0x0800858f   Thumb Code    46  stm32f4xx_rcc.o(.text)
    RCC_LSICmd                               0x080085bd   Thumb Code     6  stm32f4xx_rcc.o(.text)
    RCC_PLLConfig                            0x080085c3   Thumb Code    32  stm32f4xx_rcc.o(.text)
    RCC_PLLCmd                               0x080085e3   Thumb Code     6  stm32f4xx_rcc.o(.text)
    RCC_PLLI2SConfig                         0x080085e9   Thumb Code    14  stm32f4xx_rcc.o(.text)
    RCC_PLLI2SCmd                            0x080085f7   Thumb Code     6  stm32f4xx_rcc.o(.text)
    RCC_PLLSAIConfig                         0x080085fd   Thumb Code    20  stm32f4xx_rcc.o(.text)
    RCC_PLLSAICmd                            0x08008611   Thumb Code     6  stm32f4xx_rcc.o(.text)
    RCC_ClockSecuritySystemCmd               0x08008617   Thumb Code     6  stm32f4xx_rcc.o(.text)
    RCC_MCO1Config                           0x0800861d   Thumb Code    28  stm32f4xx_rcc.o(.text)
    RCC_MCO2Config                           0x08008639   Thumb Code    28  stm32f4xx_rcc.o(.text)
    RCC_SYSCLKConfig                         0x08008655   Thumb Code    20  stm32f4xx_rcc.o(.text)
    RCC_GetSYSCLKSource                      0x08008669   Thumb Code    12  stm32f4xx_rcc.o(.text)
    RCC_HCLKConfig                           0x08008675   Thumb Code    20  stm32f4xx_rcc.o(.text)
    RCC_PCLK1Config                          0x08008689   Thumb Code    20  stm32f4xx_rcc.o(.text)
    RCC_PCLK2Config                          0x0800869d   Thumb Code    22  stm32f4xx_rcc.o(.text)
    RCC_GetClocksFreq                        0x080086b3   Thumb Code   222  stm32f4xx_rcc.o(.text)
    RCC_RTCCLKConfig                         0x08008791   Thumb Code    54  stm32f4xx_rcc.o(.text)
    RCC_RTCCLKCmd                            0x080087c7   Thumb Code     8  stm32f4xx_rcc.o(.text)
    RCC_BackupResetCmd                       0x080087cf   Thumb Code     8  stm32f4xx_rcc.o(.text)
    RCC_I2SCLKConfig                         0x080087d7   Thumb Code     6  stm32f4xx_rcc.o(.text)
    RCC_SAIPLLI2SClkDivConfig                0x080087dd   Thumb Code    26  stm32f4xx_rcc.o(.text)
    RCC_SAIPLLSAIClkDivConfig                0x080087f7   Thumb Code    28  stm32f4xx_rcc.o(.text)
    RCC_SAIBlockACLKConfig                   0x08008813   Thumb Code    20  stm32f4xx_rcc.o(.text)
    RCC_SAIBlockBCLKConfig                   0x08008827   Thumb Code    20  stm32f4xx_rcc.o(.text)
    RCC_LTDCCLKDivConfig                     0x0800883b   Thumb Code    20  stm32f4xx_rcc.o(.text)
    RCC_TIMCLKPresConfig                     0x0800884f   Thumb Code     6  stm32f4xx_rcc.o(.text)
    RCC_AHB1PeriphClockCmd                   0x08008855   Thumb Code    34  stm32f4xx_rcc.o(.text)
    RCC_AHB2PeriphClockCmd                   0x08008877   Thumb Code    78  stm32f4xx_rcc.o(.text)
    RCC_AHB3PeriphClockCmd                   0x080088c5   Thumb Code    34  stm32f4xx_rcc.o(.text)
    RCC_APB1PeriphClockCmd                   0x080088e7   Thumb Code    34  stm32f4xx_rcc.o(.text)
    RCC_APB2PeriphClockCmd                   0x08008909   Thumb Code    34  stm32f4xx_rcc.o(.text)
    RCC_AHB1PeriphResetCmd                   0x0800892b   Thumb Code    34  stm32f4xx_rcc.o(.text)
    RCC_AHB2PeriphResetCmd                   0x0800894d   Thumb Code    34  stm32f4xx_rcc.o(.text)
    RCC_AHB3PeriphResetCmd                   0x0800896f   Thumb Code    34  stm32f4xx_rcc.o(.text)
    RCC_APB1PeriphResetCmd                   0x08008991   Thumb Code    34  stm32f4xx_rcc.o(.text)
    RCC_APB2PeriphResetCmd                   0x080089b3   Thumb Code    34  stm32f4xx_rcc.o(.text)
    RCC_AHB1PeriphClockLPModeCmd             0x080089d5   Thumb Code    34  stm32f4xx_rcc.o(.text)
    RCC_AHB2PeriphClockLPModeCmd             0x080089f7   Thumb Code    34  stm32f4xx_rcc.o(.text)
    RCC_AHB3PeriphClockLPModeCmd             0x08008a19   Thumb Code    34  stm32f4xx_rcc.o(.text)
    RCC_APB1PeriphClockLPModeCmd             0x08008a3b   Thumb Code    34  stm32f4xx_rcc.o(.text)
    RCC_APB2PeriphClockLPModeCmd             0x08008a5d   Thumb Code    34  stm32f4xx_rcc.o(.text)
    RCC_LSEModeConfig                        0x08008a7f   Thumb Code    40  stm32f4xx_rcc.o(.text)
    RCC_ITConfig                             0x08008aa7   Thumb Code    34  stm32f4xx_rcc.o(.text)
    RCC_ClearFlag                            0x08008ac9   Thumb Code    18  stm32f4xx_rcc.o(.text)
    RCC_GetITStatus                          0x08008adb   Thumb Code    22  stm32f4xx_rcc.o(.text)
    RCC_ClearITPendingBit                    0x08008af1   Thumb Code     8  stm32f4xx_rcc.o(.text)
    USART_DeInit                             0x08008afd   Thumb Code   206  stm32f4xx_usart.o(.text)
    USART_Init                               0x08008bcb   Thumb Code   204  stm32f4xx_usart.o(.text)
    USART_StructInit                         0x08008c97   Thumb Code    24  stm32f4xx_usart.o(.text)
    USART_ClockInit                          0x08008caf   Thumb Code    32  stm32f4xx_usart.o(.text)
    USART_ClockStructInit                    0x08008ccf   Thumb Code    12  stm32f4xx_usart.o(.text)
    USART_Cmd                                0x08008cdb   Thumb Code    24  stm32f4xx_usart.o(.text)
    USART_SetPrescaler                       0x08008cf3   Thumb Code    16  stm32f4xx_usart.o(.text)
    USART_OverSampling8Cmd                   0x08008d03   Thumb Code    22  stm32f4xx_usart.o(.text)
    USART_OneBitMethodCmd                    0x08008d19   Thumb Code    24  stm32f4xx_usart.o(.text)
    USART_SendData                           0x08008d31   Thumb Code     8  stm32f4xx_usart.o(.text)
    USART_ReceiveData                        0x08008d39   Thumb Code    10  stm32f4xx_usart.o(.text)
    USART_SetAddress                         0x08008d43   Thumb Code    18  stm32f4xx_usart.o(.text)
    USART_ReceiverWakeUpCmd                  0x08008d55   Thumb Code    24  stm32f4xx_usart.o(.text)
    USART_WakeUpConfig                       0x08008d6d   Thumb Code    18  stm32f4xx_usart.o(.text)
    USART_LINBreakDetectLengthConfig         0x08008d7f   Thumb Code    18  stm32f4xx_usart.o(.text)
    USART_LINCmd                             0x08008d91   Thumb Code    24  stm32f4xx_usart.o(.text)
    USART_SendBreak                          0x08008da9   Thumb Code    10  stm32f4xx_usart.o(.text)
    USART_HalfDuplexCmd                      0x08008db3   Thumb Code    24  stm32f4xx_usart.o(.text)
    USART_SetGuardTime                       0x08008dcb   Thumb Code    16  stm32f4xx_usart.o(.text)
    USART_SmartCardCmd                       0x08008ddb   Thumb Code    24  stm32f4xx_usart.o(.text)
    USART_SmartCardNACKCmd                   0x08008df3   Thumb Code    24  stm32f4xx_usart.o(.text)
    USART_IrDAConfig                         0x08008e0b   Thumb Code    18  stm32f4xx_usart.o(.text)
    USART_IrDACmd                            0x08008e1d   Thumb Code    24  stm32f4xx_usart.o(.text)
    USART_DMACmd                             0x08008e35   Thumb Code    18  stm32f4xx_usart.o(.text)
    USART_ITConfig                           0x08008e47   Thumb Code    74  stm32f4xx_usart.o(.text)
    USART_GetFlagStatus                      0x08008e91   Thumb Code    26  stm32f4xx_usart.o(.text)
    USART_ClearFlag                          0x08008eab   Thumb Code    18  stm32f4xx_usart.o(.text)
    USART_GetITStatus                        0x08008ebd   Thumb Code   118  stm32f4xx_usart.o(.text)
    USART_ClearITPendingBit                  0x08008f33   Thumb Code    30  stm32f4xx_usart.o(.text)
    TIM_DeInit                               0x08008f51   Thumb Code   346  stm32f4xx_tim.o(.text)
    TIM_TimeBaseInit                         0x080090ab   Thumb Code   104  stm32f4xx_tim.o(.text)
    TIM_TimeBaseStructInit                   0x08009113   Thumb Code    18  stm32f4xx_tim.o(.text)
    TIM_PrescalerConfig                      0x08009125   Thumb Code     6  stm32f4xx_tim.o(.text)
    TIM_CounterModeConfig                    0x0800912b   Thumb Code    18  stm32f4xx_tim.o(.text)
    TIM_SetCounter                           0x0800913d   Thumb Code     4  stm32f4xx_tim.o(.text)
    TIM_SetAutoreload                        0x08009141   Thumb Code     4  stm32f4xx_tim.o(.text)
    TIM_GetCounter                           0x08009145   Thumb Code     6  stm32f4xx_tim.o(.text)
    TIM_GetPrescaler                         0x0800914b   Thumb Code     6  stm32f4xx_tim.o(.text)
    TIM_UpdateDisableConfig                  0x08009151   Thumb Code    24  stm32f4xx_tim.o(.text)
    TIM_UpdateRequestConfig                  0x08009169   Thumb Code    24  stm32f4xx_tim.o(.text)
    TIM_ARRPreloadConfig                     0x08009181   Thumb Code    24  stm32f4xx_tim.o(.text)
    TIM_SelectOnePulseMode                   0x08009199   Thumb Code    18  stm32f4xx_tim.o(.text)
    TIM_SetClockDivision                     0x080091ab   Thumb Code    18  stm32f4xx_tim.o(.text)
    TIM_Cmd                                  0x080091bd   Thumb Code    24  stm32f4xx_tim.o(.text)
    TIM_OC1Init                              0x080091d5   Thumb Code   114  stm32f4xx_tim.o(.text)
    TIM_OC2Init                              0x08009247   Thumb Code   154  stm32f4xx_tim.o(.text)
    TIM_OC3Init                              0x080092e1   Thumb Code   204  stm32f4xx_tim.o(.text)
    TIM_OC4Init                              0x080093ad   Thumb Code   112  stm32f4xx_tim.o(.text)
    TIM_OCStructInit                         0x0800941d   Thumb Code    20  stm32f4xx_tim.o(.text)
    TIM_SelectOCxM                           0x08009431   Thumb Code    86  stm32f4xx_tim.o(.text)
    TIM_SetCompare1                          0x08009487   Thumb Code     4  stm32f4xx_tim.o(.text)
    TIM_SetCompare2                          0x0800948b   Thumb Code     4  stm32f4xx_tim.o(.text)
    TIM_SetCompare3                          0x0800948f   Thumb Code     4  stm32f4xx_tim.o(.text)
    TIM_SetCompare4                          0x08009493   Thumb Code     4  stm32f4xx_tim.o(.text)
    TIM_ForcedOC1Config                      0x08009497   Thumb Code    18  stm32f4xx_tim.o(.text)
    TIM_ForcedOC2Config                      0x080094a9   Thumb Code    26  stm32f4xx_tim.o(.text)
    TIM_ForcedOC3Config                      0x080094c3   Thumb Code    18  stm32f4xx_tim.o(.text)
    TIM_ForcedOC4Config                      0x080094d5   Thumb Code    26  stm32f4xx_tim.o(.text)
    TIM_OC1PreloadConfig                     0x080094ef   Thumb Code    18  stm32f4xx_tim.o(.text)
    TIM_OC2PreloadConfig                     0x08009501   Thumb Code    26  stm32f4xx_tim.o(.text)
    TIM_OC3PreloadConfig                     0x0800951b   Thumb Code    18  stm32f4xx_tim.o(.text)
    TIM_OC4PreloadConfig                     0x0800952d   Thumb Code    26  stm32f4xx_tim.o(.text)
    TIM_OC1FastConfig                        0x08009547   Thumb Code    18  stm32f4xx_tim.o(.text)
    TIM_OC2FastConfig                        0x08009559   Thumb Code    26  stm32f4xx_tim.o(.text)
    TIM_OC3FastConfig                        0x08009573   Thumb Code    18  stm32f4xx_tim.o(.text)
    TIM_OC4FastConfig                        0x08009585   Thumb Code    26  stm32f4xx_tim.o(.text)
    TIM_ClearOC1Ref                          0x0800959f   Thumb Code    18  stm32f4xx_tim.o(.text)
    TIM_ClearOC2Ref                          0x080095b1   Thumb Code    24  stm32f4xx_tim.o(.text)
    TIM_ClearOC3Ref                          0x080095c9   Thumb Code    18  stm32f4xx_tim.o(.text)
    TIM_ClearOC4Ref                          0x080095db   Thumb Code    24  stm32f4xx_tim.o(.text)
    TIM_OC1PolarityConfig                    0x080095f3   Thumb Code    18  stm32f4xx_tim.o(.text)
    TIM_OC1NPolarityConfig                   0x08009605   Thumb Code    18  stm32f4xx_tim.o(.text)
    TIM_OC2PolarityConfig                    0x08009617   Thumb Code    26  stm32f4xx_tim.o(.text)
    TIM_OC2NPolarityConfig                   0x08009631   Thumb Code    26  stm32f4xx_tim.o(.text)
    TIM_OC3PolarityConfig                    0x0800964b   Thumb Code    26  stm32f4xx_tim.o(.text)
    TIM_OC3NPolarityConfig                   0x08009665   Thumb Code    26  stm32f4xx_tim.o(.text)
    TIM_OC4PolarityConfig                    0x0800967f   Thumb Code    26  stm32f4xx_tim.o(.text)
    TIM_CCxCmd                               0x08009699   Thumb Code    30  stm32f4xx_tim.o(.text)
    TIM_CCxNCmd                              0x080096b7   Thumb Code    30  stm32f4xx_tim.o(.text)
    TIM_SetIC4Prescaler                      0x080096d5   Thumb Code    26  stm32f4xx_tim.o(.text)
    TIM_SetIC3Prescaler                      0x0800973f   Thumb Code    18  stm32f4xx_tim.o(.text)
    TIM_SetIC2Prescaler                      0x08009799   Thumb Code    26  stm32f4xx_tim.o(.text)
    TIM_SetIC1Prescaler                      0x0800980d   Thumb Code    18  stm32f4xx_tim.o(.text)
    TIM_ICInit                               0x08009859   Thumb Code   110  stm32f4xx_tim.o(.text)
    TIM_ICStructInit                         0x080098c7   Thumb Code    18  stm32f4xx_tim.o(.text)
    TIM_PWMIConfig                           0x080098d9   Thumb Code   124  stm32f4xx_tim.o(.text)
    TIM_GetCapture1                          0x08009955   Thumb Code     6  stm32f4xx_tim.o(.text)
    TIM_GetCapture2                          0x0800995b   Thumb Code     6  stm32f4xx_tim.o(.text)
    TIM_GetCapture3                          0x08009961   Thumb Code     6  stm32f4xx_tim.o(.text)
    TIM_GetCapture4                          0x08009967   Thumb Code     6  stm32f4xx_tim.o(.text)
    TIM_BDTRConfig                           0x0800996d   Thumb Code    32  stm32f4xx_tim.o(.text)
    TIM_BDTRStructInit                       0x0800998d   Thumb Code    18  stm32f4xx_tim.o(.text)
    TIM_CtrlPWMOutputs                       0x0800999f   Thumb Code    30  stm32f4xx_tim.o(.text)
    TIM_SelectCOM                            0x080099bd   Thumb Code    24  stm32f4xx_tim.o(.text)
    TIM_CCPreloadControl                     0x080099d5   Thumb Code    24  stm32f4xx_tim.o(.text)
    TIM_ITConfig                             0x080099ed   Thumb Code    18  stm32f4xx_tim.o(.text)
    TIM_GenerateEvent                        0x080099ff   Thumb Code     4  stm32f4xx_tim.o(.text)
    TIM_GetFlagStatus                        0x08009a03   Thumb Code    18  stm32f4xx_tim.o(.text)
    TIM_ClearFlag                            0x08009a15   Thumb Code     6  stm32f4xx_tim.o(.text)
    TIM_GetITStatus                          0x08009a1b   Thumb Code    34  stm32f4xx_tim.o(.text)
    TIM_ClearITPendingBit                    0x08009a3d   Thumb Code     6  stm32f4xx_tim.o(.text)
    TIM_DMAConfig                            0x08009a43   Thumb Code    10  stm32f4xx_tim.o(.text)
    TIM_DMACmd                               0x08009a4d   Thumb Code    18  stm32f4xx_tim.o(.text)
    TIM_SelectCCDMA                          0x08009a5f   Thumb Code    24  stm32f4xx_tim.o(.text)
    TIM_InternalClockConfig                  0x08009a77   Thumb Code    12  stm32f4xx_tim.o(.text)
    TIM_SelectInputTrigger                   0x08009a83   Thumb Code    18  stm32f4xx_tim.o(.text)
    TIM_ITRxExternalClockConfig              0x08009a95   Thumb Code    24  stm32f4xx_tim.o(.text)
    TIM_TIxExternalClockConfig               0x08009aad   Thumb Code    62  stm32f4xx_tim.o(.text)
    TIM_ETRConfig                            0x08009aeb   Thumb Code    28  stm32f4xx_tim.o(.text)
    TIM_ETRClockMode1Config                  0x08009b07   Thumb Code    54  stm32f4xx_tim.o(.text)
    TIM_ETRClockMode2Config                  0x08009b3d   Thumb Code    32  stm32f4xx_tim.o(.text)
    TIM_SelectOutputTrigger                  0x08009b5d   Thumb Code    18  stm32f4xx_tim.o(.text)
    TIM_SelectSlaveMode                      0x08009b6f   Thumb Code    18  stm32f4xx_tim.o(.text)
    TIM_SelectMasterSlaveMode                0x08009b81   Thumb Code    18  stm32f4xx_tim.o(.text)
    TIM_EncoderInterfaceConfig               0x08009b93   Thumb Code    66  stm32f4xx_tim.o(.text)
    TIM_SelectHallSensor                     0x08009bd5   Thumb Code    24  stm32f4xx_tim.o(.text)
    TIM_RemapConfig                          0x08009bed   Thumb Code     6  stm32f4xx_tim.o(.text)
    usmart_sys_cmd_exe                       0x08009bf5   Thumb Code  1554  usmart.o(.text)
    usmart_reset_runtime                     0x0800a207   Thumb Code    38  usmart.o(.text)
    usmart_get_runtime                       0x0800a22d   Thumb Code    60  usmart.o(.text)
    TIM4_IRQHandler                          0x0800a269   Thumb Code    46  usmart.o(.text)
    Timer4_Init                              0x0800a297   Thumb Code    86  usmart.o(.text)
    usmart_init                              0x0800a2ed   Thumb Code    36  usmart.o(.text)
    usmart_cmd_rec                           0x0800a311   Thumb Code   170  usmart.o(.text)
    usmart_exe                               0x0800a3bb   Thumb Code   868  usmart.o(.text)
    usmart_scan                              0x0800a71f   Thumb Code   120  usmart.o(.text)
    read_addr                                0x0800a797   Thumb Code     6  usmart.o(.text)
    write_addr                               0x0800a79d   Thumb Code     4  usmart.o(.text)
    usmart_strcmp                            0x0800a829   Thumb Code    34  usmart_str.o(.text)
    usmart_strcopy                           0x0800a84b   Thumb Code    22  usmart_str.o(.text)
    usmart_strlen                            0x0800a861   Thumb Code    24  usmart_str.o(.text)
    usmart_pow                               0x0800a879   Thumb Code    22  usmart_str.o(.text)
    usmart_str2num                           0x0800a88f   Thumb Code   202  usmart_str.o(.text)
    usmart_get_cmdname                       0x0800a959   Thumb Code    54  usmart_str.o(.text)
    usmart_search_nextc                      0x0800a98f   Thumb Code    22  usmart_str.o(.text)
    usmart_get_fname                         0x0800a9a5   Thumb Code   440  usmart_str.o(.text)
    usmart_get_aparm                         0x0800ab5d   Thumb Code   200  usmart_str.o(.text)
    usmart_get_parmpos                       0x0800ac25   Thumb Code    26  usmart_str.o(.text)
    usmart_get_fparam                        0x0800ac3f   Thumb Code   262  usmart_str.o(.text)
    __use_no_semihosting                     0x0800ad51   Thumb Code     2  use_no_semi_2.o(.text)
    __2printf                                0x0800ad55   Thumb Code    20  noretval__2printf.o(.text)
    _printf_pre_padding                      0x0800ad6d   Thumb Code    44  _printf_pad.o(.text)
    _printf_post_padding                     0x0800ad99   Thumb Code    34  _printf_pad.o(.text)
    _printf_str                              0x0800adbb   Thumb Code    82  _printf_str.o(.text)
    _printf_int_dec                          0x0800ae0d   Thumb Code   104  _printf_dec.o(.text)
    _printf_int_hex                          0x0800ae85   Thumb Code    84  _printf_hex_int.o(.text)
    _printf_longlong_hex                     0x0800ae85   Thumb Code     0  _printf_hex_int.o(.text)
    __printf                                 0x0800aedd   Thumb Code   388  __printf_flags_ss_wp.o(.text)
    strcmp                                   0x0800b065   Thumb Code   128  strcmpv7m.o(.text)
    __use_two_region_memory                  0x0800b0e5   Thumb Code     2  heapauxi.o(.text)
    __rt_heap_escrow$2region                 0x0800b0e7   Thumb Code     2  heapauxi.o(.text)
    __rt_heap_expand$2region                 0x0800b0e9   Thumb Code     2  heapauxi.o(.text)
    __I$use$semihosting                      0x0800b0eb   Thumb Code     0  use_no_semi.o(.text)
    __use_no_semihosting_swi                 0x0800b0eb   Thumb Code     2  use_no_semi.o(.text)
    __read_errno                             0x0800b0ed   Thumb Code    10  _rserrno.o(.text)
    __set_errno                              0x0800b0f7   Thumb Code    12  _rserrno.o(.text)
    _printf_int_common                       0x0800b103   Thumb Code   178  _printf_intcommon.o(.text)
    _printf_cs_common                        0x0800b1b5   Thumb Code    20  _printf_char.o(.text)
    _printf_char                             0x0800b1c9   Thumb Code    16  _printf_char.o(.text)
    _printf_string                           0x0800b1d9   Thumb Code     8  _printf_char.o(.text)
    _printf_char_file                        0x0800b1e1   Thumb Code    32  _printf_char_file.o(.text)
    __aeabi_errno_addr                       0x0800b205   Thumb Code     8  rt_errno_addr_intlibspace.o(.text)
    __errno$intlibspace                      0x0800b205   Thumb Code     0  rt_errno_addr_intlibspace.o(.text)
    __rt_errno_addr$intlibspace              0x0800b205   Thumb Code     0  rt_errno_addr_intlibspace.o(.text)
    _printf_char_common                      0x0800b217   Thumb Code    32  _printf_char_common.o(.text)
    ferror                                   0x0800b23d   Thumb Code     8  ferror.o(.text)
    __user_libspace                          0x0800b245   Thumb Code     8  libspace.o(.text)
    __user_perproc_libspace                  0x0800b245   Thumb Code     0  libspace.o(.text)
    __user_perthread_libspace                0x0800b245   Thumb Code     0  libspace.o(.text)
    __user_setup_stackheap                   0x0800b24d   Thumb Code    74  sys_stackheap_outer.o(.text)
    exit                                     0x0800b297   Thumb Code    18  exit.o(.text)
    __hardfp_sqrt                            0x0800b2a9   Thumb Code   122  sqrt.o(i.__hardfp_sqrt)
    _is_digit                                0x0800b323   Thumb Code    14  __printf_wp.o(i._is_digit)
    __aeabi_dadd                             0x0800b331   Thumb Code     0  daddsub_clz.o(x$fpl$dadd)
    _dadd                                    0x0800b331   Thumb Code   332  daddsub_clz.o(x$fpl$dadd)
    __fpl_dcmp_Inf                           0x0800b481   Thumb Code    24  dcmpi.o(x$fpl$dcmpinf)
    __aeabi_d2uiz                            0x0800b499   Thumb Code     0  dfixu.o(x$fpl$dfixu)
    _dfixu                                   0x0800b499   Thumb Code    90  dfixu.o(x$fpl$dfixu)
    __aeabi_i2d                              0x0800b4f3   Thumb Code     0  dflt_clz.o(x$fpl$dflt)
    _dflt                                    0x0800b4f3   Thumb Code    46  dflt_clz.o(x$fpl$dflt)
    __aeabi_ui2d                             0x0800b521   Thumb Code     0  dflt_clz.o(x$fpl$dfltu)
    _dfltu                                   0x0800b521   Thumb Code    38  dflt_clz.o(x$fpl$dfltu)
    __aeabi_cdcmple                          0x0800b549   Thumb Code     0  dleqf.o(x$fpl$dleqf)
    _dcmple                                  0x0800b549   Thumb Code   120  dleqf.o(x$fpl$dleqf)
    __fpl_dcmple_InfNaN                      0x0800b5ab   Thumb Code     0  dleqf.o(x$fpl$dleqf)
    __aeabi_dmul                             0x0800b5c1   Thumb Code     0  dmul.o(x$fpl$dmul)
    _dmul                                    0x0800b5c1   Thumb Code   332  dmul.o(x$fpl$dmul)
    __fpl_dnaninf                            0x0800b715   Thumb Code   156  dnaninf.o(x$fpl$dnaninf)
    __fpl_dretinf                            0x0800b7b1   Thumb Code    12  dretinf.o(x$fpl$dretinf)
    __aeabi_cdrcmple                         0x0800b7bd   Thumb Code     0  drleqf.o(x$fpl$drleqf)
    _drcmple                                 0x0800b7bd   Thumb Code   108  drleqf.o(x$fpl$drleqf)
    __aeabi_drsub                            0x0800b829   Thumb Code     0  daddsub_clz.o(x$fpl$drsb)
    _drsb                                    0x0800b829   Thumb Code    22  daddsub_clz.o(x$fpl$drsb)
    _dsqrt                                   0x0800b841   Thumb Code   404  dsqrt_umaal.o(x$fpl$dsqrt)
    __aeabi_dsub                             0x0800b9d9   Thumb Code     0  daddsub_clz.o(x$fpl$dsub)
    _dsub                                    0x0800b9d9   Thumb Code   464  daddsub_clz.o(x$fpl$dsub)
    __aeabi_f2d                              0x0800bbad   Thumb Code     0  f2d.o(x$fpl$f2d)
    _f2d                                     0x0800bbad   Thumb Code    86  f2d.o(x$fpl$f2d)
    __fpl_fnaninf                            0x0800bc03   Thumb Code   140  fnaninf.o(x$fpl$fnaninf)
    _fp_init                                 0x0800bc8f   Thumb Code    10  fpinit.o(x$fpl$fpinit)
    __fplib_config_fpu_vfp                   0x0800bc97   Thumb Code     0  fpinit.o(x$fpl$fpinit)
    __fplib_config_pureend_doubles           0x0800bc97   Thumb Code     0  fpinit.o(x$fpl$fpinit)
    POINT_COLOR_TBL                          0x0800bc98   Data          10  main.o(.constdata)
    __I$use$fp                               0x0800bc98   Number         0  usenofp.o(x$fpl$usenofp)
    asc2_1206                                0x0800bca2   Data        1140  lcd.o(.constdata)
    asc2_1608                                0x0800c116   Data        1520  lcd.o(.constdata)
    asc2_2412                                0x0800c706   Data        3420  lcd.o(.constdata)
    GT9147_CFG_TBL                           0x0800d462   Data         184  gt9147.o(.constdata)
    GT9147_TPX_TBL                           0x0800d51a   Data          10  gt9147.o(.constdata)
    OTT_TPX_TBL                              0x0800d524   Data          10  ott2001a.o(.constdata)
    FT5206_TPX_TBL                           0x0800d52e   Data          10  ft5206.o(.constdata)
    TP_REMIND_MSG_TBL                        0x0800d538   Data           4  touch.o(.constdata)
    FSMC_DefaultTimingStruct                 0x0800d53c   Data          28  stm32f4xx_fsmc.o(.constdata)
    Region$$Table$$Base                      0x0800d930   Number         0  anon$$obj.o(Region$$Table)
    Region$$Table$$Limit                     0x0800d950   Number         0  anon$$obj.o(Region$$Table)
    SystemCoreClock                          0x20000000   Data           4  system_stm32f4xx.o(.data)
    AHBPrescTable                            0x20000004   Data          16  system_stm32f4xx.o(.data)
    POINT_COLOR                              0x20000014   Data           2  lcd.o(.data)
    BACK_COLOR                               0x20000016   Data           2  lcd.o(.data)
    tp_dev                                   0x2000001c   Data          52  touch.o(.data)
    CMD_RDX                                  0x20000050   Data           1  touch.o(.data)
    CMD_RDY                                  0x20000051   Data           1  touch.o(.data)
    __stdout                                 0x20000058   Data           4  usart.o(.data)
    USART_RX_STA                             0x2000005c   Data           2  usart.o(.data)
    sys_cmd_tab                              0x20000070   Data          28  usmart.o(.data)
    usmart_nametab                           0x2000008c   Data         144  usmart_config.o(.data)
    usmart_dev                               0x2000011c   Data         244  usmart_config.o(.data)
    lcddev                                   0x20000210   Data          14  lcd.o(.bss)
    USART_RX_BUF                             0x2000021e   Data         200  usart.o(.bss)
    __libspace_start                         0x200002e8   Data          96  libspace.o(.bss)
    __temporary_stack_top$libspace           0x20000348   Data           0  libspace.o(.bss)



==============================================================================

Memory Map of the image

  Image Entry point : 0x08000189

  Load Region LR_IROM1 (Base: 0x08000000, Size: 0x0000db60, Max: 0x00100000, ABSOLUTE, COMPRESSED[0x0000da20])

    Execution Region ER_IROM1 (Exec base: 0x08000000, Load base: 0x08000000, Size: 0x0000d950, Max: 0x00100000, ABSOLUTE)

    Exec Addr    Load Addr    Size         Type   Attr      Idx    E Section Name        Object

    0x08000000   0x08000000   0x00000188   Data   RO          581    RESET               startup_stm32f40_41xxx.o
    0x08000188   0x08000188   0x00000008   Code   RO          863  * !!!main             c_w.l(__main.o)
    0x08000190   0x08000190   0x00000034   Code   RO         1091    !!!scatter          c_w.l(__scatter.o)
    0x080001c4   0x080001c4   0x0000005a   Code   RO         1089    !!dczerorl2         c_w.l(__dczerorl2.o)
    0x0800021e   0x0800021e   0x00000002   PAD
    0x08000220   0x08000220   0x0000001c   Code   RO         1093    !!handler_zi        c_w.l(__scatter_zi.o)
    0x0800023c   0x0800023c   0x00000000   Code   RO          858    .ARM.Collect$$_printf_percent$$00000000  c_w.l(_printf_percent.o)
    0x0800023c   0x0800023c   0x00000006   Code   RO          856    .ARM.Collect$$_printf_percent$$00000009  c_w.l(_printf_d.o)
    0x08000242   0x08000242   0x00000006   Code   RO          857    .ARM.Collect$$_printf_percent$$0000000A  c_w.l(_printf_u.o)
    0x08000248   0x08000248   0x00000006   Code   RO          855    .ARM.Collect$$_printf_percent$$0000000C  c_w.l(_printf_x.o)
    0x0800024e   0x0800024e   0x00000006   Code   RO          853    .ARM.Collect$$_printf_percent$$00000013  c_w.l(_printf_c.o)
    0x08000254   0x08000254   0x00000006   Code   RO          854    .ARM.Collect$$_printf_percent$$00000014  c_w.l(_printf_s.o)
    0x0800025a   0x0800025a   0x00000004   Code   RO          912    .ARM.Collect$$_printf_percent$$00000017  c_w.l(_printf_percent_end.o)
    0x0800025e   0x0800025e   0x00000002   Code   RO          964    .ARM.Collect$$libinit$$00000000  c_w.l(libinit.o)
    0x08000260   0x08000260   0x00000004   Code   RO          967    .ARM.Collect$$libinit$$00000001  c_w.l(libinit2.o)
    0x08000264   0x08000264   0x00000000   Code   RO          970    .ARM.Collect$$libinit$$00000004  c_w.l(libinit2.o)
    0x08000264   0x08000264   0x00000000   Code   RO          973    .ARM.Collect$$libinit$$0000000A  c_w.l(libinit2.o)
    0x08000264   0x08000264   0x00000000   Code   RO          975    .ARM.Collect$$libinit$$0000000C  c_w.l(libinit2.o)
    0x08000264   0x08000264   0x00000000   Code   RO          977    .ARM.Collect$$libinit$$0000000E  c_w.l(libinit2.o)
    0x08000264   0x08000264   0x00000000   Code   RO          980    .ARM.Collect$$libinit$$00000011  c_w.l(libinit2.o)
    0x08000264   0x08000264   0x00000000   Code   RO          982    .ARM.Collect$$libinit$$00000013  c_w.l(libinit2.o)
    0x08000264   0x08000264   0x00000000   Code   RO          984    .ARM.Collect$$libinit$$00000015  c_w.l(libinit2.o)
    0x08000264   0x08000264   0x00000000   Code   RO          986    .ARM.Collect$$libinit$$00000017  c_w.l(libinit2.o)
    0x08000264   0x08000264   0x00000000   Code   RO          988    .ARM.Collect$$libinit$$00000019  c_w.l(libinit2.o)
    0x08000264   0x08000264   0x00000000   Code   RO          990    .ARM.Collect$$libinit$$0000001B  c_w.l(libinit2.o)
    0x08000264   0x08000264   0x00000000   Code   RO          992    .ARM.Collect$$libinit$$0000001D  c_w.l(libinit2.o)
    0x08000264   0x08000264   0x00000000   Code   RO          994    .ARM.Collect$$libinit$$0000001F  c_w.l(libinit2.o)
    0x08000264   0x08000264   0x00000000   Code   RO          996    .ARM.Collect$$libinit$$00000021  c_w.l(libinit2.o)
    0x08000264   0x08000264   0x00000000   Code   RO          998    .ARM.Collect$$libinit$$00000023  c_w.l(libinit2.o)
    0x08000264   0x08000264   0x00000000   Code   RO         1000    .ARM.Collect$$libinit$$00000025  c_w.l(libinit2.o)
    0x08000264   0x08000264   0x00000000   Code   RO         1004    .ARM.Collect$$libinit$$0000002C  c_w.l(libinit2.o)
    0x08000264   0x08000264   0x00000000   Code   RO         1006    .ARM.Collect$$libinit$$0000002E  c_w.l(libinit2.o)
    0x08000264   0x08000264   0x00000000   Code   RO         1008    .ARM.Collect$$libinit$$00000030  c_w.l(libinit2.o)
    0x08000264   0x08000264   0x00000000   Code   RO         1010    .ARM.Collect$$libinit$$00000032  c_w.l(libinit2.o)
    0x08000264   0x08000264   0x00000002   Code   RO         1011    .ARM.Collect$$libinit$$00000033  c_w.l(libinit2.o)
    0x08000266   0x08000266   0x00000002   Code   RO         1029    .ARM.Collect$$libshutdown$$00000000  c_w.l(libshutdown.o)
    0x08000268   0x08000268   0x00000000   Code   RO         1039    .ARM.Collect$$libshutdown$$00000002  c_w.l(libshutdown2.o)
    0x08000268   0x08000268   0x00000000   Code   RO         1041    .ARM.Collect$$libshutdown$$00000004  c_w.l(libshutdown2.o)
    0x08000268   0x08000268   0x00000000   Code   RO         1043    .ARM.Collect$$libshutdown$$00000006  c_w.l(libshutdown2.o)
    0x08000268   0x08000268   0x00000000   Code   RO         1046    .ARM.Collect$$libshutdown$$00000009  c_w.l(libshutdown2.o)
    0x08000268   0x08000268   0x00000000   Code   RO         1049    .ARM.Collect$$libshutdown$$0000000C  c_w.l(libshutdown2.o)
    0x08000268   0x08000268   0x00000000   Code   RO         1051    .ARM.Collect$$libshutdown$$0000000E  c_w.l(libshutdown2.o)
    0x08000268   0x08000268   0x00000000   Code   RO         1054    .ARM.Collect$$libshutdown$$00000011  c_w.l(libshutdown2.o)
    0x08000268   0x08000268   0x00000002   Code   RO         1055    .ARM.Collect$$libshutdown$$00000012  c_w.l(libshutdown2.o)
    0x0800026a   0x0800026a   0x00000000   Code   RO          903    .ARM.Collect$$rtentry$$00000000  c_w.l(__rtentry.o)
    0x0800026a   0x0800026a   0x00000000   Code   RO          925    .ARM.Collect$$rtentry$$00000002  c_w.l(__rtentry2.o)
    0x0800026a   0x0800026a   0x00000006   Code   RO          937    .ARM.Collect$$rtentry$$00000004  c_w.l(__rtentry4.o)
    0x08000270   0x08000270   0x00000000   Code   RO          927    .ARM.Collect$$rtentry$$00000009  c_w.l(__rtentry2.o)
    0x08000270   0x08000270   0x00000004   Code   RO          928    .ARM.Collect$$rtentry$$0000000A  c_w.l(__rtentry2.o)
    0x08000274   0x08000274   0x00000000   Code   RO          930    .ARM.Collect$$rtentry$$0000000C  c_w.l(__rtentry2.o)
    0x08000274   0x08000274   0x00000008   Code   RO          931    .ARM.Collect$$rtentry$$0000000D  c_w.l(__rtentry2.o)
    0x0800027c   0x0800027c   0x00000002   Code   RO          965    .ARM.Collect$$rtexit$$00000000  c_w.l(rtexit.o)
    0x0800027e   0x0800027e   0x00000000   Code   RO         1013    .ARM.Collect$$rtexit$$00000002  c_w.l(rtexit2.o)
    0x0800027e   0x0800027e   0x00000004   Code   RO         1014    .ARM.Collect$$rtexit$$00000003  c_w.l(rtexit2.o)
    0x08000282   0x08000282   0x00000006   Code   RO         1015    .ARM.Collect$$rtexit$$00000004  c_w.l(rtexit2.o)
    0x08000288   0x08000288   0x00000454   Code   RO            3    .text               main.o
    0x080006dc   0x080006dc   0x0000001a   Code   RO          180    .text               stm32f4xx_it.o
    0x080006f6   0x080006f6   0x00000002   PAD
    0x080006f8   0x080006f8   0x00000210   Code   RO          229    .text               system_stm32f4xx.o
    0x08000908   0x08000908   0x00000040   Code   RO          255    .text               led.o
    0x08000948   0x08000948   0x00004c80   Code   RO          275    .text               lcd.o
    0x080055c8   0x080055c8   0x00000104   Code   RO          313    .text               key.o
    0x080056cc   0x080056cc   0x0000025c   Code   RO          334    .text               myiic.o
    0x08005928   0x08005928   0x0000017a   Code   RO          357    .text               24cxx.o
    0x08005aa2   0x08005aa2   0x00000002   PAD
    0x08005aa4   0x08005aa4   0x00000254   Code   RO          380    .text               ctiic.o
    0x08005cf8   0x08005cf8   0x00000448   Code   RO          403    .text               gt9147.o
    0x08006140   0x08006140   0x00000388   Code   RO          430    .text               ott2001a.o
    0x080064c8   0x080064c8   0x0000032c   Code   RO          454    .text               ft5206.o
    0x080067f4   0x080067f4   0x000010e0   Code   RO          478    .text               touch.o
    0x080078d4   0x080078d4   0x00000104   Code   RO          510    .text               delay.o
    0x080079d8   0x080079d8   0x0000014c   Code   RO          550    .text               usart.o
    0x08007b24   0x08007b24   0x00000040   Code   RO          582    .text               startup_stm32f40_41xxx.o
    0x08007b64   0x08007b64   0x000000e0   Code   RO          588    .text               misc.o
    0x08007c44   0x08007c44   0x00000294   Code   RO          608    .text               stm32f4xx_gpio.o
    0x08007ed8   0x08007ed8   0x000005c8   Code   RO          628    .text               stm32f4xx_fsmc.o
    0x080084a0   0x080084a0   0x0000065c   Code   RO          651    .text               stm32f4xx_rcc.o
    0x08008afc   0x08008afc   0x00000454   Code   RO          693    .text               stm32f4xx_usart.o
    0x08008f50   0x08008f50   0x00000ca2   Code   RO          713    .text               stm32f4xx_tim.o
    0x08009bf2   0x08009bf2   0x00000002   PAD
    0x08009bf4   0x08009bf4   0x00000c34   Code   RO          733    .text               usmart.o
    0x0800a828   0x0800a828   0x00000528   Code   RO          778    .text               usmart_str.o
    0x0800ad50   0x0800ad50   0x00000002   Code   RO          798    .text               c_w.l(use_no_semi_2.o)
    0x0800ad52   0x0800ad52   0x00000002   PAD
    0x0800ad54   0x0800ad54   0x00000018   Code   RO          802    .text               c_w.l(noretval__2printf.o)
    0x0800ad6c   0x0800ad6c   0x0000004e   Code   RO          806    .text               c_w.l(_printf_pad.o)
    0x0800adba   0x0800adba   0x00000052   Code   RO          808    .text               c_w.l(_printf_str.o)
    0x0800ae0c   0x0800ae0c   0x00000078   Code   RO          810    .text               c_w.l(_printf_dec.o)
    0x0800ae84   0x0800ae84   0x00000058   Code   RO          815    .text               c_w.l(_printf_hex_int.o)
    0x0800aedc   0x0800aedc   0x00000188   Code   RO          850    .text               c_w.l(__printf_flags_ss_wp.o)
    0x0800b064   0x0800b064   0x00000080   Code   RO          859    .text               c_w.l(strcmpv7m.o)
    0x0800b0e4   0x0800b0e4   0x00000006   Code   RO          861    .text               c_w.l(heapauxi.o)
    0x0800b0ea   0x0800b0ea   0x00000002   Code   RO          901    .text               c_w.l(use_no_semi.o)
    0x0800b0ec   0x0800b0ec   0x00000016   Code   RO          904    .text               c_w.l(_rserrno.o)
    0x0800b102   0x0800b102   0x000000b2   Code   RO          906    .text               c_w.l(_printf_intcommon.o)
    0x0800b1b4   0x0800b1b4   0x0000002c   Code   RO          908    .text               c_w.l(_printf_char.o)
    0x0800b1e0   0x0800b1e0   0x00000024   Code   RO          910    .text               c_w.l(_printf_char_file.o)
    0x0800b204   0x0800b204   0x00000008   Code   RO          942    .text               c_w.l(rt_errno_addr_intlibspace.o)
    0x0800b20c   0x0800b20c   0x00000030   Code   RO          944    .text               c_w.l(_printf_char_common.o)
    0x0800b23c   0x0800b23c   0x00000008   Code   RO          946    .text               c_w.l(ferror.o)
    0x0800b244   0x0800b244   0x00000008   Code   RO          950    .text               c_w.l(libspace.o)
    0x0800b24c   0x0800b24c   0x0000004a   Code   RO          953    .text               c_w.l(sys_stackheap_outer.o)
    0x0800b296   0x0800b296   0x00000012   Code   RO          957    .text               c_w.l(exit.o)
    0x0800b2a8   0x0800b2a8   0x0000007a   Code   RO          889    i.__hardfp_sqrt     m_wm.l(sqrt.o)
    0x0800b322   0x0800b322   0x0000000e   Code   RO          843    i._is_digit         c_w.l(__printf_wp.o)
    0x0800b330   0x0800b330   0x00000150   Code   RO          865    x$fpl$dadd          fz_wm.l(daddsub_clz.o)
    0x0800b480   0x0800b480   0x00000018   Code   RO          913    x$fpl$dcmpinf       fz_wm.l(dcmpi.o)
    0x0800b498   0x0800b498   0x0000005a   Code   RO          871    x$fpl$dfixu         fz_wm.l(dfixu.o)
    0x0800b4f2   0x0800b4f2   0x0000002e   Code   RO          876    x$fpl$dflt          fz_wm.l(dflt_clz.o)
    0x0800b520   0x0800b520   0x00000026   Code   RO          875    x$fpl$dfltu         fz_wm.l(dflt_clz.o)
    0x0800b546   0x0800b546   0x00000002   PAD
    0x0800b548   0x0800b548   0x00000078   Code   RO          881    x$fpl$dleqf         fz_wm.l(dleqf.o)
    0x0800b5c0   0x0800b5c0   0x00000154   Code   RO          883    x$fpl$dmul          fz_wm.l(dmul.o)
    0x0800b714   0x0800b714   0x0000009c   Code   RO          915    x$fpl$dnaninf       fz_wm.l(dnaninf.o)
    0x0800b7b0   0x0800b7b0   0x0000000c   Code   RO          917    x$fpl$dretinf       fz_wm.l(dretinf.o)
    0x0800b7bc   0x0800b7bc   0x0000006c   Code   RO          885    x$fpl$drleqf        fz_wm.l(drleqf.o)
    0x0800b828   0x0800b828   0x00000016   Code   RO          866    x$fpl$drsb          fz_wm.l(daddsub_clz.o)
    0x0800b83e   0x0800b83e   0x00000002   PAD
    0x0800b840   0x0800b840   0x00000198   Code   RO          919    x$fpl$dsqrt         fz_wm.l(dsqrt_umaal.o)
    0x0800b9d8   0x0800b9d8   0x000001d4   Code   RO          867    x$fpl$dsub          fz_wm.l(daddsub_clz.o)
    0x0800bbac   0x0800bbac   0x00000056   Code   RO          887    x$fpl$f2d           fz_wm.l(f2d.o)
    0x0800bc02   0x0800bc02   0x0000008c   Code   RO          921    x$fpl$fnaninf       fz_wm.l(fnaninf.o)
    0x0800bc8e   0x0800bc8e   0x0000000a   Code   RO         1021    x$fpl$fpinit        fz_wm.l(fpinit.o)
    0x0800bc98   0x0800bc98   0x00000000   Code   RO          923    x$fpl$usenofp       fz_wm.l(usenofp.o)
    0x0800bc98   0x0800bc98   0x0000000a   Data   RO            4    .constdata          main.o
    0x0800bca2   0x0800bca2   0x000017c0   Data   RO          277    .constdata          lcd.o
    0x0800d462   0x0800d462   0x000000c2   Data   RO          404    .constdata          gt9147.o
    0x0800d524   0x0800d524   0x0000000a   Data   RO          431    .constdata          ott2001a.o
    0x0800d52e   0x0800d52e   0x0000000a   Data   RO          455    .constdata          ft5206.o
    0x0800d538   0x0800d538   0x00000004   Data   RO          479    .constdata          touch.o
    0x0800d53c   0x0800d53c   0x0000001c   Data   RO          629    .constdata          stm32f4xx_fsmc.o
    0x0800d558   0x0800d558   0x00000028   Data   RO          816    .constdata          c_w.l(_printf_hex_int.o)
    0x0800d580   0x0800d580   0x00000011   Data   RO          851    .constdata          c_w.l(__printf_flags_ss_wp.o)
    0x0800d591   0x0800d591   0x00000003   PAD
    0x0800d594   0x0800d594   0x00000079   Data   RO          480    .conststring        touch.o
    0x0800d60d   0x0800d60d   0x00000003   PAD
    0x0800d610   0x0800d610   0x00000028   Data   RO          734    .conststring        usmart.o
    0x0800d638   0x0800d638   0x000002f7   Data   RO          757    .conststring        usmart_config.o
    0x0800d92f   0x0800d92f   0x00000001   PAD
    0x0800d930   0x0800d930   0x00000020   Data   RO         1087    Region$$Table       anon$$obj.o


    Execution Region RW_IRAM1 (Exec base: 0x20000000, Load base: 0x0800d950, Size: 0x00000948, Max: 0x00020000, ABSOLUTE, COMPRESSED[0x000000d0])

    Exec Addr    Load Addr    Size         Type   Attr      Idx    E Section Name        Object

    0x20000000   COMPRESSED   0x00000014   Data   RW          230    .data               system_stm32f4xx.o
    0x20000014   COMPRESSED   0x00000004   Data   RW          278    .data               lcd.o
    0x20000018   COMPRESSED   0x00000001   Data   RW          314    .data               key.o
    0x20000019   COMPRESSED   0x00000001   Data   RW          405    .data               gt9147.o
    0x2000001a   COMPRESSED   0x00000001   Data   RW          432    .data               ott2001a.o
    0x2000001b   COMPRESSED   0x00000001   Data   RW          456    .data               ft5206.o
    0x2000001c   COMPRESSED   0x00000036   Data   RW          481    .data               touch.o
    0x20000052   COMPRESSED   0x00000004   Data   RW          511    .data               delay.o
    0x20000056   COMPRESSED   0x00000002   PAD
    0x20000058   COMPRESSED   0x00000006   Data   RW          552    .data               usart.o
    0x2000005e   COMPRESSED   0x00000010   Data   RW          652    .data               stm32f4xx_rcc.o
    0x2000006e   COMPRESSED   0x00000002   PAD
    0x20000070   COMPRESSED   0x0000001c   Data   RW          735    .data               usmart.o
    0x2000008c   COMPRESSED   0x00000184   Data   RW          758    .data               usmart_config.o
    0x20000210        -       0x0000000e   Zero   RW          276    .bss                lcd.o
    0x2000021e        -       0x000000c8   Zero   RW          551    .bss                usart.o
    0x200002e6   COMPRESSED   0x00000002   PAD
    0x200002e8        -       0x00000060   Zero   RW          951    .bss                c_w.l(libspace.o)
    0x20000348        -       0x00000200   Zero   RW          580    HEAP                startup_stm32f40_41xxx.o
    0x20000548        -       0x00000400   Zero   RW          579    STACK               startup_stm32f40_41xxx.o


==============================================================================

Image component sizes


      Code (inc. data)   RO Data    RW Data    ZI Data      Debug   Object Name

       378          0          0          0          0       2910   24cxx.o
       596         24          0          0          0       2129   ctiic.o
       260          8          0          4          0       1569   delay.o
       812         40         10          1          0       2723   ft5206.o
      1096         78        194          1          0       3278   gt9147.o
       260         12          0          1          0        924   key.o
     19584        174       6080          4         14      23194   lcd.o
        64          4          0          0          0        571   led.o
      1108         50         10          0          0     294414   main.o
       224         20          0          0          0       1905   misc.o
       604         14          0          0          0       1964   myiic.o
       904         66         10          1          0       2879   ott2001a.o
        64         26        392          0       1536        872   startup_stm32f40_41xxx.o
      1480         18         28          0          0       5778   stm32f4xx_fsmc.o
       660         44          0          0          0       4249   stm32f4xx_gpio.o
        26          0          0          0          0       1266   stm32f4xx_it.o
      1628         52          0         16          0      13164   stm32f4xx_rcc.o
      3234         60          0          0          0      23104   stm32f4xx_tim.o
      1108         34          0          0          0       7972   stm32f4xx_usart.o
       528         46          0         20          0       1911   system_stm32f4xx.o
      4320        228        125         54          0       7089   touch.o
       332         18          0          6        200       3582   usart.o
      3124       1286         40         28          0       4554   usmart.o
         0          0        759        388          0       1684   usmart_config.o
      1320         12          0          0          0       5429   usmart_str.o

    ----------------------------------------------------------------------
     43720       2314       7684        528       1752     419114   Object Totals
         0          0         32          0          0          0   (incl. Generated)
         6          0          4          4          2          0   (incl. Padding)

    ----------------------------------------------------------------------

      Code (inc. data)   RO Data    RW Data    ZI Data      Debug   Library Member Name

        90          0          0          0          0          0   __dczerorl2.o
         8          0          0          0          0         68   __main.o
       392          4         17          0          0         92   __printf_flags_ss_wp.o
        14          0          0          0          0         68   __printf_wp.o
         0          0          0          0          0          0   __rtentry.o
        12          0          0          0          0          0   __rtentry2.o
         6          0          0          0          0          0   __rtentry4.o
        52          8          0          0          0          0   __scatter.o
        28          0          0          0          0          0   __scatter_zi.o
         6          0          0          0          0          0   _printf_c.o
        44          0          0          0          0        108   _printf_char.o
        48          6          0          0          0         96   _printf_char_common.o
        36          4          0          0          0         80   _printf_char_file.o
         6          0          0          0          0          0   _printf_d.o
       120         16          0          0          0         92   _printf_dec.o
        88          4         40          0          0         88   _printf_hex_int.o
       178          0          0          0          0         88   _printf_intcommon.o
        78          0          0          0          0        108   _printf_pad.o
         0          0          0          0          0          0   _printf_percent.o
         4          0          0          0          0          0   _printf_percent_end.o
         6          0          0          0          0          0   _printf_s.o
        82          0          0          0          0         80   _printf_str.o
         6          0          0          0          0          0   _printf_u.o
         6          0          0          0          0          0   _printf_x.o
        22          0          0          0          0        100   _rserrno.o
        18          0          0          0          0         80   exit.o
         8          0          0          0          0         68   ferror.o
         6          0          0          0          0        152   heapauxi.o
         2          0          0          0          0          0   libinit.o
         6          0          0          0          0          0   libinit2.o
         2          0          0          0          0          0   libshutdown.o
         2          0          0          0          0          0   libshutdown2.o
         8          4          0          0         96         68   libspace.o
        24          4          0          0          0         84   noretval__2printf.o
         8          4          0          0          0         68   rt_errno_addr_intlibspace.o
         2          0          0          0          0          0   rtexit.o
        10          0          0          0          0          0   rtexit2.o
       128          0          0          0          0         68   strcmpv7m.o
        74          0          0          0          0         80   sys_stackheap_outer.o
         2          0          0          0          0         68   use_no_semi.o
         2          0          0          0          0         68   use_no_semi_2.o
       826         16          0          0          0        492   daddsub_clz.o
        24          0          0          0          0        116   dcmpi.o
        90          4          0          0          0        140   dfixu.o
        84          0          0          0          0        232   dflt_clz.o
       120          4          0          0          0        140   dleqf.o
       340         12          0          0          0        152   dmul.o
       156          4          0          0          0        140   dnaninf.o
        12          0          0          0          0        116   dretinf.o
       108          0          0          0          0        128   drleqf.o
       408         56          0          0          0        168   dsqrt_umaal.o
        86          4          0          0          0        132   f2d.o
       140          4          0          0          0        132   fnaninf.o
        10          0          0          0          0        116   fpinit.o
         0          0          0          0          0          0   usenofp.o
       122          0          0          0          0        148   sqrt.o

    ----------------------------------------------------------------------
      4168        158         60          0         96       4224   Library Totals
         8          0          3          0          0          0   (incl. Padding)

    ----------------------------------------------------------------------

      Code (inc. data)   RO Data    RW Data    ZI Data      Debug   Library Name

      1634         54         57          0         96       1872   c_w.l
      2404        104          0          0          0       2204   fz_wm.l
       122          0          0          0          0        148   m_wm.l

    ----------------------------------------------------------------------
      4168        158         60          0         96       4224   Library Totals

    ----------------------------------------------------------------------

==============================================================================


      Code (inc. data)   RO Data    RW Data    ZI Data      Debug   

     47888       2472       7744        528       1848     416402   Grand Totals
     47888       2472       7744        208       1848     416402   ELF Image Totals (compressed)
     47888       2472       7744        208          0          0   ROM Totals

==============================================================================

    Total RO  Size (Code + RO Data)                55632 (  54.33kB)
    Total RW  Size (RW Data + ZI Data)              2376 (   2.32kB)
    Total ROM Size (Code + RO Data + RW Data)      55840 (  54.53kB)

==============================================================================

