<html>
<body>
<pre>
<h1>猩ision Build Log</h1>
<h2>Tool Versions:</h2>
IDE-Version: μVision V5.43.1.0
Copyright (C) 2025 ARM Ltd and ARM Germany GmbH. All rights reserved.
License Information: 1 1, 1, LIC=50D7S-LMV8L-HRVXN-YIC0B-52IWC-YGLJE
 
Tool Versions:
Toolchain:       MDK-ARM Professional  Version: 5.43.0.0
Toolchain Path:  C:\Users\Leisurely_Hermit\AppData\Local\Keil_v5\ARM\ARMCompiler506u7\Bin
C Compiler:      Armcc.exe V5.06 update 7 for Certification (build 960)
Assembler:       Armasm.exe V5.06 update 7 for Certification (build 960)
Linker/Locator:  ArmLink.exe V5.06 update 7 for Certification (build 960)
Library Manager: ArmAr.exe V5.06 update 7 for Certification (build 960)
Hex Converter:   FromElf.exe V5.06 update 7 for Certification (build 960)
CPU DLL:         SARMCM3.DLL V5.43.0.0
Dialog DLL:      DCM.DLL V1.17.5.0
Target DLL:      STLink\ST-LINKIII-KEIL_SWO.dll V3.3.1.0
Dialog DLL:      TCM.DLL V1.56.6.0
 
<h2>Project:</h2>
C:\Users\Leisurely_Hermit\Desktop\For_you\軟硬體協同設計\HW4\USER\TOUCH.uvprojx
Project File Date:  03/27/2026

<h2>Output:</h2>
*** Using Compiler 'V5.06 update 7 for Certification (build 960)', folder: 'C:\Users\Leisurely_Hermit\AppData\Local\Keil_v5\ARM\ARMCompiler506u7\Bin'
Rebuild target 'TOUCH'
compiling led.c...
compiling main.c...
compiling key.c...
compiling sys.c...
compiling stm32f4xx_it.c...
compiling ctiic.c...
compiling 24cxx.c...
compiling ott2001a.c...
compiling delay.c...
compiling myiic.c...
compiling ft5206.c...
compiling gt9147.c...
compiling system_stm32f4xx.c...
compiling touch.c...
assembling startup_stm32f40_41xxx.s...
compiling lcd.c...
compiling misc.c...
compiling stm32f4xx_gpio.c...
compiling usart.c...
compiling stm32f4xx_syscfg.c...
compiling stm32f4xx_fsmc.c...
compiling stm32f4xx_usart.c...
compiling usmart_config.c...
compiling usmart_str.c...
compiling usmart.c...
compiling stm32f4xx_rcc.c...
compiling stm32f4xx_tim.c...
linking...
Program Size: Code=47888 RO-data=7744 RW-data=528 ZI-data=1848  
FromELF: creating hex file...
"..\OBJ\TOUCH.axf" - 0 Error(s), 0 Warning(s).

<h2>Software Packages used:</h2>

Package Vendor: Keil
                https://www.keil.com/pack/Keil.STM32F4xx_DFP.3.1.1.pack
                Keil::STM32F4xx_DFP@3.1.1
                STMicroelectronics STM32F4 Series Device Support

<h2>Collection of Component include folders:</h2>

<h2>Collection of Component Files used:</h2>
Build Time Elapsed:  00:00:02
</pre>
</body>
</html>
