<html>
<body>
<pre>
<h1>µVision Build Log</h1>
<h2>Tool Versions:</h2>
IDE-Version: £gVision V5.42.0.0
Copyright (C) 2025 ARM Ltd and ARM Germany GmbH. All rights reserved.
License Information: Ian Lin, NTOU, LIC=GE7DL-06Z4Z-17JRR-KH2G3-EEBBF-L6HI5
 
Tool Versions:
Toolchain:       MDK-ARM Professional  Version: 5.42.0.0
Toolchain Path:  C:\Users\Magician\AppData\Local\Keil_v5\ARM\ARMCOMPILER506\Bin
C Compiler:      Armcc.exe V5.06 update 7 for Certification (build 960)
Assembler:       Armasm.exe V5.06 update 7 for Certification (build 960)
Linker/Locator:  ArmLink.exe V5.06 update 7 for Certification (build 960)
Library Manager: ArmAr.exe V5.06 update 7 for Certification (build 960)
Hex Converter:   FromElf.exe V5.06 update 7 for Certification (build 960)
CPU DLL:         SARMCM3.DLL V5.42.0.0
Dialog DLL:      DCM.DLL V1.17.5.0
Target DLL:      STLink\ST-LINKIII-KEIL_SWO.dll V3.3.0.0
Dialog DLL:      TCM.DLL V1.56.6.0
 
<h2>Project:</h2>
C:\Users\Magician\Desktop\©Ó¬ý¤p§@·~\stm32\HW1\hw1\USER\EXTI.uvprojx
Project File Date:  03/12/2026

<h2>Output:</h2>
*** Using Compiler 'V5.06 update 7 for Certification (build 960)', folder: 'C:\Users\Magician\AppData\Local\Keil_v5\ARM\ARMCOMPILER506\Bin'
Rebuild target 'EXTI'
assembling startup_stm32f40_41xxx.s...
compiling key.c...
compiling beep.c...
compiling led.c...
compiling usart.c...
compiling main.c...
compiling sys.c...
compiling stm32f4xx_syscfg.c...
compiling stm32f4xx_exti.c...
compiling delay.c...
compiling exti.c...
compiling stm32f4xx_gpio.c...
compiling misc.c...
compiling stm32f4xx_usart.c...
compiling system_stm32f4xx.c...
compiling stm32f4xx_it.c...
compiling stm32f4xx_rcc.c...
linking...
Program Size: Code=6804 RO-data=424 RW-data=56 ZI-data=1832  
FromELF: creating hex file...
"..\OBJ\EXTI.axf" - 0 Error(s), 0 Warning(s).

<h2>Software Packages used:</h2>

Package Vendor: Keil
                https://www.keil.com/pack/Keil.STM32F4xx_DFP.3.0.0.pack
                Keil::STM32F4xx_DFP@3.0.0
                STMicroelectronics STM32F4 Series Device Support

<h2>Collection of Component include folders:</h2>

<h2>Collection of Component Files used:</h2>
Build Time Elapsed:  00:00:00
</pre>
</body>
</html>
